#
# There is insufficient memory for the Java Runtime Environment to continue.
# Native memory allocation (malloc) failed to allocate 1048576 bytes. Error detail: AllocateHeap
# Possible reasons:
#   The system is out of physical RAM or swap space
#   This process is running with CompressedOops enabled, and the Java Heap may be blocking the growth of the native heap
# Possible solutions:
#   Reduce memory load on the system
#   Increase physical memory or swap space
#   Check if swap backing store is full
#   Decrease Java heap size (-Xmx/-Xms)
#   Decrease number of Java threads
#   Decrease Java thread stack sizes (-Xss)
#   Set larger code cache with -XX:ReservedCodeCacheSize=
#   JVM is running with Unscaled Compressed Oops mode in which the Java heap is
#     placed in the first 4GB address space. The Java Heap base address is the
#     maximum limit for the native heap growth. Please use -XX:HeapBaseMinAddress
#     to set the Java Heap base and to place the Java Heap above 4GB virtual address.
# This output file may be truncated or incomplete.
#
#  Out of Memory Error (allocation.cpp:44), pid=18484, tid=8076
#
# JRE version: OpenJDK Runtime Environment Temurin-21.0.11+10 (21.0.11+10) (build 21.0.11+10-LTS)
# Java VM: OpenJDK 64-Bit Server VM Temurin-21.0.11+10 (21.0.11+10-LTS, mixed mode, sharing, tiered, compressed oops, compressed class ptrs, parallel gc, windows-amd64)
# No core dump will be written. Minidumps are not enabled by default on client versions of Windows
#

---------------  S U M M A R Y ------------

Command Line: --add-modules=ALL-SYSTEM --add-opens=java.base/java.util=ALL-UNNAMED --add-opens=java.base/java.lang=ALL-UNNAMED --add-opens=java.base/sun.nio.fs=ALL-UNNAMED -Declipse.application=org.eclipse.jdt.ls.core.id1 -Dosgi.bundles.defaultStartLevel=4 -Declipse.product=org.eclipse.jdt.ls.core.product -Djava.import.generatesMetadataFilesAtProjectRoot=false -DDetectVMInstallationsJob.disabled=true -Dfile.encoding=utf8 -XX:+UseParallelGC -XX:GCTimeRatio=4 -XX:AdaptiveSizePolicyWeight=90 -Dsun.zip.disableMemoryMapping=true -Xmx2G -Xms100m -Xlog:disable -javaagent:c:\Users\Lenovo\.vscode\extensions\redhat.java-1.55.0-win32-x64\lombok\lombok-1.18.39-4050.jar -XX:+HeapDumpOnOutOfMemoryError -XX:HeapDumpPath=c:\Users\Lenovo\AppData\Roaming\Code\User\workspaceStorage\eb1923ee63e7e26d040958249cb321ab\redhat.java -Daether.dependencyCollector.impl=bf c:\Users\Lenovo\.vscode\extensions\redhat.java-1.55.0-win32-x64\server\plugins\org.eclipse.equinox.launcher_1.7.200.v20260619-2039.jar -configuration c:\Users\Lenovo\AppData\Roaming\Code\User\globalStorage\redhat.java\1.55.0\config_win -data c:\Users\Lenovo\AppData\Roaming\Code\User\workspaceStorage\eb1923ee63e7e26d040958249cb321ab\redhat.java\jdt_ws --pipe=\\.\pipe\lsp-fe1edca8a3d3a01999b33824a9e76bec-sock

Host: AMD Ryzen 5 5500U with Radeon Graphics         , 12 cores, 14G,  Windows 11 , 64 bit Build 26100 (10.0.26100.8875)
Time: Sun Jul 26 16:23:53 2026 elapsed time: 4988.288100 seconds (0d 1h 23m 8s)

---------------  T H R E A D  ---------------

Current thread (0x000001b4f0442fe0):  JavaThread "Attach Listener" daemon [_thread_in_vm, id=8076, stack(0x00000017da700000,0x00000017da800000) (1024K)]

Stack: [0x00000017da700000,0x00000017da800000]
Native frames: (J=compiled Java code, j=interpreted, Vv=VM code, C=native code)
V  [jvm.dll+0x6d7e19]
V  [jvm.dll+0x8b5096]
V  [jvm.dll+0x8b764e]
V  [jvm.dll+0x8b7d33]
V  [jvm.dll+0x284596]
V  [jvm.dll+0xc13c7]
V  [jvm.dll+0x6d86c9]
V  [jvm.dll+0x133616]
V  [jvm.dll+0x3f868e]
V  [jvm.dll+0x85fb0d]
V  [jvm.dll+0x6d664d]
C  [ucrtbase.dll+0x2cd30]
C  [KERNEL32.DLL+0x2e957]
C  [ntdll.dll+0xaad6c]


---------------  P R O C E S S  ---------------

Threads class SMR info:
_java_thread_list=0x000001b4f8f2b0d0, length=55, elements={
0x000001b49761eb30, 0x000001b4ef1f5d90, 0x000001b4ef1f93d0, 0x000001b4f0441fd0,
0x000001b4f0442fe0, 0x000001b4f0449330, 0x000001b4f0448350, 0x000001b4f0464040,
0x000001b4f04881c0, 0x000001b4f06e94c0, 0x000001b4f0797bc0, 0x000001b4f63a9390,
0x000001b4f1a57e30, 0x000001b4f622f490, 0x000001b4f6464f70, 0x000001b4f637f7f0,
0x000001b4f66ca1b0, 0x000001b4f6829780, 0x000001b4f6a4b5f0, 0x000001b4f6a4a240,
0x000001b4f6a4c310, 0x000001b4f6a4c9a0, 0x000001b4f8e469a0, 0x000001b4f8e46310,
0x000001b4f8e47030, 0x000001b4f8e44240, 0x000001b4f8e448d0, 0x000001b4f8e44f60,
0x000001b4f8e43bb0, 0x000001b4f8e45c80, 0x000001b4f8e455f0, 0x000001b4f8e4ab40,
0x000001b4f8e49790, 0x000001b4f8e48a70, 0x000001b4f8e49e20, 0x000001b4f8e4a4b0,
0x000001b4f8e47d50, 0x000001b4f16565f0, 0x000001b4f805de00, 0x000001b4f805b6a0,
0x000001b4f805ca50, 0x000001b4f1652450, 0x000001b4f1652ae0, 0x000001b4f1653170,
0x000001b4f1719d70, 0x000001b4f1650a10, 0x000001b4f1653800, 0x000001b4f1651730,
0x000001b4f1653e90, 0x000001b4f16510a0, 0x000001b4f16579a0, 0x000001b4f1655f60,
0x000001b4f1658030, 0x000001b4f1656c80, 0x000001b4f16558d0
}

Java Threads: ( => current thread )
  0x000001b49761eb30 JavaThread "main"                              [_thread_blocked, id=22140, stack(0x00000017da000000,0x00000017da100000) (1024K)]
  0x000001b4ef1f5d90 JavaThread "Reference Handler"          daemon [_thread_blocked, id=23520, stack(0x00000017da400000,0x00000017da500000) (1024K)]
  0x000001b4ef1f93d0 JavaThread "Finalizer"                  daemon [_thread_blocked, id=19200, stack(0x00000017da500000,0x00000017da600000) (1024K)]
  0x000001b4f0441fd0 JavaThread "Signal Dispatcher"          daemon [_thread_blocked, id=22432, stack(0x00000017da600000,0x00000017da700000) (1024K)]
=>0x000001b4f0442fe0 JavaThread "Attach Listener"            daemon [_thread_in_vm, id=8076, stack(0x00000017da700000,0x00000017da800000) (1024K)]
  0x000001b4f0449330 JavaThread "Service Thread"             daemon [_thread_blocked, id=4908, stack(0x00000017da800000,0x00000017da900000) (1024K)]
  0x000001b4f0448350 JavaThread "Monitor Deflation Thread"   daemon [_thread_blocked, id=3296, stack(0x00000017da900000,0x00000017daa00000) (1024K)]
  0x000001b4f0464040 JavaThread "C2 CompilerThread0"         daemon [_thread_blocked, id=5112, stack(0x00000017daa00000,0x00000017dab00000) (1024K)]
  0x000001b4f04881c0 JavaThread "C1 CompilerThread0"         daemon [_thread_blocked, id=18508, stack(0x00000017dab00000,0x00000017dac00000) (1024K)]
  0x000001b4f06e94c0 JavaThread "Common-Cleaner"             daemon [_thread_blocked, id=19436, stack(0x00000017dac00000,0x00000017dad00000) (1024K)]
  0x000001b4f0797bc0 JavaThread "Notification Thread"        daemon [_thread_blocked, id=3060, stack(0x00000017dae00000,0x00000017daf00000) (1024K)]
  0x000001b4f63a9390 JavaThread "Active Thread: Equinox Container: ab24a8fb-b38e-455a-b7bc-54d40c6b183b"        [_thread_blocked, id=15544, stack(0x00000017db600000,0x00000017db700000) (1024K)]
  0x000001b4f1a57e30 JavaThread "Refresh Thread: Equinox Container: ab24a8fb-b38e-455a-b7bc-54d40c6b183b" daemon [_thread_blocked, id=2348, stack(0x00000017db700000,0x00000017db800000) (1024K)]
  0x000001b4f622f490 JavaThread "Framework Event Dispatcher: Equinox Container: ab24a8fb-b38e-455a-b7bc-54d40c6b183b" daemon [_thread_blocked, id=24024, stack(0x00000017db800000,0x00000017db900000) (1024K)]
  0x000001b4f6464f70 JavaThread "Start Level: Equinox Container: ab24a8fb-b38e-455a-b7bc-54d40c6b183b" daemon [_thread_blocked, id=21924, stack(0x00000017db900000,0x00000017dba00000) (1024K)]
  0x000001b4f637f7f0 JavaThread "Bundle File Closer"         daemon [_thread_blocked, id=24020, stack(0x00000017dbc00000,0x00000017dbd00000) (1024K)]
  0x000001b4f66ca1b0 JavaThread "SCR Component Actor"        daemon [_thread_blocked, id=7912, stack(0x00000017dad00000,0x00000017dae00000) (1024K)]
  0x000001b4f6829780 JavaThread "Worker-JM"                         [_thread_blocked, id=14116, stack(0x00000017dbf00000,0x00000017dc000000) (1024K)]
  0x000001b4f6a4b5f0 JavaThread "JNA Cleaner"                daemon [_thread_blocked, id=24296, stack(0x00000017dbe00000,0x00000017dbf00000) (1024K)]
  0x000001b4f6a4a240 JavaThread "Java indexing"              daemon [_thread_blocked, id=5300, stack(0x00000017dc400000,0x00000017dc500000) (1024K)]
  0x000001b4f6a4c310 JavaThread "Worker-3"                          [_thread_blocked, id=14416, stack(0x00000017dc800000,0x00000017dc900000) (1024K)]
  0x000001b4f6a4c9a0 JavaThread "Thread-1"                   daemon [_thread_in_native, id=18412, stack(0x00000017dca00000,0x00000017dcb00000) (1024K)]
  0x000001b4f8e469a0 JavaThread "Thread-2"                   daemon [_thread_in_native, id=23220, stack(0x00000017dcb00000,0x00000017dcc00000) (1024K)]
  0x000001b4f8e46310 JavaThread "Thread-3"                   daemon [_thread_in_native, id=14108, stack(0x00000017dcc00000,0x00000017dcd00000) (1024K)]
  0x000001b4f8e47030 JavaThread "Thread-4"                   daemon [_thread_in_native, id=22964, stack(0x00000017dcd00000,0x00000017dce00000) (1024K)]
  0x000001b4f8e44240 JavaThread "Thread-5"                   daemon [_thread_in_native, id=12896, stack(0x00000017dce00000,0x00000017dcf00000) (1024K)]
  0x000001b4f8e448d0 JavaThread "Thread-6"                   daemon [_thread_in_native, id=17864, stack(0x00000017dcf00000,0x00000017dd000000) (1024K)]
  0x000001b4f8e44f60 JavaThread "Thread-7"                   daemon [_thread_in_native, id=18504, stack(0x00000017dd000000,0x00000017dd100000) (1024K)]
  0x000001b4f8e43bb0 JavaThread "Thread-8"                   daemon [_thread_in_native, id=18100, stack(0x00000017dd100000,0x00000017dd200000) (1024K)]
  0x000001b4f8e45c80 JavaThread "Thread-9"                   daemon [_thread_in_native, id=14028, stack(0x00000017dd200000,0x00000017dd300000) (1024K)]
  0x000001b4f8e455f0 JavaThread "Thread-10"                  daemon [_thread_in_native, id=22972, stack(0x00000017dd300000,0x00000017dd400000) (1024K)]
  0x000001b4f8e4ab40 JavaThread "Thread-11"                  daemon [_thread_in_native, id=22108, stack(0x00000017dd400000,0x00000017dd500000) (1024K)]
  0x000001b4f8e49790 JavaThread "Thread-12"                  daemon [_thread_in_native, id=5976, stack(0x00000017dd500000,0x00000017dd600000) (1024K)]
  0x000001b4f8e48a70 JavaThread "Thread-13"                  daemon [_thread_in_native, id=13184, stack(0x00000017dd600000,0x00000017dd700000) (1024K)]
  0x000001b4f8e49e20 JavaThread "pool-2-thread-1"                   [_thread_blocked, id=10336, stack(0x00000017dd700000,0x00000017dd800000) (1024K)]
  0x000001b4f8e4a4b0 JavaThread "WorkspaceEventsHandler"            [_thread_blocked, id=21328, stack(0x00000017dd800000,0x00000017dd900000) (1024K)]
  0x000001b4f8e47d50 JavaThread "pool-1-thread-1"                   [_thread_blocked, id=24380, stack(0x00000017dd900000,0x00000017dda00000) (1024K)]
  0x000001b4f16565f0 JavaThread "PatternSearchJob-worker-7"  daemon [_thread_blocked, id=8068, stack(0x00000017deb00000,0x00000017dec00000) (1024K)]
  0x000001b4f805de00 JavaThread "PatternSearchJob-worker-8"  daemon [_thread_blocked, id=24412, stack(0x00000017dec00000,0x00000017ded00000) (1024K)]
  0x000001b4f805b6a0 JavaThread "PatternSearchJob-worker-9"  daemon [_thread_blocked, id=7364, stack(0x00000017ded00000,0x00000017dee00000) (1024K)]
  0x000001b4f805ca50 JavaThread "Cleaner-0"                  daemon [_thread_blocked, id=16772, stack(0x00000017df000000,0x00000017df100000) (1024K)]
  0x000001b4f1652450 JavaThread "Java Debug Server"          daemon [_thread_in_native, id=18584, stack(0x00000017de000000,0x00000017de100000) (1024K)]
  0x000001b4f1652ae0 JavaThread "RxSchedulerPurge-1"         daemon [_thread_blocked, id=22660, stack(0x00000017de200000,0x00000017de300000) (1024K)]
  0x000001b4f1653170 JavaThread "RxCachedWorkerPoolEvictor-1" daemon [_thread_blocked, id=3084, stack(0x00000017de300000,0x00000017de400000) (1024K)]
  0x000001b4f1719d70 JavaThread "Worker-12"                         [_thread_blocked, id=5868, stack(0x00000017d9d00000,0x00000017d9e00000) (1024K)]
  0x000001b4f1650a10 JavaThread "ForkJoinPool.commonPool-worker-21" daemon [_thread_blocked, id=1936, stack(0x00000017d9e00000,0x00000017d9f00000) (1024K)]
  0x000001b4f1653800 JavaThread "ForkJoinPool.commonPool-worker-22" daemon [_thread_blocked, id=17640, stack(0x00000017d9f00000,0x00000017da000000) (1024K)]
  0x000001b4f1651730 JavaThread "ForkJoinPool.commonPool-worker-23" daemon [_thread_blocked, id=24000, stack(0x00000017dbd00000,0x00000017dbe00000) (1024K)]
  0x000001b4f1653e90 JavaThread "Worker-13"                         [_thread_blocked, id=7620, stack(0x00000017dc000000,0x00000017dc100000) (1024K)]
  0x000001b4f16510a0 JavaThread "Compiler Source File Reader" daemon [_thread_blocked, id=15632, stack(0x00000017dc100000,0x00000017dc200000) (1024K)]
  0x000001b4f16579a0 JavaThread "Compiler Processing Task"   daemon [_thread_blocked, id=16008, stack(0x00000017dc200000,0x00000017dc300000) (1024K)]
  0x000001b4f1655f60 JavaThread "Compiler Source File Reader" daemon [_thread_blocked, id=7848, stack(0x00000017dc300000,0x00000017dc400000) (1024K)]
  0x000001b4f1658030 JavaThread "Worker-14"                         [_thread_blocked, id=21252, stack(0x00000017dc500000,0x00000017dc600000) (1024K)]
  0x000001b4f1656c80 JavaThread "ForkJoinPool.commonPool-worker-24" daemon [_thread_blocked, id=14676, stack(0x00000017dc600000,0x00000017dc700000) (1024K)]
  0x000001b4f16558d0 JavaThread "Worker-15"                         [_thread_blocked, id=21868, stack(0x00000017dc700000,0x00000017dc800000) (1024K)]
Total: 55

Other Threads:
  0x000001b4ef1e4b60 VMThread "VM Thread"                           [id=14932, stack(0x00000017da300000,0x00000017da400000) (1024K)]
  0x000001b4ef0dba00 WatcherThread "VM Periodic Task Thread"        [id=10384, stack(0x00000017da200000,0x00000017da300000) (1024K)]
  0x000001b497634610 WorkerThread "GC Thread#0"                     [id=16500, stack(0x00000017da100000,0x00000017da200000) (1024K)]
  0x000001b4f17be410 WorkerThread "GC Thread#1"                     [id=7520, stack(0x00000017db000000,0x00000017db100000) (1024K)]
  0x000001b4f080a580 WorkerThread "GC Thread#2"                     [id=7324, stack(0x00000017db100000,0x00000017db200000) (1024K)]
  0x000001b4f080a930 WorkerThread "GC Thread#3"                     [id=1076, stack(0x00000017db200000,0x00000017db300000) (1024K)]
  0x000001b4f080ace0 WorkerThread "GC Thread#4"                     [id=10676, stack(0x00000017db300000,0x00000017db400000) (1024K)]
  0x000001b4f080b090 WorkerThread "GC Thread#5"                     [id=23360, stack(0x00000017db400000,0x00000017db500000) (1024K)]
  0x000001b4f080b440 WorkerThread "GC Thread#6"                     [id=11524, stack(0x00000017db500000,0x00000017db600000) (1024K)]
  0x000001b4f17e77b0 WorkerThread "GC Thread#7"                     [id=2076, stack(0x00000017daf00000,0x00000017db000000) (1024K)]
  0x000001b4f666ccf0 WorkerThread "GC Thread#8"                     [id=1840, stack(0x00000017dba00000,0x00000017dbb00000) (1024K)]
  0x000001b4f6174a40 WorkerThread "GC Thread#9"                     [id=15864, stack(0x00000017dbb00000,0x00000017dbc00000) (1024K)]
Total: 12

Threads with active compile tasks:
Total: 0

VM state: not at safepoint (normal execution)

VM Mutex/Monitor currently owned by a thread: None

Heap address: 0x0000000080000000, size: 2048 MB, Compressed Oops mode: 32-bit

CDS archive(s) mapped at: [0x000001b4ae000000-0x000001b4aeba0000-0x000001b4aeba0000), size 12189696, SharedBaseAddress: 0x000001b4ae000000, ArchiveRelocationMode: 1.
Compressed class space mapped at: 0x000001b4af000000-0x000001b4ef000000, reserved size: 1073741824
Narrow klass base: 0x000001b4ae000000, Narrow klass shift: 0, Narrow klass range: 0x100000000

GC Precious Log:
 CardTable entry size: 512
 CPUs: 12 total, 12 available
 Memory: 15178M
 Large Page Support: Disabled
 NUMA Support: Disabled
 Compressed Oops: Enabled (32-bit)
 Alignments: Space 512K, Generation 512K, Heap 2M
 Heap Min Capacity: 100M
 Heap Initial Capacity: 100M
 Heap Max Capacity: 2G
 Pre-touch: Disabled
 Parallel Workers: 10

Heap:
 PSYoungGen      total 5632K, used 2800K [0x00000000d5580000, 0x00000000d5c00000, 0x0000000100000000)
  eden space 5120K, 45% used [0x00000000d5580000,0x00000000d57cc250,0x00000000d5a80000)
  from space 512K, 87% used [0x00000000d5b00000,0x00000000d5b70000,0x00000000d5b80000)
  to   space 512K, 0% used [0x00000000d5b80000,0x00000000d5b80000,0x00000000d5c00000)
 ParOldGen       total 533504K, used 533187K [0x0000000080000000, 0x00000000a0900000, 0x00000000d5580000)
  object space 533504K, 99% used [0x0000000080000000,0x00000000a08b0e20,0x00000000a0900000)
 Metaspace       used 103238K, committed 105088K, reserved 1179648K
  class space    used 10333K, committed 11328K, reserved 1048576K

Card table byte_map: [0x000001b496fa0000,0x000001b4973b0000] _byte_map_base: 0x000001b496ba0000

Marking Bits: (ParMarkBitMap*) 0x00007ffdb8554460
 Begin Bits: [0x000001b4a9ab0000, 0x000001b4abab0000)
 End Bits:   [0x000001b4abab0000, 0x000001b4adab0000)

Polling page: 0x000001b495470000

Metaspace:

Usage:
  Non-class:     90.73 MB used.
      Class:     10.09 MB used.
       Both:    100.82 MB used.

Virtual space:
  Non-class space:      128.00 MB reserved,      91.56 MB ( 72%) committed,  2 nodes.
      Class space:        1.00 GB reserved,      11.06 MB (  1%) committed,  1 nodes.
             Both:        1.12 GB reserved,     102.62 MB (  9%) committed. 

Chunk freelists:
   Non-Class:  4.08 MB
       Class:  4.99 MB
        Both:  9.08 MB

MaxMetaspaceSize: unlimited
CompressedClassSpaceSize: 1.00 GB
Initial GC threshold: 21.00 MB
Current GC threshold: 170.75 MB
CDS: on
 - commit_granule_bytes: 65536.
 - commit_granule_words: 8192.
 - virtual_space_node_default_size: 8388608.
 - enlarge_chunks_in_place: 1.
 - use_allocation_guard: 0.


Internal statistics:

num_allocs_failed_limit: 11.
num_arena_births: 2130.
num_arena_deaths: 386.
num_vsnodes_births: 3.
num_vsnodes_deaths: 0.
num_space_committed: 1642.
num_space_uncommitted: 0.
num_chunks_returned_to_freelist: 457.
num_chunks_taken_from_freelist: 7670.
num_chunk_merges: 121.
num_chunk_splits: 4372.
num_chunks_enlarged: 2195.
num_inconsistent_stats: 0.

CodeHeap 'non-profiled nmethods': size=120000Kb used=23632Kb max_used=23632Kb free=96367Kb
 bounds [0x000001b4a22d0000, 0x000001b4a39f0000, 0x000001b4a9800000]
CodeHeap 'profiled nmethods': size=120000Kb used=31907Kb max_used=42320Kb free=88093Kb
 bounds [0x000001b49a800000, 0x000001b49d160000, 0x000001b4a1d30000]
CodeHeap 'non-nmethods': size=5760Kb used=1549Kb max_used=1622Kb free=4210Kb
 bounds [0x000001b4a1d30000, 0x000001b4a1fa0000, 0x000001b4a22d0000]
CodeCache: size=245760Kb, used=57088Kb, max_used=67574Kb, free=188670Kb
 total_blobs=15083, nmethods=14213, adapters=769, full_count=0
Compilation: enabled, stopped_count=0, restarted_count=0

Compilation events (20 events):
Event: 4982.125 Thread 0x000001b4f04881c0 33759       3       org.eclipse.jdt.internal.core.dom.rewrite.ASTRewriteFormatter$ExtendedFlattener::postVisit (57 bytes)
Event: 4982.125 Thread 0x000001b4f04881c0 nmethod 33759 0x000001b49ac70a10 code [0x000001b49ac70c40, 0x000001b49ac71360]
Event: 4982.127 Thread 0x000001b4f04881c0 33760       3       org.eclipse.jdt.core.dom.MethodInvocation::internalGetChildListProperty (30 bytes)
Event: 4982.128 Thread 0x000001b4f04881c0 nmethod 33760 0x000001b49ac6ff90 code [0x000001b49ac701c0, 0x000001b49ac707e8]
Event: 4982.128 Thread 0x000001b4f04881c0 33761       3       org.eclipse.jdt.core.dom.MethodInvocation::internalGetSetChildProperty (60 bytes)
Event: 4982.128 Thread 0x000001b4f04881c0 nmethod 33761 0x000001b49ac6f510 code [0x000001b49ac6f740, 0x000001b49ac6fdc0]
Event: 4982.142 Thread 0x000001b4f04881c0 33762       3       org.eclipse.jdt.internal.core.dom.rewrite.ASTRewriteAnalyzer::getIndentOfLine (78 bytes)
Event: 4982.142 Thread 0x000001b4f0464040 33763       4       org.eclipse.text.edits.MultiTextEdit::getOffset (46 bytes)
Event: 4982.143 Thread 0x000001b4f04881c0 nmethod 33762 0x000001b49b754e10 code [0x000001b49b755080, 0x000001b49b755ab0]
Event: 4982.143 Thread 0x000001b4f04881c0 33764       3       org.eclipse.jdt.ls.core.internal.text.correction.SourceAssistProcessor$$Lambda/0x000001b4af858660::test (12 bytes)
Event: 4982.144 Thread 0x000001b4f04881c0 nmethod 33764 0x000001b49b754710 code [0x000001b49b7548e0, 0x000001b49b754cd0]
Event: 4982.144 Thread 0x000001b4f04881c0 33765       3       org.eclipse.jdt.ls.core.internal.text.correction.SourceAssistProcessor::lambda$3 (33 bytes)
Event: 4982.144 Thread 0x000001b4f04881c0 nmethod 33765 0x000001b49ac6f010 code [0x000001b49ac6f1c0, 0x000001b49ac6f440]
Event: 4982.144 Thread 0x000001b4f0464040 nmethod 33763 0x000001b4a39e3b90 code [0x000001b4a39e3d40, 0x000001b4a39e3f20]
Event: 4984.456 Thread 0x000001b4f04881c0 33766       3       java.lang.invoke.LambdaForm$MH/0x000001b4afa79400::invoke (63 bytes)
Event: 4984.457 Thread 0x000001b4f04881c0 nmethod 33766 0x000001b49b752c10 code [0x000001b49b752f00, 0x000001b49b754130]
Event: 4984.458 Thread 0x000001b4f04881c0 33767       3       java.lang.invoke.LambdaForm$MH/0x000001b4afa79800::invoke (63 bytes)
Event: 4984.458 Thread 0x000001b4f04881c0 nmethod 33767 0x000001b49b751110 code [0x000001b49b751400, 0x000001b49b752630]
Event: 4984.657 Thread 0x000001b4f04881c0 33768   !   3       org.eclipse.jdt.internal.core.OverflowingLRUCache::makeSpace (139 bytes)
Event: 4984.657 Thread 0x000001b4f04881c0 nmethod 33768 0x000001b49b750890 code [0x000001b49b750a80, 0x000001b49b750f58]

GC Heap History (20 events):
Event: 4979.264 GC heap before
{Heap before GC invocations=8881 (full 20):
 PSYoungGen      total 5632K, used 5472K [0x00000000d5580000, 0x00000000d5c00000, 0x0000000100000000)
  eden space 5120K, 100% used [0x00000000d5580000,0x00000000d5a80000,0x00000000d5a80000)
  from space 512K, 68% used [0x00000000d5b00000,0x00000000d5b58000,0x00000000d5b80000)
  to   space 512K, 0% used [0x00000000d5b80000,0x00000000d5b80000,0x00000000d5c00000)
 ParOldGen       total 531456K, used 531193K [0x0000000080000000, 0x00000000a0700000, 0x00000000d5580000)
  object space 531456K, 99% used [0x0000000080000000,0x00000000a06be580,0x00000000a0700000)
 Metaspace       used 103225K, committed 105088K, reserved 1179648K
  class space    used 10333K, committed 11328K, reserved 1048576K
}
Event: 4979.267 GC heap after
{Heap after GC invocations=8881 (full 20):
 PSYoungGen      total 5632K, used 320K [0x00000000d5580000, 0x00000000d5c00000, 0x0000000100000000)
  eden space 5120K, 0% used [0x00000000d5580000,0x00000000d5580000,0x00000000d5a80000)
  from space 512K, 62% used [0x00000000d5b80000,0x00000000d5bd0000,0x00000000d5c00000)
  to   space 512K, 0% used [0x00000000d5b00000,0x00000000d5b00000,0x00000000d5b80000)
 ParOldGen       total 531456K, used 531273K [0x0000000080000000, 0x00000000a0700000, 0x00000000d5580000)
  object space 531456K, 99% used [0x0000000080000000,0x00000000a06d2580,0x00000000a0700000)
 Metaspace       used 103225K, committed 105088K, reserved 1179648K
  class space    used 10333K, committed 11328K, reserved 1048576K
}
Event: 4980.616 GC heap before
{Heap before GC invocations=8882 (full 20):
 PSYoungGen      total 5632K, used 5440K [0x00000000d5580000, 0x00000000d5c00000, 0x0000000100000000)
  eden space 5120K, 100% used [0x00000000d5580000,0x00000000d5a80000,0x00000000d5a80000)
  from space 512K, 62% used [0x00000000d5b80000,0x00000000d5bd0000,0x00000000d5c00000)
  to   space 512K, 0% used [0x00000000d5b00000,0x00000000d5b00000,0x00000000d5b80000)
 ParOldGen       total 531456K, used 531273K [0x0000000080000000, 0x00000000a0700000, 0x00000000d5580000)
  object space 531456K, 99% used [0x0000000080000000,0x00000000a06d2580,0x00000000a0700000)
 Metaspace       used 103226K, committed 105088K, reserved 1179648K
  class space    used 10333K, committed 11328K, reserved 1048576K
}
Event: 4980.618 GC heap after
{Heap after GC invocations=8882 (full 20):
 PSYoungGen      total 5632K, used 288K [0x00000000d5580000, 0x00000000d5c00000, 0x0000000100000000)
  eden space 5120K, 0% used [0x00000000d5580000,0x00000000d5580000,0x00000000d5a80000)
  from space 512K, 56% used [0x00000000d5b00000,0x00000000d5b48000,0x00000000d5b80000)
  to   space 512K, 0% used [0x00000000d5b80000,0x00000000d5b80000,0x00000000d5c00000)
 ParOldGen       total 531456K, used 531345K [0x0000000080000000, 0x00000000a0700000, 0x00000000d5580000)
  object space 531456K, 99% used [0x0000000080000000,0x00000000a06e4580,0x00000000a0700000)
 Metaspace       used 103226K, committed 105088K, reserved 1179648K
  class space    used 10333K, committed 11328K, reserved 1048576K
}
Event: 4980.752 GC heap before
{Heap before GC invocations=8883 (full 20):
 PSYoungGen      total 5632K, used 5408K [0x00000000d5580000, 0x00000000d5c00000, 0x0000000100000000)
  eden space 5120K, 100% used [0x00000000d5580000,0x00000000d5a80000,0x00000000d5a80000)
  from space 512K, 56% used [0x00000000d5b00000,0x00000000d5b48000,0x00000000d5b80000)
  to   space 512K, 0% used [0x00000000d5b80000,0x00000000d5b80000,0x00000000d5c00000)
 ParOldGen       total 531456K, used 531345K [0x0000000080000000, 0x00000000a0700000, 0x00000000d5580000)
  object space 531456K, 99% used [0x0000000080000000,0x00000000a06e4580,0x00000000a0700000)
 Metaspace       used 103226K, committed 105088K, reserved 1179648K
  class space    used 10333K, committed 11328K, reserved 1048576K
}
Event: 4980.753 GC heap after
{Heap after GC invocations=8883 (full 20):
 PSYoungGen      total 5632K, used 512K [0x00000000d5580000, 0x00000000d5c80000, 0x0000000100000000)
  eden space 5120K, 0% used [0x00000000d5580000,0x00000000d5580000,0x00000000d5a80000)
  from space 512K, 100% used [0x00000000d5b80000,0x00000000d5c00000,0x00000000d5c00000)
  to   space 1024K, 0% used [0x00000000d5a80000,0x00000000d5a80000,0x00000000d5b80000)
 ParOldGen       total 531456K, used 531433K [0x0000000080000000, 0x00000000a0700000, 0x00000000d5580000)
  object space 531456K, 99% used [0x0000000080000000,0x00000000a06fa580,0x00000000a0700000)
 Metaspace       used 103226K, committed 105088K, reserved 1179648K
  class space    used 10333K, committed 11328K, reserved 1048576K
}
Event: 4981.366 GC heap before
{Heap before GC invocations=8884 (full 20):
 PSYoungGen      total 5632K, used 5632K [0x00000000d5580000, 0x00000000d5c80000, 0x0000000100000000)
  eden space 5120K, 100% used [0x00000000d5580000,0x00000000d5a80000,0x00000000d5a80000)
  from space 512K, 100% used [0x00000000d5b80000,0x00000000d5c00000,0x00000000d5c00000)
  to   space 1024K, 0% used [0x00000000d5a80000,0x00000000d5a80000,0x00000000d5b80000)
 ParOldGen       total 531456K, used 531433K [0x0000000080000000, 0x00000000a0700000, 0x00000000d5580000)
  object space 531456K, 99% used [0x0000000080000000,0x00000000a06fa580,0x00000000a0700000)
 Metaspace       used 103226K, committed 105088K, reserved 1179648K
  class space    used 10333K, committed 11328K, reserved 1048576K
}
Event: 4981.368 GC heap after
{Heap after GC invocations=8884 (full 20):
 PSYoungGen      total 6144K, used 448K [0x00000000d5580000, 0x00000000d5c00000, 0x0000000100000000)
  eden space 5120K, 0% used [0x00000000d5580000,0x00000000d5580000,0x00000000d5a80000)
  from space 1024K, 43% used [0x00000000d5a80000,0x00000000d5af0000,0x00000000d5b80000)
  to   space 512K, 0% used [0x00000000d5b80000,0x00000000d5b80000,0x00000000d5c00000)
 ParOldGen       total 531968K, used 531913K [0x0000000080000000, 0x00000000a0780000, 0x00000000d5580000)
  object space 531968K, 99% used [0x0000000080000000,0x00000000a0772580,0x00000000a0780000)
 Metaspace       used 103226K, committed 105088K, reserved 1179648K
  class space    used 10333K, committed 11328K, reserved 1048576K
}
Event: 4981.512 GC heap before
{Heap before GC invocations=8885 (full 20):
 PSYoungGen      total 6144K, used 5568K [0x00000000d5580000, 0x00000000d5c00000, 0x0000000100000000)
  eden space 5120K, 100% used [0x00000000d5580000,0x00000000d5a80000,0x00000000d5a80000)
  from space 1024K, 43% used [0x00000000d5a80000,0x00000000d5af0000,0x00000000d5b80000)
  to   space 512K, 0% used [0x00000000d5b80000,0x00000000d5b80000,0x00000000d5c00000)
 ParOldGen       total 531968K, used 531913K [0x0000000080000000, 0x00000000a0780000, 0x00000000d5580000)
  object space 531968K, 99% used [0x0000000080000000,0x00000000a0772580,0x00000000a0780000)
 Metaspace       used 103226K, committed 105088K, reserved 1179648K
  class space    used 10333K, committed 11328K, reserved 1048576K
}
Event: 4981.513 GC heap after
{Heap after GC invocations=8885 (full 20):
 PSYoungGen      total 5632K, used 256K [0x00000000d5580000, 0x00000000d5c00000, 0x0000000100000000)
  eden space 5120K, 0% used [0x00000000d5580000,0x00000000d5580000,0x00000000d5a80000)
  from space 512K, 50% used [0x00000000d5b80000,0x00000000d5bc0000,0x00000000d5c00000)
  to   space 512K, 0% used [0x00000000d5b00000,0x00000000d5b00000,0x00000000d5b80000)
 ParOldGen       total 532480K, used 532057K [0x0000000080000000, 0x00000000a0800000, 0x00000000d5580000)
  object space 532480K, 99% used [0x0000000080000000,0x00000000a0796580,0x00000000a0800000)
 Metaspace       used 103226K, committed 105088K, reserved 1179648K
  class space    used 10333K, committed 11328K, reserved 1048576K
}
Event: 4981.530 GC heap before
{Heap before GC invocations=8886 (full 20):
 PSYoungGen      total 5632K, used 5376K [0x00000000d5580000, 0x00000000d5c00000, 0x0000000100000000)
  eden space 5120K, 100% used [0x00000000d5580000,0x00000000d5a80000,0x00000000d5a80000)
  from space 512K, 50% used [0x00000000d5b80000,0x00000000d5bc0000,0x00000000d5c00000)
  to   space 512K, 0% used [0x00000000d5b00000,0x00000000d5b00000,0x00000000d5b80000)
 ParOldGen       total 532480K, used 532057K [0x0000000080000000, 0x00000000a0800000, 0x00000000d5580000)
  object space 532480K, 99% used [0x0000000080000000,0x00000000a0796580,0x00000000a0800000)
 Metaspace       used 103228K, committed 105088K, reserved 1179648K
  class space    used 10333K, committed 11328K, reserved 1048576K
}
Event: 4981.531 GC heap after
{Heap after GC invocations=8886 (full 20):
 PSYoungGen      total 5632K, used 320K [0x00000000d5580000, 0x00000000d5c00000, 0x0000000100000000)
  eden space 5120K, 0% used [0x00000000d5580000,0x00000000d5580000,0x00000000d5a80000)
  from space 512K, 62% used [0x00000000d5b00000,0x00000000d5b50000,0x00000000d5b80000)
  to   space 512K, 0% used [0x00000000d5b80000,0x00000000d5b80000,0x00000000d5c00000)
 ParOldGen       total 532480K, used 532129K [0x0000000080000000, 0x00000000a0800000, 0x00000000d5580000)
  object space 532480K, 99% used [0x0000000080000000,0x00000000a07a8580,0x00000000a0800000)
 Metaspace       used 103228K, committed 105088K, reserved 1179648K
  class space    used 10333K, committed 11328K, reserved 1048576K
}
Event: 4981.977 GC heap before
{Heap before GC invocations=8887 (full 20):
 PSYoungGen      total 5632K, used 5440K [0x00000000d5580000, 0x00000000d5c00000, 0x0000000100000000)
  eden space 5120K, 100% used [0x00000000d5580000,0x00000000d5a80000,0x00000000d5a80000)
  from space 512K, 62% used [0x00000000d5b00000,0x00000000d5b50000,0x00000000d5b80000)
  to   space 512K, 0% used [0x00000000d5b80000,0x00000000d5b80000,0x00000000d5c00000)
 ParOldGen       total 532480K, used 532129K [0x0000000080000000, 0x00000000a0800000, 0x00000000d5580000)
  object space 532480K, 99% used [0x0000000080000000,0x00000000a07a8580,0x00000000a0800000)
 Metaspace       used 103229K, committed 105088K, reserved 1179648K
  class space    used 10333K, committed 11328K, reserved 1048576K
}
Event: 4981.979 GC heap after
{Heap after GC invocations=8887 (full 20):
 PSYoungGen      total 5632K, used 496K [0x00000000d5580000, 0x00000000d5c80000, 0x0000000100000000)
  eden space 5120K, 0% used [0x00000000d5580000,0x00000000d5580000,0x00000000d5a80000)
  from space 512K, 96% used [0x00000000d5b80000,0x00000000d5bfc010,0x00000000d5c00000)
  to   space 1024K, 0% used [0x00000000d5a80000,0x00000000d5a80000,0x00000000d5b80000)
 ParOldGen       total 532480K, used 532189K [0x0000000080000000, 0x00000000a0800000, 0x00000000d5580000)
  object space 532480K, 99% used [0x0000000080000000,0x00000000a07b7590,0x00000000a0800000)
 Metaspace       used 103229K, committed 105088K, reserved 1179648K
  class space    used 10333K, committed 11328K, reserved 1048576K
}
Event: 4982.130 GC heap before
{Heap before GC invocations=8888 (full 20):
 PSYoungGen      total 5632K, used 5616K [0x00000000d5580000, 0x00000000d5c80000, 0x0000000100000000)
  eden space 5120K, 100% used [0x00000000d5580000,0x00000000d5a80000,0x00000000d5a80000)
  from space 512K, 96% used [0x00000000d5b80000,0x00000000d5bfc010,0x00000000d5c00000)
  to   space 1024K, 0% used [0x00000000d5a80000,0x00000000d5a80000,0x00000000d5b80000)
 ParOldGen       total 532480K, used 532189K [0x0000000080000000, 0x00000000a0800000, 0x00000000d5580000)
  object space 532480K, 99% used [0x0000000080000000,0x00000000a07b7590,0x00000000a0800000)
 Metaspace       used 103232K, committed 105088K, reserved 1179648K
  class space    used 10333K, committed 11328K, reserved 1048576K
}
Event: 4982.131 GC heap after
{Heap after GC invocations=8888 (full 20):
 PSYoungGen      total 6144K, used 768K [0x00000000d5580000, 0x00000000d5c80000, 0x0000000100000000)
  eden space 5120K, 0% used [0x00000000d5580000,0x00000000d5580000,0x00000000d5a80000)
  from space 1024K, 75% used [0x00000000d5a80000,0x00000000d5b40000,0x00000000d5b80000)
  to   space 1024K, 0% used [0x00000000d5b80000,0x00000000d5b80000,0x00000000d5c80000)
 ParOldGen       total 532992K, used 532666K [0x0000000080000000, 0x00000000a0880000, 0x00000000d5580000)
  object space 532992K, 99% used [0x0000000080000000,0x00000000a082ea30,0x00000000a0880000)
 Metaspace       used 103232K, committed 105088K, reserved 1179648K
  class space    used 10333K, committed 11328K, reserved 1048576K
}
Event: 4984.509 GC heap before
{Heap before GC invocations=8889 (full 20):
 PSYoungGen      total 6144K, used 5888K [0x00000000d5580000, 0x00000000d5c80000, 0x0000000100000000)
  eden space 5120K, 100% used [0x00000000d5580000,0x00000000d5a80000,0x00000000d5a80000)
  from space 1024K, 75% used [0x00000000d5a80000,0x00000000d5b40000,0x00000000d5b80000)
  to   space 1024K, 0% used [0x00000000d5b80000,0x00000000d5b80000,0x00000000d5c80000)
 ParOldGen       total 532992K, used 532666K [0x0000000080000000, 0x00000000a0880000, 0x00000000d5580000)
  object space 532992K, 99% used [0x0000000080000000,0x00000000a082ea30,0x00000000a0880000)
 Metaspace       used 103238K, committed 105088K, reserved 1179648K
  class space    used 10333K, committed 11328K, reserved 1048576K
}
Event: 4984.510 GC heap after
{Heap after GC invocations=8889 (full 20):
 PSYoungGen      total 5632K, used 192K [0x00000000d5580000, 0x00000000d5c00000, 0x0000000100000000)
  eden space 5120K, 0% used [0x00000000d5580000,0x00000000d5580000,0x00000000d5a80000)
  from space 512K, 37% used [0x00000000d5b80000,0x00000000d5bb0000,0x00000000d5c00000)
  to   space 512K, 0% used [0x00000000d5b00000,0x00000000d5b00000,0x00000000d5b80000)
 ParOldGen       total 533504K, used 533107K [0x0000000080000000, 0x00000000a0900000, 0x00000000d5580000)
  object space 533504K, 99% used [0x0000000080000000,0x00000000a089ce20,0x00000000a0900000)
 Metaspace       used 103238K, committed 105088K, reserved 1179648K
  class space    used 10333K, committed 11328K, reserved 1048576K
}
Event: 4984.659 GC heap before
{Heap before GC invocations=8890 (full 20):
 PSYoungGen      total 5632K, used 5312K [0x00000000d5580000, 0x00000000d5c00000, 0x0000000100000000)
  eden space 5120K, 100% used [0x00000000d5580000,0x00000000d5a80000,0x00000000d5a80000)
  from space 512K, 37% used [0x00000000d5b80000,0x00000000d5bb0000,0x00000000d5c00000)
  to   space 512K, 0% used [0x00000000d5b00000,0x00000000d5b00000,0x00000000d5b80000)
 ParOldGen       total 533504K, used 533107K [0x0000000080000000, 0x00000000a0900000, 0x00000000d5580000)
  object space 533504K, 99% used [0x0000000080000000,0x00000000a089ce20,0x00000000a0900000)
 Metaspace       used 103238K, committed 105088K, reserved 1179648K
  class space    used 10333K, committed 11328K, reserved 1048576K
}
Event: 4984.660 GC heap after
{Heap after GC invocations=8890 (full 20):
 PSYoungGen      total 5632K, used 448K [0x00000000d5580000, 0x00000000d5c00000, 0x0000000100000000)
  eden space 5120K, 0% used [0x00000000d5580000,0x00000000d5580000,0x00000000d5a80000)
  from space 512K, 87% used [0x00000000d5b00000,0x00000000d5b70000,0x00000000d5b80000)
  to   space 512K, 0% used [0x00000000d5b80000,0x00000000d5b80000,0x00000000d5c00000)
 ParOldGen       total 533504K, used 533187K [0x0000000080000000, 0x00000000a0900000, 0x00000000d5580000)
  object space 533504K, 99% used [0x0000000080000000,0x00000000a08b0e20,0x00000000a0900000)
 Metaspace       used 103238K, committed 105088K, reserved 1179648K
  class space    used 10333K, committed 11328K, reserved 1048576K
}

Dll operation events (12 events):
Event: 0.030 Loaded shared library c:\Users\Lenovo\.vscode\extensions\redhat.java-1.55.0-win32-x64\jre\21.0.11-win32-x86_64\bin\java.dll
Event: 0.148 Loaded shared library c:\Users\Lenovo\.vscode\extensions\redhat.java-1.55.0-win32-x64\jre\21.0.11-win32-x86_64\bin\zip.dll
Event: 0.197 Loaded shared library C:\Users\Lenovo\.vscode\extensions\redhat.java-1.55.0-win32-x64\jre\21.0.11-win32-x86_64\bin\instrument.dll
Event: 0.220 Loaded shared library C:\Users\Lenovo\.vscode\extensions\redhat.java-1.55.0-win32-x64\jre\21.0.11-win32-x86_64\bin\net.dll
Event: 0.230 Loaded shared library C:\Users\Lenovo\.vscode\extensions\redhat.java-1.55.0-win32-x64\jre\21.0.11-win32-x86_64\bin\nio.dll
Event: 0.246 Loaded shared library C:\Users\Lenovo\.vscode\extensions\redhat.java-1.55.0-win32-x64\jre\21.0.11-win32-x86_64\bin\zip.dll
Event: 0.302 Loaded shared library C:\Users\Lenovo\.vscode\extensions\redhat.java-1.55.0-win32-x64\jre\21.0.11-win32-x86_64\bin\jimage.dll
Event: 0.582 Loaded shared library c:\Users\Lenovo\.vscode\extensions\redhat.java-1.55.0-win32-x64\jre\21.0.11-win32-x86_64\bin\verify.dll
Event: 3.019 Loaded shared library C:\Users\Lenovo\AppData\Roaming\Code\User\globalStorage\redhat.java\1.55.0\config_win\org.eclipse.equinox.launcher\org.eclipse.equinox.launcher.win32.win32.x86_64_1.3.100.v20260613-0559\eclipse_11924.dll
Event: 6.922 Loaded shared library C:\Users\Lenovo\AppData\Local\Temp\jna--2022488749\jna9463153493592610202.dll
Event: 191.691 Loaded shared library C:\Users\Lenovo\.vscode\extensions\redhat.java-1.55.0-win32-x64\jre\21.0.11-win32-x86_64\bin\sunmscapi.dll
Event: 193.048 Loaded shared library C:\Users\Lenovo\.vscode\extensions\redhat.java-1.55.0-win32-x64\jre\21.0.11-win32-x86_64\bin\extnet.dll

Deoptimization events (20 events):
Event: 4972.946 Thread 0x000001b4f1650a10 Uncommon trap: trap_request=0xffffff45 fr.pc=0x000001b4a2ee8f7c relative=0x000000000000023c
Event: 4972.946 Thread 0x000001b4f1650a10 Uncommon trap: reason=unstable_if action=reinterpret pc=0x000001b4a2ee8f7c method=org.eclipse.jdt.core.dom.ASTSyntaxErrorPropagator.checkAndTagAsMalformed(Lorg/eclipse/jdt/core/dom/ASTNode;)Z @ 311 c2
Event: 4972.946 Thread 0x000001b4f1650a10 DEOPT PACKING pc=0x000001b4a2ee8f7c sp=0x00000017d9efe280
Event: 4972.946 Thread 0x000001b4f1650a10 DEOPT UNPACKING pc=0x000001b4a1d83aa2 sp=0x00000017d9efe1d0 mode 2
Event: 4975.415 Thread 0x000001b4f1650a10 DEOPT PACKING pc=0x000001b49ab08547 sp=0x00000017d9eff1e0
Event: 4975.415 Thread 0x000001b4f1650a10 DEOPT UNPACKING pc=0x000001b4a1d84242 sp=0x00000017d9efe6f0 mode 0
Event: 4976.849 Thread 0x000001b4f8e4a4b0 DEOPT PACKING pc=0x000001b49aaaef2c sp=0x00000017dd8fea40
Event: 4976.849 Thread 0x000001b4f8e4a4b0 DEOPT UNPACKING pc=0x000001b4a1d84242 sp=0x00000017dd8fdee8 mode 0
Event: 4978.092 Thread 0x000001b4f6a4c310 Uncommon trap: trap_request=0xffffffde fr.pc=0x000001b4a291dea0 relative=0x0000000000003a60
Event: 4978.092 Thread 0x000001b4f6a4c310 Uncommon trap: reason=class_check action=maybe_recompile pc=0x000001b4a291dea0 method=org.eclipse.jdt.internal.core.builder.ClasspathMultiDirectory.directoryList(Ljava/lang/String;)[Ljava/lang/String; @ 257 c2
Event: 4978.092 Thread 0x000001b4f6a4c310 DEOPT PACKING pc=0x000001b4a291dea0 sp=0x00000017dc8fdbd0
Event: 4978.092 Thread 0x000001b4f6a4c310 DEOPT UNPACKING pc=0x000001b4a1d83aa2 sp=0x00000017dc8fdb80 mode 2
Event: 4978.092 Thread 0x000001b4f6a4c310 Uncommon trap: trap_request=0xffffff45 fr.pc=0x000001b4a306c200 relative=0x0000000000001420
Event: 4978.092 Thread 0x000001b4f6a4c310 Uncommon trap: reason=unstable_if action=reinterpret pc=0x000001b4a306c200 method=org.eclipse.jdt.internal.core.builder.ClasspathDirectory.isPackage(Ljava/lang/String;Ljava/lang/String;)Z @ 88 c2
Event: 4978.092 Thread 0x000001b4f6a4c310 DEOPT PACKING pc=0x000001b4a306c200 sp=0x00000017dc8fdc80
Event: 4978.092 Thread 0x000001b4f6a4c310 DEOPT UNPACKING pc=0x000001b4a1d83aa2 sp=0x00000017dc8fdc68 mode 2
Event: 4978.584 Thread 0x000001b4f1653800 Uncommon trap: trap_request=0xffffff45 fr.pc=0x000001b4a377a974 relative=0x0000000000004594
Event: 4978.584 Thread 0x000001b4f1653800 Uncommon trap: reason=unstable_if action=reinterpret pc=0x000001b4a377a974 method=org.eclipse.jdt.internal.compiler.parser.diagnose.DiagnoseParser.diagnoseParse0(Z)V @ 977 c2
Event: 4978.584 Thread 0x000001b4f1653800 DEOPT PACKING pc=0x000001b4a377a974 sp=0x00000017d9ffdd30
Event: 4978.584 Thread 0x000001b4f1653800 DEOPT UNPACKING pc=0x000001b4a1d83aa2 sp=0x00000017d9ffdcb0 mode 2

Classes loaded (20 events):
Event: 1966.218 Loading class jdk/internal/module/IllegalAccessLogger
Event: 1966.218 Loading class jdk/internal/module/IllegalAccessLogger done
Event: 1968.644 Loading class jdk/internal/module/IllegalAccessLogger
Event: 1968.644 Loading class jdk/internal/module/IllegalAccessLogger done
Event: 1977.729 Loading class jdk/internal/module/IllegalAccessLogger
Event: 1977.729 Loading class jdk/internal/module/IllegalAccessLogger done
Event: 1988.620 Loading class jdk/internal/module/IllegalAccessLogger
Event: 1988.620 Loading class jdk/internal/module/IllegalAccessLogger done
Event: 4494.495 Loading class jdk/internal/module/IllegalAccessLogger
Event: 4494.495 Loading class jdk/internal/module/IllegalAccessLogger done
Event: 4502.468 Loading class jdk/internal/module/IllegalAccessLogger
Event: 4502.468 Loading class jdk/internal/module/IllegalAccessLogger done
Event: 4604.807 Loading class java/net/BindException
Event: 4604.807 Loading class java/net/BindException done
Event: 4625.555 Loading class jdk/internal/reflect/MethodHandleByteFieldAccessorImpl
Event: 4625.555 Loading class jdk/internal/reflect/MethodHandleByteFieldAccessorImpl done
Event: 4972.745 Loading class jdk/internal/module/IllegalAccessLogger
Event: 4972.745 Loading class jdk/internal/module/IllegalAccessLogger done
Event: 4978.107 Loading class jdk/internal/module/IllegalAccessLogger
Event: 4978.107 Loading class jdk/internal/module/IllegalAccessLogger done

Classes unloaded (20 events):
Event: 2209.072 Thread 0x000001b4ef1e4b60 Unloading class 0x000001b4af812800 'java/lang/invoke/LambdaForm$MH+0x000001b4af812800'
Event: 2209.072 Thread 0x000001b4ef1e4b60 Unloading class 0x000001b4af812400 'java/lang/invoke/LambdaForm$MH+0x000001b4af812400'
Event: 2209.072 Thread 0x000001b4ef1e4b60 Unloading class 0x000001b4af812000 'java/lang/invoke/LambdaForm$MH+0x000001b4af812000'
Event: 2209.072 Thread 0x000001b4ef1e4b60 Unloading class 0x000001b4af811800 'java/lang/invoke/LambdaForm$MH+0x000001b4af811800'
Event: 2209.072 Thread 0x000001b4ef1e4b60 Unloading class 0x000001b4af811400 'java/lang/invoke/LambdaForm$MH+0x000001b4af811400'
Event: 2209.072 Thread 0x000001b4ef1e4b60 Unloading class 0x000001b4af811000 'java/lang/invoke/LambdaForm$MH+0x000001b4af811000'
Event: 2209.072 Thread 0x000001b4ef1e4b60 Unloading class 0x000001b4af810800 'java/lang/invoke/LambdaForm$MH+0x000001b4af810800'
Event: 2209.072 Thread 0x000001b4ef1e4b60 Unloading class 0x000001b4af810000 'java/lang/invoke/LambdaForm$MH+0x000001b4af810000'
Event: 2209.072 Thread 0x000001b4ef1e4b60 Unloading class 0x000001b4af7d9c00 'java/lang/invoke/LambdaForm$MH+0x000001b4af7d9c00'
Event: 2209.072 Thread 0x000001b4ef1e4b60 Unloading class 0x000001b4af7d8c00 'java/lang/invoke/LambdaForm$MH+0x000001b4af7d8c00'
Event: 2209.072 Thread 0x000001b4ef1e4b60 Unloading class 0x000001b4af584800 'java/lang/invoke/LambdaForm$MH+0x000001b4af584800'
Event: 2209.072 Thread 0x000001b4ef1e4b60 Unloading class 0x000001b4af350000 'java/lang/invoke/LambdaForm$MH+0x000001b4af350000'
Event: 2209.072 Thread 0x000001b4ef1e4b60 Unloading class 0x000001b4af2a5c00 'java/lang/invoke/LambdaForm$MH+0x000001b4af2a5c00'
Event: 2209.072 Thread 0x000001b4ef1e4b60 Unloading class 0x000001b4af2a5800 'java/lang/invoke/LambdaForm$MH+0x000001b4af2a5800'
Event: 2209.072 Thread 0x000001b4ef1e4b60 Unloading class 0x000001b4af29fc00 'java/lang/invoke/LambdaForm$MH+0x000001b4af29fc00'
Event: 2209.072 Thread 0x000001b4ef1e4b60 Unloading class 0x000001b4af297800 'java/lang/invoke/LambdaForm$MH+0x000001b4af297800'
Event: 2209.072 Thread 0x000001b4ef1e4b60 Unloading class 0x000001b4af231000 'java/lang/invoke/LambdaForm$MH+0x000001b4af231000'
Event: 2209.072 Thread 0x000001b4ef1e4b60 Unloading class 0x000001b4af1b0000 'java/lang/invoke/LambdaForm$MH+0x000001b4af1b0000'
Event: 2209.072 Thread 0x000001b4ef1e4b60 Unloading class 0x000001b4af1afc00 'java/lang/invoke/LambdaForm$MH+0x000001b4af1afc00'
Event: 2209.072 Thread 0x000001b4ef1e4b60 Unloading class 0x000001b4af1ab400 'java/lang/invoke/LambdaForm$MH+0x000001b4af1ab400'

Classes redefined (0 events):
No events

Internal exceptions (20 events):
Event: 4604.570 Thread 0x000001b4f171a400 Exception <a 'sun/nio/fs/WindowsException'{0x00000000d560cfc8}> (0x00000000d560cfc8) 
thrown [s\src\hotspot\share\prims\jni.cpp, line 520]
Event: 4604.570 Thread 0x000001b4f171a400 Exception <a 'sun/nio/fs/WindowsException'{0x00000000d560e490}> (0x00000000d560e490) 
thrown [s\src\hotspot\share\prims\jni.cpp, line 520]
Event: 4604.570 Thread 0x000001b4f171a400 Exception <a 'sun/nio/fs/WindowsException'{0x00000000d560efa8}> (0x00000000d560efa8) 
thrown [s\src\hotspot\share\prims\jni.cpp, line 520]
Event: 4604.571 Thread 0x000001b4f171a400 Exception <a 'sun/nio/fs/WindowsException'{0x00000000d5610eb8}> (0x00000000d5610eb8) 
thrown [s\src\hotspot\share\prims\jni.cpp, line 520]
Event: 4604.571 Thread 0x000001b4f171a400 Exception <a 'sun/nio/fs/WindowsException'{0x00000000d5611998}> (0x00000000d5611998) 
thrown [s\src\hotspot\share\prims\jni.cpp, line 520]
Event: 4604.573 Thread 0x000001b4f171a400 Exception <a 'sun/nio/fs/WindowsException'{0x00000000d56307b8}> (0x00000000d56307b8) 
thrown [s\src\hotspot\share\prims\jni.cpp, line 520]
Event: 4604.573 Thread 0x000001b4f171a400 Exception <a 'sun/nio/fs/WindowsException'{0x00000000d56312d0}> (0x00000000d56312d0) 
thrown [s\src\hotspot\share\prims\jni.cpp, line 520]
Event: 4604.787 Thread 0x000001b4f171b120 Exception <a 'sun/nio/fs/WindowsException'{0x00000000d5b316e0}> (0x00000000d5b316e0) 
thrown [s\src\hotspot\share\prims\jni.cpp, line 520]
Event: 4604.788 Thread 0x000001b4f171b120 Exception <a 'sun/nio/fs/WindowsException'{0x00000000d5b31df0}> (0x00000000d5b31df0) 
thrown [s\src\hotspot\share\prims\jni.cpp, line 520]
Event: 4604.797 Thread 0x000001b4f171b120 Implicit null exception at 0x000001b4a2f86639 to 0x000001b4a2f86864
Event: 4604.798 Thread 0x000001b4f171b120 Implicit null exception at 0x000001b4a30246b5 to 0x000001b4a3024930
Event: 4604.799 Thread 0x000001b4f171b120 Exception <a 'java/io/FileNotFoundException'{0x00000000d5bd6048}> (0x00000000d5bd6048) 
thrown [s\src\hotspot\share\prims\jni.cpp, line 520]
Event: 4604.799 Thread 0x000001b4f171b120 Exception <a 'java/io/FileNotFoundException'{0x00000000d5bd7428}> (0x00000000d5bd7428) 
thrown [s\src\hotspot\share\prims\jni.cpp, line 520]
Event: 4604.818 Thread 0x000001b4f171b120 Exception <a 'java/lang/NoSuchMethodError'{0x00000000d5ca7e08}: 'java.lang.Object java.lang.invoke.DirectMethodHandle$Holder.newInvokeSpecial(java.lang.Object, java.lang.Object, java.lang.Object, java.lang.Object, java.lang.Object, java.lang.Object, java.lang.Object, java.lang.Object, java.lang.Object)'> (0x00000000d5ca7e08) 
thrown [s\src\hotspot\share\interpreter\linkResolver.cpp, line 773]
Event: 4794.102 Thread 0x000001b4f6a4c310 Exception <a 'sun/nio/fs/WindowsException'{0x00000000d55ef738}> (0x00000000d55ef738) 
thrown [s\src\hotspot\share\prims\jni.cpp, line 520]
Event: 4794.102 Thread 0x000001b4f6a4c310 Exception <a 'sun/nio/fs/WindowsException'{0x00000000d55f04a8}> (0x00000000d55f04a8) 
thrown [s\src\hotspot\share\prims\jni.cpp, line 520]
Event: 4972.547 Thread 0x000001b4f6a4a240 Exception <a 'sun/nio/fs/WindowsException'{0x00000000d592d180}> (0x00000000d592d180) 
thrown [s\src\hotspot\share\prims\jni.cpp, line 520]
Event: 4972.689 Thread 0x000001b4f6a4a240 Exception <a 'sun/nio/fs/WindowsException'{0x00000000d5b26858}> (0x00000000d5b26858) 
thrown [s\src\hotspot\share\prims\jni.cpp, line 520]
Event: 4976.858 Thread 0x000001b4f6a4a240 Exception <a 'sun/nio/fs/WindowsException'{0x00000000d5b8de10}> (0x00000000d5b8de10) 
thrown [s\src\hotspot\share\prims\jni.cpp, line 520]
Event: 4978.092 Thread 0x000001b4f6a4a240 Exception <a 'sun/nio/fs/WindowsException'{0x00000000d559fd28}> (0x00000000d559fd28) 
thrown [s\src\hotspot\share\prims\jni.cpp, line 520]

ZGC Phase Switch (0 events):
No events

VM Operations (20 events):
Event: 4979.264 Executing safepoint VM operation: ParallelGCFailedAllocation (Allocation Failure)
Event: 4979.267 Executing safepoint VM operation: ParallelGCFailedAllocation (Allocation Failure) done
Event: 4980.616 Executing safepoint VM operation: ParallelGCFailedAllocation (Allocation Failure)
Event: 4980.618 Executing safepoint VM operation: ParallelGCFailedAllocation (Allocation Failure) done
Event: 4980.752 Executing safepoint VM operation: ParallelGCFailedAllocation (Allocation Failure)
Event: 4980.753 Executing safepoint VM operation: ParallelGCFailedAllocation (Allocation Failure) done
Event: 4981.366 Executing safepoint VM operation: ParallelGCFailedAllocation (Allocation Failure)
Event: 4981.368 Executing safepoint VM operation: ParallelGCFailedAllocation (Allocation Failure) done
Event: 4981.512 Executing safepoint VM operation: ParallelGCFailedAllocation (Allocation Failure)
Event: 4981.513 Executing safepoint VM operation: ParallelGCFailedAllocation (Allocation Failure) done
Event: 4981.530 Executing safepoint VM operation: ParallelGCFailedAllocation (Allocation Failure)
Event: 4981.531 Executing safepoint VM operation: ParallelGCFailedAllocation (Allocation Failure) done
Event: 4981.977 Executing safepoint VM operation: ParallelGCFailedAllocation (Allocation Failure)
Event: 4981.979 Executing safepoint VM operation: ParallelGCFailedAllocation (Allocation Failure) done
Event: 4982.130 Executing safepoint VM operation: ParallelGCFailedAllocation (Allocation Failure)
Event: 4982.131 Executing safepoint VM operation: ParallelGCFailedAllocation (Allocation Failure) done
Event: 4984.509 Executing safepoint VM operation: ParallelGCFailedAllocation (Allocation Failure)
Event: 4984.510 Executing safepoint VM operation: ParallelGCFailedAllocation (Allocation Failure) done
Event: 4984.659 Executing safepoint VM operation: ParallelGCFailedAllocation (Allocation Failure)
Event: 4984.660 Executing safepoint VM operation: ParallelGCFailedAllocation (Allocation Failure) done

Memory protections (0 events):
No events

Nmethod flushes (20 events):
Event: 2209.115 Thread 0x000001b4ef1e4b60 flushing  nmethod 0x000001b49cbd5390
Event: 2209.115 Thread 0x000001b4ef1e4b60 flushing  nmethod 0x000001b49cc1ef10
Event: 2209.115 Thread 0x000001b4ef1e4b60 flushing  nmethod 0x000001b49cc22990
Event: 2209.115 Thread 0x000001b4ef1e4b60 flushing  nmethod 0x000001b49cc9d390
Event: 2209.115 Thread 0x000001b4ef1e4b60 flushing  nmethod 0x000001b49cd76090
Event: 2209.115 Thread 0x000001b4ef1e4b60 flushing  nmethod 0x000001b49cd91710
Event: 2209.115 Thread 0x000001b4ef1e4b60 flushing  nmethod 0x000001b49cdde310
Event: 2209.115 Thread 0x000001b4ef1e4b60 flushing  nmethod 0x000001b49ce0fe90
Event: 2209.115 Thread 0x000001b4ef1e4b60 flushing  nmethod 0x000001b49ce1ff90
Event: 2209.115 Thread 0x000001b4ef1e4b60 flushing  nmethod 0x000001b49ce2db90
Event: 2209.115 Thread 0x000001b4ef1e4b60 flushing  nmethod 0x000001b49ce7a390
Event: 2209.115 Thread 0x000001b4ef1e4b60 flushing  nmethod 0x000001b49cea4990
Event: 2209.115 Thread 0x000001b4ef1e4b60 flushing  nmethod 0x000001b49cf70190
Event: 2209.115 Thread 0x000001b4ef1e4b60 flushing  nmethod 0x000001b49cf82b90
Event: 2209.115 Thread 0x000001b4ef1e4b60 flushing  nmethod 0x000001b49d017610
Event: 2209.115 Thread 0x000001b4ef1e4b60 flushing  nmethod 0x000001b49d01b510
Event: 2209.115 Thread 0x000001b4ef1e4b60 flushing  nmethod 0x000001b49d05ab90
Event: 2209.115 Thread 0x000001b4ef1e4b60 flushing  nmethod 0x000001b49d08ff90
Event: 2209.115 Thread 0x000001b4ef1e4b60 flushing  nmethod 0x000001b49d0c3690
Event: 2209.115 Thread 0x000001b4ef1e4b60 flushing  nmethod 0x000001b49d0ea590

Events (20 events):
Event: 4794.110 Thread 0x000001b4f04881c0 Thread added: 0x000001b4fa3e80d0
Event: 4794.111 Thread 0x000001b4f6a4c310 Thread added: 0x000001b4f1653800
Event: 4794.111 Thread 0x000001b4f1653800 Thread exited: 0x000001b4f1653800
Event: 4794.425 Thread 0x000001b4f1719050 Thread exited: 0x000001b4f1719050
Event: 4794.534 Thread 0x000001b4f1718330 Thread exited: 0x000001b4f1718330
Event: 4799.248 Thread 0x000001b4fa3e80d0 Thread exited: 0x000001b4fa3e80d0
Event: 4802.432 Thread 0x000001b4f171c4d0 Thread exited: 0x000001b4f171c4d0
Event: 4802.432 Thread 0x000001b4f171d880 Thread exited: 0x000001b4f171d880
Event: 4802.494 Thread 0x000001b4f171b7b0 Thread exited: 0x000001b4f171b7b0
Event: 4904.576 Thread 0x000001b4f805d0e0 Thread exited: 0x000001b4f805d0e0
Event: 4961.498 Thread 0x000001b4f8e47d50 Thread added: 0x000001b4f1650a10
Event: 4961.501 Thread 0x000001b4f8e47d50 Thread added: 0x000001b4f1653800
Event: 4961.501 Thread 0x000001b4f1650a10 Thread added: 0x000001b4f1651730
Event: 4972.691 Thread 0x000001b4f6a4c310 Thread added: 0x000001b4f1653e90
Event: 4972.730 Thread 0x000001b4f6a4c310 Thread added: 0x000001b4f16510a0
Event: 4972.746 Thread 0x000001b4f6a4c310 Thread added: 0x000001b4f16579a0
Event: 4977.004 Thread 0x000001b4f6a4c310 Thread added: 0x000001b4f1655f60
Event: 4978.513 Thread 0x000001b4f1719d70 Thread added: 0x000001b4f1658030
Event: 4978.514 Thread 0x000001b4f8e47d50 Thread added: 0x000001b4f1656c80
Event: 4978.515 Thread 0x000001b4f1658030 Thread added: 0x000001b4f16558d0


Dynamic libraries:
0x00007ff6d3a50000 - 0x00007ff6d3a5e000 	c:\Users\Lenovo\.vscode\extensions\redhat.java-1.55.0-win32-x64\jre\21.0.11-win32-x86_64\bin\java.exe
0x00007ffe446e0000 - 0x00007ffe44946000 	C:\WINDOWS\SYSTEM32\ntdll.dll
0x00007ffe43b20000 - 0x00007ffe43be9000 	C:\WINDOWS\System32\KERNEL32.DLL
0x00007ffe41dd0000 - 0x00007ffe421ce000 	C:\WINDOWS\System32\KERNELBASE.dll
0x00007ffe41b40000 - 0x00007ffe41c8c000 	C:\WINDOWS\System32\ucrtbase.dll
0x00007ffe2d3a0000 - 0x00007ffe2d3b8000 	c:\Users\Lenovo\.vscode\extensions\redhat.java-1.55.0-win32-x64\jre\21.0.11-win32-x86_64\bin\jli.dll
0x00007ffe43120000 - 0x00007ffe432e7000 	C:\WINDOWS\System32\USER32.dll
0x00007ffe421e0000 - 0x00007ffe42207000 	C:\WINDOWS\System32\win32u.dll
0x00007ffe42470000 - 0x00007ffe4249b000 	C:\WINDOWS\System32\GDI32.dll
0x00007ffe25610000 - 0x00007ffe2562e000 	c:\Users\Lenovo\.vscode\extensions\redhat.java-1.55.0-win32-x64\jre\21.0.11-win32-x86_64\bin\VCRUNTIME140.dll
0x00007ffe41ca0000 - 0x00007ffe41dca000 	C:\WINDOWS\System32\gdi32full.dll
0x00007ffe42360000 - 0x00007ffe42403000 	C:\WINDOWS\System32\msvcp_win.dll
0x00007ffe30d30000 - 0x00007ffe30fc2000 	C:\WINDOWS\WinSxS\amd64_microsoft.windows.common-controls_6595b64144ccf1df_6.0.26100.8894_none_3e0f749ee32e02ea\COMCTL32.dll
0x00007ffe43070000 - 0x00007ffe43119000 	C:\WINDOWS\System32\msvcrt.dll
0x00007ffe43310000 - 0x00007ffe43342000 	C:\WINDOWS\System32\IMM32.DLL
0x00000000527f0000 - 0x00000000527fd000 	C:\Program Files (x86)\360\Total Security\safemon\SafeWrapper.dll
0x00007ffe43790000 - 0x00007ffe43847000 	C:\WINDOWS\System32\ADVAPI32.dll
0x00007ffe43900000 - 0x00007ffe439aa000 	C:\WINDOWS\System32\sechost.dll
0x00007ffe440f0000 - 0x00007ffe44208000 	C:\WINDOWS\System32\RPCRT4.dll
0x00007ffe3f1d0000 - 0x00007ffe3f2d5000 	C:\Program Files (x86)\360\Total Security\safemon\libzdtp64.dll
0x00007ffe428d0000 - 0x00007ffe43062000 	C:\WINDOWS\System32\SHELL32.dll
0x00007ffe43bf0000 - 0x00007ffe43c57000 	C:\WINDOWS\System32\SHLWAPI.dll
0x00007ffe413c0000 - 0x00007ffe413cb000 	C:\WINDOWS\SYSTEM32\VERSION.dll
0x00007ffe36ae0000 - 0x00007ffe36aec000 	c:\Users\Lenovo\.vscode\extensions\redhat.java-1.55.0-win32-x64\jre\21.0.11-win32-x86_64\bin\vcruntime140_1.dll
0x00007ffe11cd0000 - 0x00007ffe11d5d000 	c:\Users\Lenovo\.vscode\extensions\redhat.java-1.55.0-win32-x64\jre\21.0.11-win32-x86_64\bin\msvcp140.dll
0x00007ffdb7890000 - 0x00007ffdb8632000 	c:\Users\Lenovo\.vscode\extensions\redhat.java-1.55.0-win32-x64\jre\21.0.11-win32-x86_64\bin\server\jvm.dll
0x00007ffe43640000 - 0x00007ffe436c0000 	C:\WINDOWS\System32\WS2_32.dll
0x00007ffe41760000 - 0x00007ffe417be000 	C:\WINDOWS\SYSTEM32\POWRPROF.dll
0x00007ffe3aaf0000 - 0x00007ffe3ab26000 	C:\WINDOWS\SYSTEM32\WINMM.dll
0x00007ffe41740000 - 0x00007ffe41754000 	C:\WINDOWS\SYSTEM32\UMPDC.dll
0x00007ffe40520000 - 0x00007ffe4053b000 	C:\WINDOWS\SYSTEM32\kernel.appcore.dll
0x00007ffe36980000 - 0x00007ffe3698a000 	c:\Users\Lenovo\.vscode\extensions\redhat.java-1.55.0-win32-x64\jre\21.0.11-win32-x86_64\bin\jimage.dll
0x00007ffe3eda0000 - 0x00007ffe3efe2000 	C:\WINDOWS\SYSTEM32\DBGHELP.DLL
0x00007ffe44310000 - 0x00007ffe44693000 	C:\WINDOWS\System32\combase.dll
0x00007ffe43350000 - 0x00007ffe43429000 	C:\WINDOWS\System32\OLEAUT32.dll
0x00007ffe3aab0000 - 0x00007ffe3aaeb000 	C:\WINDOWS\SYSTEM32\dbgcore.DLL
0x00007ffe42210000 - 0x00007ffe422bc000 	C:\WINDOWS\System32\bcryptPrimitives.dll
0x00007ffe36760000 - 0x00007ffe3676f000 	c:\Users\Lenovo\.vscode\extensions\redhat.java-1.55.0-win32-x64\jre\21.0.11-win32-x86_64\bin\instrument.dll
0x00007ffe21380000 - 0x00007ffe213a0000 	c:\Users\Lenovo\.vscode\extensions\redhat.java-1.55.0-win32-x64\jre\21.0.11-win32-x86_64\bin\java.dll
0x00007ffe3f2e0000 - 0x00007ffe3fb72000 	C:\WINDOWS\SYSTEM32\windows.storage.dll
0x00007ffe427d0000 - 0x00007ffe428c7000 	C:\WINDOWS\System32\SHCORE.dll
0x00007ffe41820000 - 0x00007ffe41849000 	C:\WINDOWS\SYSTEM32\profapi.dll
0x00007ffe21690000 - 0x00007ffe216a8000 	c:\Users\Lenovo\.vscode\extensions\redhat.java-1.55.0-win32-x64\jre\21.0.11-win32-x86_64\bin\zip.dll
0x00007ffe35410000 - 0x00007ffe35420000 	C:\Users\Lenovo\.vscode\extensions\redhat.java-1.55.0-win32-x64\jre\21.0.11-win32-x86_64\bin\net.dll
0x00007ffe37830000 - 0x00007ffe37957000 	C:\WINDOWS\SYSTEM32\WINHTTP.dll
0x00007ffe40ab0000 - 0x00007ffe40b1c000 	C:\WINDOWS\system32\mswsock.dll
0x00007ffe21670000 - 0x00007ffe21686000 	C:\Users\Lenovo\.vscode\extensions\redhat.java-1.55.0-win32-x64\jre\21.0.11-win32-x86_64\bin\nio.dll
0x00007ffe35190000 - 0x00007ffe351a0000 	c:\Users\Lenovo\.vscode\extensions\redhat.java-1.55.0-win32-x64\jre\21.0.11-win32-x86_64\bin\verify.dll
0x00007ffe1d9d0000 - 0x00007ffe1da15000 	C:\Users\Lenovo\AppData\Roaming\Code\User\globalStorage\redhat.java\1.55.0\config_win\org.eclipse.equinox.launcher\org.eclipse.equinox.launcher.win32.win32.x86_64_1.3.100.v20260613-0559\eclipse_11924.dll
0x00007ffe424a0000 - 0x00007ffe42639000 	C:\WINDOWS\System32\ole32.dll
0x00007ffe40ee0000 - 0x00007ffe40efb000 	C:\WINDOWS\SYSTEM32\CRYPTSP.dll
0x00007ffe40480000 - 0x00007ffe404b9000 	C:\WINDOWS\system32\rsaenh.dll
0x00007ffe40b70000 - 0x00007ffe40ba2000 	C:\WINDOWS\SYSTEM32\USERENV.dll
0x00007ffe417f0000 - 0x00007ffe4181a000 	C:\WINDOWS\SYSTEM32\bcrypt.dll
0x00007ffe40d20000 - 0x00007ffe40d2c000 	C:\WINDOWS\SYSTEM32\CRYPTBASE.dll
0x00007ffe3fed0000 - 0x00007ffe3ff03000 	C:\WINDOWS\SYSTEM32\IPHLPAPI.DLL
0x00007ffe43300000 - 0x00007ffe4330a000 	C:\WINDOWS\System32\NSI.dll
0x00007ffe11c80000 - 0x00007ffe11cc9000 	C:\Users\Lenovo\AppData\Local\Temp\jna--2022488749\jna9463153493592610202.dll
0x00007ffe432f0000 - 0x00007ffe432f8000 	C:\WINDOWS\System32\PSAPI.DLL
0x00007ffe379b0000 - 0x00007ffe379cd000 	C:\WINDOWS\SYSTEM32\dhcpcsvc6.DLL
0x00007ffe37980000 - 0x00007ffe379a5000 	C:\WINDOWS\SYSTEM32\dhcpcsvc.DLL
0x00007ffe36850000 - 0x00007ffe3685e000 	C:\Users\Lenovo\.vscode\extensions\redhat.java-1.55.0-win32-x64\jre\21.0.11-win32-x86_64\bin\sunmscapi.dll
0x00007ffe41900000 - 0x00007ffe41a78000 	C:\WINDOWS\System32\CRYPT32.dll
0x00007ffe41050000 - 0x00007ffe41080000 	C:\WINDOWS\SYSTEM32\ncrypt.dll
0x00007ffe41000000 - 0x00007ffe4103f000 	C:\WINDOWS\SYSTEM32\NTASN1.dll
0x00007ffe3ffc0000 - 0x00007ffe40116000 	C:\WINDOWS\SYSTEM32\DNSAPI.dll
0x00007ffe408d0000 - 0x00007ffe408dd000 	C:\WINDOWS\SYSTEM32\DSPARSE.dll
0x00007ffe332f0000 - 0x00007ffe332fb000 	C:\Windows\System32\rasadhlp.dll
0x00007ffe36fb0000 - 0x00007ffe37036000 	C:\WINDOWS\System32\fwpuclnt.dll
0x00007ffe36840000 - 0x00007ffe36849000 	C:\Users\Lenovo\.vscode\extensions\redhat.java-1.55.0-win32-x64\jre\21.0.11-win32-x86_64\bin\extnet.dll
0x00007ffdd6510000 - 0x00007ffdd6518000 	C:\WINDOWS\system32\wshunix.dll

JVMTI agents:
c:\Users\Lenovo\.vscode\extensions\redhat.java-1.55.0-win32-x64\lombok\lombok-1.18.39-4050.jar path:c:\Users\Lenovo\.vscode\extensions\redhat.java-1.55.0-win32-x64\jre\21.0.11-win32-x86_64\bin\instrument.dll, loaded, initialized, instrumentlib options:none

dbghelp: loaded successfully - version: 4.0.5 - missing functions: none
symbol engine: initialized successfully - sym options: 0x614 - pdb path: .;c:\Users\Lenovo\.vscode\extensions\redhat.java-1.55.0-win32-x64\jre\21.0.11-win32-x86_64\bin;C:\WINDOWS\SYSTEM32;C:\WINDOWS\WinSxS\amd64_microsoft.windows.common-controls_6595b64144ccf1df_6.0.26100.8894_none_3e0f749ee32e02ea;C:\Program Files (x86)\360\Total Security\safemon;c:\Users\Lenovo\.vscode\extensions\redhat.java-1.55.0-win32-x64\jre\21.0.11-win32-x86_64\bin\server;C:\Users\Lenovo\AppData\Roaming\Code\User\globalStorage\redhat.java\1.55.0\config_win\org.eclipse.equinox.launcher\org.eclipse.equinox.launcher.win32.win32.x86_64_1.3.100.v20260613-0559;C:\Users\Lenovo\AppData\Local\Temp\jna--2022488749

VM Arguments:
jvm_args: --add-modules=ALL-SYSTEM --add-opens=java.base/java.util=ALL-UNNAMED --add-opens=java.base/java.lang=ALL-UNNAMED --add-opens=java.base/sun.nio.fs=ALL-UNNAMED -Declipse.application=org.eclipse.jdt.ls.core.id1 -Dosgi.bundles.defaultStartLevel=4 -Declipse.product=org.eclipse.jdt.ls.core.product -Djava.import.generatesMetadataFilesAtProjectRoot=false -DDetectVMInstallationsJob.disabled=true -Dfile.encoding=utf8 -XX:+UseParallelGC -XX:GCTimeRatio=4 -XX:AdaptiveSizePolicyWeight=90 -Dsun.zip.disableMemoryMapping=true -Xmx2G -Xms100m -Xlog:disable -javaagent:c:\Users\Lenovo\.vscode\extensions\redhat.java-1.55.0-win32-x64\lombok\lombok-1.18.39-4050.jar -XX:+HeapDumpOnOutOfMemoryError -XX:HeapDumpPath=c:\Users\Lenovo\AppData\Roaming\Code\User\workspaceStorage\eb1923ee63e7e26d040958249cb321ab\redhat.java -Daether.dependencyCollector.impl=bf 
java_command: c:\Users\Lenovo\.vscode\extensions\redhat.java-1.55.0-win32-x64\server\plugins\org.eclipse.equinox.launcher_1.7.200.v20260619-2039.jar -configuration c:\Users\Lenovo\AppData\Roaming\Code\User\globalStorage\redhat.java\1.55.0\config_win -data c:\Users\Lenovo\AppData\Roaming\Code\User\workspaceStorage\eb1923ee63e7e26d040958249cb321ab\redhat.java\jdt_ws --pipe=\\.\pipe\lsp-fe1edca8a3d3a01999b33824a9e76bec-sock
java_class_path (initial): c:\Users\Lenovo\.vscode\extensions\redhat.java-1.55.0-win32-x64\server\plugins\org.eclipse.equinox.launcher_1.7.200.v20260619-2039.jar
Launcher Type: SUN_STANDARD

[Global flags]
    uintx AdaptiveSizePolicyWeight                 = 90                                        {product} {command line}
     intx CICompilerCount                          = 4                                         {product} {ergonomic}
    uintx GCTimeRatio                              = 4                                         {product} {command line}
     bool HeapDumpOnOutOfMemoryError               = true                                   {manageable} {command line}
    ccstr HeapDumpPath                             = c:\Users\Lenovo\AppData\Roaming\Code\User\workspaceStorage\eb1923ee63e7e26d040958249cb321ab\redhat.java         {manageable} {command line}
   size_t InitialHeapSize                          = 104857600                                 {product} {command line}
   size_t MaxHeapSize                              = 2147483648                                {product} {command line}
   size_t MaxNewSize                               = 715653120                                 {product} {ergonomic}
   size_t MinHeapDeltaBytes                        = 524288                                    {product} {ergonomic}
   size_t MinHeapSize                              = 104857600                                 {product} {command line}
   size_t NewSize                                  = 34603008                                  {product} {ergonomic}
    uintx NonNMethodCodeHeapSize                   = 5839372                                {pd product} {ergonomic}
    uintx NonProfiledCodeHeapSize                  = 122909434                              {pd product} {ergonomic}
   size_t OldSize                                  = 70254592                                  {product} {ergonomic}
    uintx ProfiledCodeHeapSize                     = 122909434                              {pd product} {ergonomic}
    uintx ReservedCodeCacheSize                    = 251658240                              {pd product} {ergonomic}
     bool SegmentedCodeCache                       = true                                      {product} {ergonomic}
   size_t SoftMaxHeapSize                          = 2147483648                             {manageable} {ergonomic}
     bool UseCompressedOops                        = true                           {product lp64_product} {ergonomic}
     bool UseLargePagesIndividualAllocation        = false                                  {pd product} {ergonomic}
     bool UseParallelGC                            = true                                      {product} {command line}

Logging:
Log output configuration:
 #0: stdout all=off uptime,level,tags foldmultilines=false
 #1: stderr all=off uptime,level,tags foldmultilines=false

Release file:
JAVA_VERSION="21.0.11" 
MODULES="java.base java.compiler java.datatransfer java.xml java.prefs java.desktop java.instrument java.logging java.management java.security.sasl java.naming java.rmi java.management.rmi java.net.http java.scripting java.security.jgss java.transaction.xa java.sql java.sql.rowset java.xml.crypto java.se java.smartcardio jdk.accessibility jdk.internal.jvmstat jdk.attach jdk.charsets jdk.internal.opt jdk.zipfs jdk.compiler jdk.crypto.ec jdk.crypto.cryptoki jdk.crypto.mscapi jdk.dynalink jdk.internal.ed jdk.editpad jdk.hotspot.agent jdk.httpserver jdk.internal.le jdk.internal.vm.ci jdk.internal.vm.compiler jdk.internal.vm.compiler.management jdk.jartool jdk.javadoc jdk.jcmd jdk.management jdk.management.agent jdk.jconsole jdk.jdeps jdk.jdwp.agent jdk.jdi jdk.jfr jdk.jshell jdk.jsobject jdk.jstatd jdk.localedata jdk.management.jfr jdk.naming.dns jdk.naming.rmi jdk.net jdk.nio.mapmode jdk.random jdk.sctp jdk.security.auth jdk.security.jgss jdk.unsupported jdk.unsupported.desktop jdk.xml.dom" 

Environment Variables:
PATH=C:\Program Files\Common Files\Oracle\Java\javapath;C:\Program Files\nodejs\;C:\Program Files\Git\cmd;C:\WINDOWS\system32;C:\WINDOWS;C:\WINDOWS\System32\Wbem;C:\WINDOWS\System32\WindowsPowerShell\v1.0\;C:\WINDOWS\System32\OpenSSH\;C:\Program Files\Docker\Docker\resources\bin;C:\Program Files\Microsoft SQL Server\170\Tools\Binn\;C:\Program Files\Microsoft SQL Server\Client SDK\ODBC\170\Tools\Binn\;C:\Program Files\Mullvad VPN\resources;C:\Program Files\dotnet\;C:\Users\Lenovo\AppData\Local\Microsoft\WindowsApps;C:\Users\Lenovo\AppData\Local\Programs\Microsoft VS Code\bin;C:\Users\Lenovo\AppData\Roaming\npm;C:\Program Files\JetBrains\PhpStorm 2026.1.3\bin;C:\Users\Lenovo\AppData\Local\Programs\mongosh\;C:\Users\Lenovo\.dotnet\tools;C:\Users\Lenovo\AppData\Local\Gource\cmd;C:\Users\Lenovo\AppData\Local\GitHubDesktop\bin
USERNAME=Lenovo
OS=Windows_NT
PROCESSOR_IDENTIFIER=AMD64 Family 23 Model 104 Stepping 1, AuthenticAMD
TMP=C:\Users\Lenovo\AppData\Local\Temp
TEMP=C:\Users\Lenovo\AppData\Local\Temp




Periodic native trim disabled

---------------  S Y S T E M  ---------------

OS:
 Windows 11 , 64 bit Build 26100 (10.0.26100.8875)
OS uptime: 0 days 3:03 hours
Hyper-V role detected

CPU: total 12 (initial active 12) (12 cores per cpu, 2 threads per core) family 23 model 104 stepping 1 microcode 0x8608103, cx8, cmov, fxsr, ht, mmx, 3dnowpref, sse, sse2, sse3, ssse3, sse4a, sse4.1, sse4.2, popcnt, lzcnt, tsc, tscinvbit, avx, avx2, aes, clmul, bmi1, bmi2, adx, sha, fma, vzeroupper, clflush, clflushopt, hv, rdtscp, rdpid, f16c
Processor Information for the first 12 processors :
  Max Mhz: 2100, Current Mhz: 2100, Mhz Limit: 2100

Memory: 4k page, system-wide physical 15178M (4983M free)
TotalPageFile size 15178M (AvailPageFile size 2M)
current process WorkingSet (physical memory assigned to process): 654M, peak: 1763M
current process commit charge ("private bytes"): 922M, peak: 1797M

vm_info: OpenJDK 64-Bit Server VM (21.0.11+10-LTS) for windows-amd64 JRE (21.0.11+10-LTS), built on 2026-04-21T00:00:00Z by "admin" with MS VC++ 17.12 (VS2022)

END.
