#
# There is insufficient memory for the Java Runtime Environment to continue.
# Native memory allocation (malloc) failed to allocate 1553688 bytes. Error detail: Chunk::new
# Possible reasons:
#   The system is out of physical RAM or swap space
#   This process is running with CompressedOops enabled, and the Java Heap may be blocking the growth of the native heap
# Possible solutions:
#   Reduce memory load on the system
#   Increase physical memory or swap space
#   Check if swap backing store is full
#   Decrease Java heap size (-Xmx/-Xms)
#   Decrease number of Java threads
#   Decrease Java thread stack sizes (-Xss)
#   Set larger code cache with -XX:ReservedCodeCacheSize=
#   JVM is running with Zero Based Compressed Oops mode in which the Java heap is
#     placed in the first 32GB address space. The Java Heap base address is the
#     maximum limit for the native heap growth. Please use -XX:HeapBaseMinAddress
#     to set the Java Heap base and to place the Java Heap above 32GB virtual address.
# This output file may be truncated or incomplete.
#
#  Out of Memory Error (arena.cpp:193), pid=21868, tid=24412
#
# JRE version: Java(TM) SE Runtime Environment (26.0.1+8) (build 26.0.1+8-34)
# Java VM: Java HotSpot(TM) 64-Bit Server VM (26.0.1+8-34, mixed mode, sharing, tiered, compressed oops, compressed class ptrs, g1 gc, windows-amd64)
# No core dump will be written. Minidumps are not enabled by default on client versions of Windows
#

---------------  S U M M A R Y ------------

Command Line: --enable-native-access=ALL-UNNAMED -Dclassworlds.conf=C:\Users\Lenovo\.m2\wrapper\dists\apache-maven-3.9.16\0daed3be3ebd1c706f0e69e8b07c6b73f5cc4ea3dfce72a8d0ec2e849ca2ddb0\bin\m2.conf -Dmaven.home=C:\Users\Lenovo\.m2\wrapper\dists\apache-maven-3.9.16\0daed3be3ebd1c706f0e69e8b07c6b73f5cc4ea3dfce72a8d0ec2e849ca2ddb0 -Dlibrary.jansi.path=C:\Users\Lenovo\.m2\wrapper\dists\apache-maven-3.9.16\0daed3be3ebd1c706f0e69e8b07c6b73f5cc4ea3dfce72a8d0ec2e849ca2ddb0\lib\jansi-native -Dmaven.multiModuleProjectDirectory=C:\Users\Lenovo\Downloads\gestion_de_note org.codehaus.plexus.classworlds.launcher.Launcher -Dexec.vmArgs=-agentlib:jdwp=transport=dt_socket,server=n,address=${jpda.address} -Dfile.encoding=UTF-8 -Dexec.args=${exec.vmArgs} -classpath %classpath ${exec.mainClass} ${exec.appArgs} -Dexec.executable=C:\Users\Lenovo\Desktop\lmdrasaaa\php\oracleJdk-26\bin\java.exe -Dexec.mainClass=com.gestion_de_note.gestion_de_note.GestionDeNoteApplication -Dexec.classpathScope=runtime -Djpda.listen=true -Dexec.appArgs= -Dmaven.ext.class.path=C:\Users\Lenovo\.vscode\extensions\oracle.oracle-java-26.0.0\nbcode\java\maven-nblib\netbeans-eventspy.jar --no-transfer-progress process-test-classes org.codehaus.mojo:exec-maven-plugin:3.5.1:exec

Host: AMD Ryzen 5 5500U with Radeon Graphics         , 12 cores, 14G,  Windows 11 , 64 bit Build 26100 (10.0.26100.8875)
Time: Sun Jul 26 16:32:24 2026 elapsed time: 1.803913 seconds (0d 0h 0m 1s)

---------------  T H R E A D  ---------------

Current thread (0x00000203fd742f90):  JavaThread "C2 CompilerThread0" daemon [_thread_in_native, id=24412, stack(0x000000728cd00000,0x000000728ce00000) (1024K)]


Current CompileTask:
C2:1804  537       4       java.lang.StringLatin1::indexOf (121 bytes)

Stack: [0x000000728cd00000,0x000000728ce00000]
Native frames: (J=compiled Java code, j=interpreted, Vv=VM code, C=native code)
V  [jvm.dll+0x7d5879]  (no source info available)
V  [jvm.dll+0x7a37dd]  (no source info available)
V  [jvm.dll+0x9b0c10]  (no source info available)
V  [jvm.dll+0x9b3061]  (no source info available)
V  [jvm.dll+0x9b3773]  (no source info available)
V  [jvm.dll+0x30df76]  (no source info available)
V  [jvm.dll+0x11d8a6]  (no source info available)
V  [jvm.dll+0x11dbce]  (no source info available)
V  [jvm.dll+0x1afbe6]  (no source info available)
V  [jvm.dll+0x3ca822]  (no source info available)
V  [jvm.dll+0x7de462]  (no source info available)
V  [jvm.dll+0x2d1647]  (no source info available)
V  [jvm.dll+0x2d05bf]  (no source info available)
V  [jvm.dll+0x246820]  (no source info available)
V  [jvm.dll+0x2e06dc]  (no source info available)
V  [jvm.dll+0x2de8bd]  (no source info available)
V  [jvm.dll+0x4a3ff1]  (no source info available)
V  [jvm.dll+0x94f649]  (no source info available)
V  [jvm.dll+0x7d7358]  (no source info available)
C  [ucrtbase.dll+0x2cd30]  (no source info available)
C  [KERNEL32.DLL+0x2e957]  (no source info available)
C  [ntdll.dll+0xaad6c]  (no source info available)

Lock stack of current Java thread (top to bottom):


---------------  P R O C E S S  ---------------

Threads class SMR info:
_java_thread_list=0x000002038f9cbc10, length=12, elements={
0x00000203ea54f520, 0x00000203fd733340, 0x00000203fd733c40, 0x00000203fd73b980,
0x00000203fd73c530, 0x00000203fd7410f0, 0x00000203fd741ca0, 0x00000203fd742f90,
0x00000203fd749bb0, 0x000002038f131b60, 0x000002038f138780, 0x000002038f7b4d80
}

Java Threads: ( => current thread )
  0x00000203ea54f520 JavaThread "main"                              [_thread_in_Java, id=9212, stack(0x000000728be00000,0x000000728bf00000) (1024K)]
  0x00000203fd733340 JavaThread "Reference Handler"          daemon [_thread_blocked, id=13608, stack(0x000000728c700000,0x000000728c800000) (1024K)]
  0x00000203fd733c40 JavaThread "Finalizer"                  daemon [_thread_blocked, id=13744, stack(0x000000728c800000,0x000000728c900000) (1024K)]
  0x00000203fd73b980 JavaThread "Signal Dispatcher"          daemon [_thread_blocked, id=6432, stack(0x000000728c900000,0x000000728ca00000) (1024K)]
  0x00000203fd73c530 JavaThread "Attach Listener"            daemon [_thread_blocked, id=21368, stack(0x000000728ca00000,0x000000728cb00000) (1024K)]
  0x00000203fd7410f0 JavaThread "Service Thread"             daemon [_thread_blocked, id=22240, stack(0x000000728cb00000,0x000000728cc00000) (1024K)]
  0x00000203fd741ca0 JavaThread "Monitor Deflation Thread"   daemon [_thread_blocked, id=21628, stack(0x000000728cc00000,0x000000728cd00000) (1024K)]
=>0x00000203fd742f90 JavaThread "C2 CompilerThread0"         daemon [_thread_in_native, id=24412, stack(0x000000728cd00000,0x000000728ce00000) (1024K)]
  0x00000203fd749bb0 JavaThread "C1 CompilerThread0"         daemon [_thread_blocked, id=21248, stack(0x000000728ce00000,0x000000728cf00000) (1024K)]
  0x000002038f131b60 JavaThread "Notification Thread"        daemon [_thread_blocked, id=16568, stack(0x000000728cf00000,0x000000728d000000) (1024K)]
  0x000002038f138780 JavaThread "Common-Cleaner"             daemon [_thread_blocked, id=14816, stack(0x000000728d000000,0x000000728d100000) (1024K)]
  0x000002038f7b4d80 JavaThread "C2 CompilerThread1"         daemon [_thread_blocked, id=16160, stack(0x000000728d100000,0x000000728d200000) (1024K)]
Total: 12

Other Threads:
  0x00000203fd723720 VMThread "VM Thread"                           [id=24492, stack(0x000000728c600000,0x000000728c700000) (1024K)]
  0x00000203fd5f0590 WatcherThread "VM Periodic Task Thread"        [id=5540, stack(0x000000728c500000,0x000000728c600000) (1024K)]
  0x00000203eca12070 WorkerThread "GC Thread#0"                     [id=22292, stack(0x000000728bf00000,0x000000728c000000) (1024K)]
  0x000002038f2b4ca0 WorkerThread "GC Thread#1"                     [id=23848, stack(0x000000728d200000,0x000000728d300000) (1024K)]
  0x00000203eca29b20 ConcurrentGCThread "G1 Main Marker"            [id=21512, stack(0x000000728c000000,0x000000728c100000) (1024K)]
  0x00000203eca2a4a0 WorkerThread "G1 Conc#0"                       [id=12628, stack(0x000000728c100000,0x000000728c200000) (1024K)]
  0x00000203fd5dd5d0 WorkerThread "G1 Refinement Workers#0"         [id=10396, stack(0x000000728c300000,0x000000728c400000) (1024K)]
  0x00000203fd5d1ef0 ConcurrentGCThread "G1 Refine Control"         [id=1928, stack(0x000000728c200000,0x000000728c300000) (1024K)]
  0x00000203fd5dff50 ConcurrentGCThread "G1 Service"                [id=22880, stack(0x000000728c400000,0x000000728c500000) (1024K)]
Total: 9

Threads with active compile tasks:
C2 CompilerThread0  4326  537       4       java.lang.StringLatin1::indexOf (121 bytes)
C1 CompilerThread0  4326  574       3       jdk.internal.loader.URLClassPath::getResource (71 bytes)
Total: 2

VM state: not at safepoint (normal execution)

VM Mutex/Monitor currently owned by a thread: None

Heap address: 0x0000000712c00000, size: 3796 MB, Compressed Oops mode: Zero based, Oop shift amount: 3

CDS archive(s) mapped at: [0x000000009c000000-0x000000009cde0000-0x000000009cde0000), size 14548992, SharedBaseAddress: 0x000000009c000000, ArchiveRelocationMode: 1.
Compressed class space mapped at: 0x000000009d000000-0x00000000dd000000, reserved size: 1073741824
UseCompressedClassPointers 1, UseCompactObjectHeaders 0
Narrow klass pointer bits 32, Max shift 3
Narrow klass base: 0x000000009c000000, Narrow klass shift: 0
Encoding Range: [0x000000009c000000 - 0x000000019c000000), (4294967296 bytes)
Klass Range:    [0x000000009c000000 - 0x00000000dd000000), (1090519040 bytes)
Klass ID Range:  [8 - 1090519033) (1090519025)
Protection zone: [0x000000009c000000 - 0x000000009c010000), (65536 bytes)

GC Precious Log:
 CardTable entry size: 512
 Card Set container configuration: InlinePtr #cards 4 size 8 Array Of Cards #cards 16 size 48 Howl #buckets 8 coarsen threshold 3686 Howl Bitmap #cards 512 size 80 coarsen threshold 460 Card regions per heap region 1 cards per card region 4096
 CPUs: 12 total, 12 available
 Memory: 15178M
 Large Page Support: Disabled
 NUMA Support: Disabled
 Compressed Oops: Enabled (Zero based)
 Heap Region Size: 2M
 Heap Min Capacity: 8M
 Heap Initial Capacity: 8M
 Heap Max Capacity: 3796M
 Pre-touch: Disabled
 Parallel Workers: 10
 Concurrent Workers: 3
 Concurrent Refinement Workers: 10
 Periodic GC: Disabled

Heap:
 garbage-first heap   total reserved 3887104K, committed 10240K, used 2884K [0x0000000712c00000, 0x0000000800000000)
  region size 2M, 1 eden (2M), 1 survivor (2M), 2 old (4M), 0 humongous (0M), 1 free (2M)

Heap Regions: E=young(eden), S=young(survivor), O=old, HS=humongous(starts), HC=humongous(continues), CS=collection set, F=free, TAMS=top-at-mark-start, PB=parsable bottom
|    0|0x0000000712c00000, 0x0000000712d5bff0, 0x0000000712e00000| 67%| O|  |TAMS 0x0000000712c00000| PB 0x0000000712c00000| Untracked |  0
|    1|0x0000000712e00000, 0x0000000712e00000, 0x0000000713000000|  0%| F|  |TAMS 0x0000000712e00000| PB 0x0000000712e00000| Untracked |  0
|    2|0x0000000713000000, 0x000000071304c428, 0x0000000713200000| 14%| S|CS|TAMS 0x0000000713000000| PB 0x0000000713000000| Complete  |  0
|    3|0x0000000713200000, 0x0000000713216600, 0x0000000713400000|  4%| E|CS|TAMS 0x0000000713200000| PB 0x0000000713200000| Complete  |  0
| 1897|0x00000007ffe00000, 0x00000007fff28d80, 0x0000000800000000| 57%| O|  |TAMS 0x00000007ffe00000| PB 0x00000007ffe00000| Untracked |  0

Card table byte_map: [0x00000203f6300000,0x00000203f6a70000] _byte_map_base: 0x00000203f2a6a000
Refinement table byte_map: [0x00000203f6a70000,0x00000203f71e0000] _byte_map_base: 0x00000203f31da000

Marking Bits: (CMBitMap*) 0x00000203eca125f0
 Bits: [0x00000203f71e0000, 0x00000203fad30000)

Polling page: 0x00000203ebfa0000

Metaspace:
Metaspace        used 1684K, committed 1856K, reserved 1114112K
 class space     used 141K, committed 192K, reserved 1048576K

Usage:
  Non-class:      1.51 MB used.
      Class:    141.01 KB used.
       Both:      1.65 MB used.

Virtual space:
  Non-class space:       64.00 MB reserved,       1.62 MB (  3%) committed,  1 nodes.
      Class space:        1.00 GB reserved,     192.00 KB ( <1%) committed,  1 nodes.
             Both:        1.06 GB reserved,       1.81 MB ( <1%) committed. 

Chunk freelists:
   Non-Class:  11.36 MB
       Class:  15.67 MB
        Both:  27.03 MB

MaxMetaspaceSize: unlimited
CompressedClassSpaceSize: 1.00 GB
Initial GC threshold: 21.00 MB
Current GC threshold: 21.00 MB
CDS: on
 - commit_granule_bytes: 65536.
 - commit_granule_words: 8192.
 - virtual_space_node_default_size: 8388608.
 - enlarge_chunks_in_place: 1.
UseCompressedClassPointers 1, UseCompactObjectHeaders 0
Narrow klass pointer bits 32, Max shift 3
Narrow klass base: 0x000000009c000000, Narrow klass shift: 0
Encoding Range: [0x000000009c000000 - 0x000000019c000000), (4294967296 bytes)
Klass Range:    [0x000000009c000000 - 0x00000000dd000000), (1090519040 bytes)
Klass ID Range:  [8 - 1090519033) (1090519025)
Protection zone: [0x000000009c000000 - 0x000000009c010000), (65536 bytes)


Internal statistics:

num_allocs_failed_limit: 0.
num_arena_births: 34.
num_arena_deaths: 0.
num_vsnodes_births: 2.
num_vsnodes_deaths: 0.
num_space_committed: 30.
num_space_uncommitted: 0.
num_chunks_returned_to_freelist: 0.
num_chunks_taken_from_freelist: 79.
num_chunk_merges: 0.
num_chunk_splits: 47.
num_chunks_enlarged: 34.
num_inconsistent_stats: 0.

CodeHeap 'non-profiled nmethods': size=120064Kb used=186Kb max_used=186Kb free=119877Kb
 bounds [0x0000020387ae0000, 0x0000020387d50000, 0x000002038f020000]
CodeHeap 'profiled nmethods': size=120064Kb used=771Kb max_used=771Kb free=119292Kb
 bounds [0x0000020380000000, 0x0000020380270000, 0x0000020387540000]
CodeHeap 'non-nmethods': size=5760Kb used=1297Kb max_used=1316Kb free=4462Kb
 bounds [0x0000020387540000, 0x00000203877b0000, 0x0000020387ae0000]
CodeCache: size=245888Kb, used=2254Kb, max_used=2273Kb, free=243631Kb
 total_blobs=979, nmethods=573, adapters=310, full_count=0
Compilation: enabled, stopped_count=0, restarted_count=0

Compilation events (20 events):
Event: 0.793 Thread 0x00000203fd749bb0 nmethod 538 0x0000020387b0d108 code [0x0000020387b0d200, 0x0000020387b0d2b8]
Event: 0.793 Thread 0x00000203fd749bb0  539       1       java.util.concurrent.ConcurrentHashMap$MapEntry::getValue (5 bytes)
Event: 0.793 Thread 0x00000203fd749bb0 nmethod 539 0x0000020387b0d408 code [0x0000020387b0d500, 0x0000020387b0d5b8]
Event: 0.793 Thread 0x00000203fd749bb0  540       3       java.util.concurrent.ConcurrentHashMap$BaseIterator::hasNext (13 bytes)
Event: 0.793 Thread 0x00000203fd749bb0 nmethod 540 0x00000203800b3e08 code [0x00000203800b3f00, 0x00000203800b4050]
Event: 0.795 Thread 0x00000203fd749bb0  541       3       java.util.Objects::hashCode (13 bytes)
Event: 0.795 Thread 0x00000203fd749bb0 nmethod 541 0x00000203800b4108 code [0x00000203800b4200, 0x00000203800b4410]
Event: 0.796 Thread 0x00000203fd749bb0  542       3       java.io.File::exists (18 bytes)
Event: 0.797 Thread 0x00000203fd749bb0 nmethod 542 0x00000203800b4488 code [0x00000203800b4580, 0x00000203800b4c30]
Event: 0.797 Thread 0x00000203fd749bb0  545   !   3       jdk.internal.loader.URLClassPath$JarLoader::getResource (39 bytes)
Event: 0.797 Thread 0x00000203fd749bb0 nmethod 545 0x00000203800b4c88 code [0x00000203800b4d80, 0x00000203800b52d0]
Event: 0.797 Thread 0x00000203fd749bb0  546       3       java.util.jar.JarFile::getJarEntry (9 bytes)
Event: 0.797 Thread 0x00000203fd749bb0 nmethod 546 0x00000203800b5308 code [0x00000203800b5400, 0x00000203800b5688]
Event: 0.797 Thread 0x00000203fd749bb0  544       3       java.util.jar.JarFile::getEntry (35 bytes)
Event: 0.798 Thread 0x00000203fd749bb0 nmethod 544 0x00000203800b5708 code [0x00000203800b5800, 0x00000203800b5cd0]
Event: 0.798 Thread 0x00000203fd749bb0  543       3       java.lang.String::<init> (10 bytes)
Event: 0.798 Thread 0x00000203fd749bb0 nmethod 543 0x00000203800b5d08 code [0x00000203800b5e00, 0x00000203800b5f48]
Event: 0.800 Thread 0x00000203fd749bb0  547       3       java.net.URL::<init> (8 bytes)
Event: 0.800 Thread 0x00000203fd749bb0 nmethod 547 0x00000203800b6008 code [0x00000203800b6100, 0x00000203800b6238]
Event: 0.801 Thread 0x00000203fd749bb0  548   !   3       java.util.jar.JarFile::checkForSpecialAttributes (163 bytes)

GC Heap Usage History (2 events):
Event: 0.534 {heap Before GC invocations=0 (full 0):
 garbage-first heap   total reserved 3887104K, committed 10240K, used 5283K [0x0000000712c00000, 0x0000000800000000)
  region size 2M, 2 eden (4M), 0 survivor (0M), 1 old (2M), 0 humongous (0M), 2 free (4M)
}
Event: 0.552 {heap After GC invocations=1 (full 0):
 garbage-first heap   total reserved 3887104K, committed 10240K, used 2678K [0x0000000712c00000, 0x0000000800000000)
  region size 2M, 0 eden (0M), 1 survivor (2M), 1 old (2M), 0 humongous (0M), 3 free (6M)
}

Metaspace Usage History (2 events):
Event: 0.534 {metaspace Before GC invocations=0 (full 0):
 Metaspace       used 861K, committed 1024K, reserved 1114112K
  class space    used 60K, committed 128K, reserved 1048576K
}
Event: 0.552 {metaspace After GC invocations=1 (full 0):
 Metaspace       used 861K, committed 1024K, reserved 1114112K
  class space    used 60K, committed 128K, reserved 1048576K
}

Dll operation events (14 events):
Event: 0.020 Attempting to load shared library C:\Users\Lenovo\Desktop\lmdrasaaa\php\oracleJdk-26\bin\java.dll
Event: 0.022 Loaded shared library C:\Users\Lenovo\Desktop\lmdrasaaa\php\oracleJdk-26\bin\java.dll
Event: 0.110 Attempting to load shared library C:\Users\Lenovo\Desktop\lmdrasaaa\php\oracleJdk-26\bin\net.dll
Event: 0.110 Loaded shared library C:\Users\Lenovo\Desktop\lmdrasaaa\php\oracleJdk-26\bin\net.dll
Event: 0.115 Attempting to load shared library C:\Users\Lenovo\Desktop\lmdrasaaa\php\oracleJdk-26\bin\nio.dll
Event: 0.115 Loaded shared library C:\Users\Lenovo\Desktop\lmdrasaaa\php\oracleJdk-26\bin\nio.dll
Event: 0.122 Attempting to load shared library C:\Users\Lenovo\Desktop\lmdrasaaa\php\oracleJdk-26\bin\zip.dll
Event: 0.123 Loaded shared library C:\Users\Lenovo\Desktop\lmdrasaaa\php\oracleJdk-26\bin\zip.dll
Event: 0.594 Attempting to load shared library C:\Users\Lenovo\.m2\wrapper\dists\apache-maven-3.9.16\0daed3be3ebd1c706f0e69e8b07c6b73f5cc4ea3dfce72a8d0ec2e849ca2ddb0\lib\jansi-native\Windows\x86_64\jansi.dll
Event: 0.595 Loaded shared library C:\Users\Lenovo\.m2\wrapper\dists\apache-maven-3.9.16\0daed3be3ebd1c706f0e69e8b07c6b73f5cc4ea3dfce72a8d0ec2e849ca2ddb0\lib\jansi-native\Windows\x86_64\jansi.dll
Event: 0.659 Attempting to load shared library C:\Users\Lenovo\Desktop\lmdrasaaa\php\oracleJdk-26\bin\verify.dll
Event: 0.659 Loaded shared library C:\Users\Lenovo\Desktop\lmdrasaaa\php\oracleJdk-26\bin\verify.dll
Event: 0.750 Attempting to load shared library C:\Users\Lenovo\Desktop\lmdrasaaa\php\oracleJdk-26\bin\jimage.dll
Event: 0.752 Loaded shared library C:\Users\Lenovo\Desktop\lmdrasaaa\php\oracleJdk-26\bin\jimage.dll

Deoptimization events (20 events):
Event: 0.614 Thread 0x00000203ea54f520 DEOPT PACKING pc=0x0000020380071f19 sp=0x000000728befa800
Event: 0.614 Thread 0x00000203ea54f520 DEOPT UNPACKING pc=0x0000020387591a02 sp=0x000000728bef9c50 mode 0
Event: 0.644 Thread 0x00000203ea54f520 DEOPT PACKING pc=0x0000020380071f19 sp=0x000000728befa6e0
Event: 0.644 Thread 0x00000203ea54f520 DEOPT UNPACKING pc=0x0000020387591a02 sp=0x000000728bef9b30 mode 0
Event: 0.657 Thread 0x00000203ea54f520 DEOPT PACKING pc=0x00000203800228a8 sp=0x000000728befe120
Event: 0.657 Thread 0x00000203ea54f520 DEOPT UNPACKING pc=0x0000020387591a02 sp=0x000000728befd590 mode 0
Event: 0.660 Thread 0x00000203ea54f520 DEOPT PACKING pc=0x0000020380071f19 sp=0x000000728befdda0
Event: 0.660 Thread 0x00000203ea54f520 DEOPT UNPACKING pc=0x0000020387591a02 sp=0x000000728befd218 mode 0
Event: 0.664 Thread 0x00000203ea54f520 DEOPT PACKING pc=0x000002038001ad00 sp=0x000000728befab30
Event: 0.664 Thread 0x00000203ea54f520 DEOPT UNPACKING pc=0x0000020387591a02 sp=0x000000728bef9ff0 mode 0
Event: 0.677 Thread 0x00000203ea54f520 DEOPT PACKING pc=0x0000020380071f19 sp=0x000000728befdc90
Event: 0.677 Thread 0x00000203ea54f520 DEOPT UNPACKING pc=0x0000020387591a02 sp=0x000000728befd0e0 mode 0
Event: 0.713 Thread 0x000002038f2fe4d0 Uncommon trap: trap_request=0xffffff45 fr.pc=0x0000020387aef2cc relative=0x00000000000000cc
Event: 0.713 Thread 0x000002038f2fe4d0 Uncommon trap: reason=unstable_if action=reinterpret pc=0x0000020387aef2cc method=java.lang.AbstractStringBuilder.append(C)Ljava/lang/AbstractStringBuilder; @ 36 c2
Event: 0.713 Thread 0x000002038f2fe4d0 DEOPT PACKING pc=0x0000020387aef2cc sp=0x000000728d3fdb00
Event: 0.714 Thread 0x000002038f2fe4d0 DEOPT UNPACKING pc=0x0000020387664882 sp=0x000000728d3fda38 mode 2
Event: 0.787 Thread 0x00000203ea54f520 Uncommon trap: trap_request=0xffffff66 fr.pc=0x0000020387b08468 relative=0x00000000000003e8
Event: 0.787 Thread 0x00000203ea54f520 Uncommon trap: reason=loop_limit_check action=maybe_recompile pc=0x0000020387b08468 method=java.lang.StringLatin1.indexOf([BI[BII)I @ 37 c2
Event: 0.787 Thread 0x00000203ea54f520 DEOPT PACKING pc=0x0000020387b08468 sp=0x000000728befe250
Event: 0.787 Thread 0x00000203ea54f520 DEOPT UNPACKING pc=0x0000020387664882 sp=0x000000728befe1b0 mode 2

Classes loaded (20 events):
Event: 0.781 Loading class sun/net/www/protocol/file/FileURLConnection
Event: 0.782 Loading class sun/net/www/URLConnection
Event: 0.782 Loading class sun/net/www/URLConnection done
Event: 0.782 Loading class sun/net/www/protocol/file/FileURLConnection done
Event: 0.782 Loading class sun/net/www/MessageHeader
Event: 0.784 Loading class sun/net/www/MessageHeader done
Event: 0.784 Loading class jdk/internal/util/OperatingSystem
Event: 0.784 Loading class jdk/internal/util/OperatingSystem done
Event: 0.785 Loading class sun/net/www/protocol/jar/URLJarFile
Event: 0.786 Loading class sun/net/www/protocol/jar/URLJarFile done
Event: 0.787 Loading class java/util/Collections$UnmodifiableMap$UnmodifiableEntrySet
Event: 0.787 Loading class java/util/Collections$UnmodifiableMap$UnmodifiableEntrySet done
Event: 0.787 Loading class java/util/Collections$UnmodifiableMap$UnmodifiableEntrySet$1
Event: 0.787 Loading class java/util/Collections$UnmodifiableMap$UnmodifiableEntrySet$1 done
Event: 0.788 Loading class java/util/Collections$UnmodifiableMap$UnmodifiableEntrySet$UnmodifiableEntry
Event: 0.788 Loading class java/util/Collections$UnmodifiableMap$UnmodifiableEntrySet$UnmodifiableEntry done
Event: 0.788 Loading class sun/net/www/protocol/jar/URLJarFile$URLJarFileEntry
Event: 0.789 Loading class sun/net/www/protocol/jar/URLJarFile$URLJarFileEntry done
Event: 0.790 Loading class sun/net/www/protocol/jar/JarURLConnection$JarURLInputStream
Event: 0.790 Loading class sun/net/www/protocol/jar/JarURLConnection$JarURLInputStream done

Classes unloaded (0 events):
No events

Classes redefined (0 events):
No events

Internal exceptions (15 events):
Event: 0.483 Thread 0x00000203ea54f520 Exception <a 'java/lang/NoSuchMethodError'{0x000000071319ff60}: 'java.lang.Object java.lang.invoke.Invokers$Holder.invokeExact_MT(java.lang.Object, java.lang.Object, java.lang.Object, java.lang.Object, java.lang.Object)'> (0x000000071319ff60) 
thrown [s\open\src\hotspot\share\interpreter\linkResolver.cpp, line 804]
Event: 0.512 Thread 0x00000203ea54f520 Exception <a 'java/lang/NoSuchMethodError'{0x00000007131d4210}: 'java.lang.Object java.lang.invoke.DirectMethodHandle$Holder.invokeStaticInit(java.lang.Object)'> (0x00000007131d4210) 
thrown [s\open\src\hotspot\share\interpreter\linkResolver.cpp, line 804]
Event: 0.565 Thread 0x00000203ea54f520 Exception <a 'java/lang/NullPointerException'{0x000000071320f198}> (0x000000071320f198) 
thrown [s\open\src\hotspot\share\interpreter\linkResolver.cpp, line 1428]
Event: 0.606 Thread 0x00000203ea54f520 Exception <a 'java/lang/NullPointerException'{0x0000000713238730}> (0x0000000713238730) 
thrown [s\open\src\hotspot\share\interpreter\linkResolver.cpp, line 1428]
Event: 0.606 Thread 0x00000203ea54f520 Exception <a 'java/lang/NullPointerException'{0x0000000713238a10}> (0x0000000713238a10) 
thrown [s\open\src\hotspot\share\interpreter\linkResolver.cpp, line 1428]
Event: 0.606 Thread 0x00000203ea54f520 Exception <a 'java/lang/NullPointerException'{0x0000000713238cf0}> (0x0000000713238cf0) 
thrown [s\open\src\hotspot\share\interpreter\linkResolver.cpp, line 1428]
Event: 0.611 Thread 0x00000203ea54f520 Exception <a 'java/lang/NullPointerException'{0x000000071323f460}> (0x000000071323f460) 
thrown [s\open\src\hotspot\share\interpreter\linkResolver.cpp, line 1428]
Event: 0.624 Thread 0x00000203ea54f520 Exception <a 'java/lang/NullPointerException'{0x0000000713253228}> (0x0000000713253228) 
thrown [s\open\src\hotspot\share\interpreter\linkResolver.cpp, line 1428]
Event: 0.624 Thread 0x00000203ea54f520 Exception <a 'java/lang/NullPointerException'{0x0000000713253508}> (0x0000000713253508) 
thrown [s\open\src\hotspot\share\interpreter\linkResolver.cpp, line 1428]
Event: 0.624 Thread 0x00000203ea54f520 Exception <a 'java/lang/NullPointerException'{0x00000007132537e8}> (0x00000007132537e8) 
thrown [s\open\src\hotspot\share\interpreter\linkResolver.cpp, line 1428]
Event: 0.624 Thread 0x00000203ea54f520 Exception <a 'java/lang/NullPointerException'{0x0000000713253ac8}> (0x0000000713253ac8) 
thrown [s\open\src\hotspot\share\interpreter\linkResolver.cpp, line 1428]
Event: 0.744 Thread 0x00000203ea54f520 Exception <a 'java/lang/NoSuchMethodError'{0x00000007132c6550}: 'void java.lang.invoke.DirectMethodHandle$Holder.invokeVirtual(java.lang.Object, java.lang.Object)'> (0x00000007132c6550) 
thrown [s\open\src\hotspot\share\interpreter\linkResolver.cpp, line 804]
Event: 0.754 Thread 0x00000203ea54f520 Exception <a 'java/lang/NoSuchMethodError'{0x00000007132e96e0}: 'void java.lang.invoke.DirectMethodHandle$Holder.invokeStatic(java.lang.Object, java.lang.Object)'> (0x00000007132e96e0) 
thrown [s\open\src\hotspot\share\interpreter\linkResolver.cpp, line 804]
Event: 0.757 Thread 0x00000203ea54f520 Exception <a 'java/lang/NoSuchMethodError'{0x00000007132f1840}: 'void java.lang.invoke.DirectMethodHandle$Holder.invokeStaticInit(java.lang.Object, java.lang.Object)'> (0x00000007132f1840) 
thrown [s\open\src\hotspot\share\interpreter\linkResolver.cpp, line 804]
Event: 0.779 Thread 0x00000203ea54f520 Exception <a 'java/lang/NoSuchMethodError'{0x000000071332eb70}: 'void java.lang.invoke.DirectMethodHandle$Holder.invokeSpecial(java.lang.Object, java.lang.Object, java.lang.Object, java.lang.Object, java.lang.Object)'> (0x000000071332eb70) 
thrown [s\open\src\hotspot\share\interpreter\linkResolver.cpp, line 804]

VM Operations (8 events):
Event: 0.125 Executing non-safepoint VM operation: HandshakeAllThreads (Deoptimize)
Event: 0.125 Executing non-safepoint VM operation: HandshakeAllThreads (Deoptimize) done
Event: 0.533 Executing safepoint VM operation: G1CollectForAllocation (G1 Evacuation Pause)
Event: 0.552 Executing safepoint VM operation: G1CollectForAllocation (G1 Evacuation Pause) done
Event: 0.558 Executing non-safepoint VM operation: HandshakeAllThreads (Deoptimize)
Event: 0.558 Executing non-safepoint VM operation: HandshakeAllThreads (Deoptimize) done
Event: 0.786 Executing non-safepoint VM operation: HandshakeAllThreads (Deoptimize)
Event: 0.786 Executing non-safepoint VM operation: HandshakeAllThreads (Deoptimize) done

Memory protections (0 events):
No events

Nmethod flushes (0 events):
No events

Events (13 events):
Event: 0.050 Thread 0x00000203ea54f520 Thread added: 0x00000203ea54f520
Event: 0.075 Thread 0x00000203ea54f520 Thread added: 0x00000203fd733340
Event: 0.075 Thread 0x00000203ea54f520 Thread added: 0x00000203fd733c40
Event: 0.075 Thread 0x00000203ea54f520 Thread added: 0x00000203fd73b980
Event: 0.075 Thread 0x00000203ea54f520 Thread added: 0x00000203fd73c530
Event: 0.075 Thread 0x00000203ea54f520 Thread added: 0x00000203fd7410f0
Event: 0.076 Thread 0x00000203ea54f520 Thread added: 0x00000203fd741ca0
Event: 0.076 Thread 0x00000203ea54f520 Thread added: 0x00000203fd742f90
Event: 0.076 Thread 0x00000203ea54f520 Thread added: 0x00000203fd749bb0
Event: 0.099 Thread 0x00000203ea54f520 Thread added: 0x000002038f131b60
Event: 0.105 Thread 0x00000203ea54f520 Thread added: 0x000002038f138780
Event: 0.354 Thread 0x00000203fd749bb0 Thread added: 0x000002038f7b4d80
Event: 0.584 Thread 0x00000203ea54f520 Thread added: 0x000002038f2fe4d0


Dynamic libraries:
0x00007ff7dd3a0000 - 0x00007ff7dd3b0000 	C:\Users\Lenovo\Desktop\lmdrasaaa\php\oracleJdk-26\bin\java.exe
0x00007ffe446e0000 - 0x00007ffe44946000 	C:\WINDOWS\SYSTEM32\ntdll.dll
0x00007ffe43b20000 - 0x00007ffe43be9000 	C:\WINDOWS\System32\KERNEL32.DLL
0x00007ffe41dd0000 - 0x00007ffe421ce000 	C:\WINDOWS\System32\KERNELBASE.dll
0x00007ffe41b40000 - 0x00007ffe41c8c000 	C:\WINDOWS\System32\ucrtbase.dll
0x00007ffe2a010000 - 0x00007ffe2a027000 	C:\Users\Lenovo\Desktop\lmdrasaaa\php\oracleJdk-26\bin\jli.dll
0x00007ffe43120000 - 0x00007ffe432e7000 	C:\WINDOWS\System32\USER32.dll
0x00007ffe421e0000 - 0x00007ffe42207000 	C:\WINDOWS\System32\win32u.dll
0x00007ffe42470000 - 0x00007ffe4249b000 	C:\WINDOWS\System32\GDI32.dll
0x00007ffe41ca0000 - 0x00007ffe41dca000 	C:\WINDOWS\System32\gdi32full.dll
0x00007ffe42360000 - 0x00007ffe42403000 	C:\WINDOWS\System32\msvcp_win.dll
0x00007ffe3e1d0000 - 0x00007ffe3e1ee000 	C:\Users\Lenovo\Desktop\lmdrasaaa\php\oracleJdk-26\bin\VCRUNTIME140.dll
0x00007ffe30d30000 - 0x00007ffe30fc2000 	C:\WINDOWS\WinSxS\amd64_microsoft.windows.common-controls_6595b64144ccf1df_6.0.26100.8894_none_3e0f749ee32e02ea\COMCTL32.dll
0x00007ffe43070000 - 0x00007ffe43119000 	C:\WINDOWS\System32\msvcrt.dll
0x00007ffe43310000 - 0x00007ffe43342000 	C:\WINDOWS\System32\IMM32.DLL
0x00000000527f0000 - 0x00000000527fd000 	C:\Program Files (x86)\360\Total Security\safemon\SafeWrapper.dll
0x00007ffe43790000 - 0x00007ffe43847000 	C:\WINDOWS\System32\ADVAPI32.dll
0x00007ffe43900000 - 0x00007ffe439aa000 	C:\WINDOWS\System32\sechost.dll
0x00007ffe440f0000 - 0x00007ffe44208000 	C:\WINDOWS\System32\RPCRT4.dll
0x00007ffe3f1d0000 - 0x00007ffe3f2d5000 	C:\Program Files (x86)\360\Total Security\safemon\libzdtp64.dll
0x00007ffe428d0000 - 0x00007ffe43062000 	C:\WINDOWS\System32\SHELL32.dll
0x00007ffe43bf0000 - 0x00007ffe43c57000 	C:\WINDOWS\System32\SHLWAPI.dll
0x00007ffe413c0000 - 0x00007ffe413cb000 	C:\WINDOWS\SYSTEM32\VERSION.dll
0x00007ffe3e220000 - 0x00007ffe3e22c000 	C:\Users\Lenovo\Desktop\lmdrasaaa\php\oracleJdk-26\bin\vcruntime140_1.dll
0x00007ffe18210000 - 0x00007ffe1829d000 	C:\Users\Lenovo\Desktop\lmdrasaaa\php\oracleJdk-26\bin\msvcp140.dll
0x00007ffdb9710000 - 0x00007ffdba5de000 	C:\Users\Lenovo\Desktop\lmdrasaaa\php\oracleJdk-26\bin\server\jvm.dll
0x00007ffe43640000 - 0x00007ffe436c0000 	C:\WINDOWS\System32\WS2_32.dll
0x00007ffe41760000 - 0x00007ffe417be000 	C:\WINDOWS\SYSTEM32\POWRPROF.dll
0x00007ffe3aaf0000 - 0x00007ffe3ab26000 	C:\WINDOWS\SYSTEM32\WINMM.dll
0x00007ffe41740000 - 0x00007ffe41754000 	C:\WINDOWS\SYSTEM32\UMPDC.dll
0x00007ffe40520000 - 0x00007ffe4053b000 	C:\WINDOWS\SYSTEM32\kernel.appcore.dll
0x00007ffe3e1c0000 - 0x00007ffe3e1ca000 	C:\Users\Lenovo\Desktop\lmdrasaaa\php\oracleJdk-26\bin\jimage.dll
0x00007ffe3eda0000 - 0x00007ffe3efe2000 	C:\WINDOWS\SYSTEM32\DBGHELP.DLL
0x00007ffe44310000 - 0x00007ffe44693000 	C:\WINDOWS\System32\combase.dll
0x00007ffe43350000 - 0x00007ffe43429000 	C:\WINDOWS\System32\OLEAUT32.dll
0x00007ffe3aab0000 - 0x00007ffe3aaeb000 	C:\WINDOWS\SYSTEM32\dbgcore.DLL
0x00007ffe42210000 - 0x00007ffe422bc000 	C:\WINDOWS\System32\bcryptPrimitives.dll
0x00007ffe3c230000 - 0x00007ffe3c24f000 	C:\Users\Lenovo\Desktop\lmdrasaaa\php\oracleJdk-26\bin\java.dll
0x00007ffe424a0000 - 0x00007ffe42639000 	C:\WINDOWS\System32\ole32.dll
0x00007ffe3f2e0000 - 0x00007ffe3fb72000 	C:\WINDOWS\SYSTEM32\windows.storage.dll
0x00007ffe427d0000 - 0x00007ffe428c7000 	C:\WINDOWS\System32\SHCORE.dll
0x00007ffe41820000 - 0x00007ffe41849000 	C:\WINDOWS\SYSTEM32\profapi.dll
0x00007ffe36b40000 - 0x00007ffe36b52000 	C:\Users\Lenovo\Desktop\lmdrasaaa\php\oracleJdk-26\bin\net.dll
0x00007ffe40ab0000 - 0x00007ffe40b1c000 	C:\WINDOWS\system32\mswsock.dll
0x00007ffe34b70000 - 0x00007ffe34b86000 	C:\Users\Lenovo\Desktop\lmdrasaaa\php\oracleJdk-26\bin\nio.dll
0x00007ffe2e2a0000 - 0x00007ffe2e2b7000 	C:\Users\Lenovo\Desktop\lmdrasaaa\php\oracleJdk-26\bin\zip.dll
0x00007ffe21660000 - 0x00007ffe21684000 	C:\Users\Lenovo\.m2\wrapper\dists\apache-maven-3.9.16\0daed3be3ebd1c706f0e69e8b07c6b73f5cc4ea3dfce72a8d0ec2e849ca2ddb0\lib\jansi-native\Windows\x86_64\jansi.dll
0x00007ffe37400000 - 0x00007ffe37410000 	C:\Users\Lenovo\Desktop\lmdrasaaa\php\oracleJdk-26\bin\verify.dll

JVMTI agents: none

dbghelp: loaded successfully - version: 4.0.5 - missing functions: none
symbol engine: initialized successfully - sym options: 0x614 - pdb path: .;C:\Users\Lenovo\Desktop\lmdrasaaa\php\oracleJdk-26\bin;C:\WINDOWS\SYSTEM32;C:\WINDOWS\WinSxS\amd64_microsoft.windows.common-controls_6595b64144ccf1df_6.0.26100.8894_none_3e0f749ee32e02ea;C:\Program Files (x86)\360\Total Security\safemon;C:\Users\Lenovo\Desktop\lmdrasaaa\php\oracleJdk-26\bin\server;C:\Users\Lenovo\.m2\wrapper\dists\apache-maven-3.9.16\0daed3be3ebd1c706f0e69e8b07c6b73f5cc4ea3dfce72a8d0ec2e849ca2ddb0\lib\jansi-native\Windows\x86_64

VM Arguments:
jvm_args: --enable-native-access=ALL-UNNAMED -Dclassworlds.conf=C:\Users\Lenovo\.m2\wrapper\dists\apache-maven-3.9.16\0daed3be3ebd1c706f0e69e8b07c6b73f5cc4ea3dfce72a8d0ec2e849ca2ddb0\bin\m2.conf -Dmaven.home=C:\Users\Lenovo\.m2\wrapper\dists\apache-maven-3.9.16\0daed3be3ebd1c706f0e69e8b07c6b73f5cc4ea3dfce72a8d0ec2e849ca2ddb0 -Dlibrary.jansi.path=C:\Users\Lenovo\.m2\wrapper\dists\apache-maven-3.9.16\0daed3be3ebd1c706f0e69e8b07c6b73f5cc4ea3dfce72a8d0ec2e849ca2ddb0\lib\jansi-native -Dmaven.multiModuleProjectDirectory=C:\Users\Lenovo\Downloads\gestion_de_note 
java_command: org.codehaus.plexus.classworlds.launcher.Launcher -Dexec.vmArgs=-agentlib:jdwp=transport=dt_socket,server=n,address=${jpda.address} -Dfile.encoding=UTF-8 -Dexec.args=${exec.vmArgs} -classpath %classpath ${exec.mainClass} ${exec.appArgs} -Dexec.executable=C:\Users\Lenovo\Desktop\lmdrasaaa\php\oracleJdk-26\bin\java.exe -Dexec.mainClass=com.gestion_de_note.gestion_de_note.GestionDeNoteApplication -Dexec.classpathScope=runtime -Djpda.listen=true -Dexec.appArgs= -Dmaven.ext.class.path=C:\Users\Lenovo\.vscode\extensions\oracle.oracle-java-26.0.0\nbcode\java\maven-nblib\netbeans-eventspy.jar --no-transfer-progress process-test-classes org.codehaus.mojo:exec-maven-plugin:3.5.1:exec
java_class_path (initial): C:\Users\Lenovo\.m2\wrapper\dists\apache-maven-3.9.16\0daed3be3ebd1c706f0e69e8b07c6b73f5cc4ea3dfce72a8d0ec2e849ca2ddb0\boot\plexus-classworlds-2.11.0.jar
Launcher Type: SUN_STANDARD

[Global flags]
     bool AOTAdapterCaching                        = false                                  {diagnostic} {ergonomic}
     bool AOTInvokeDynamicLinking                  = false                                  {diagnostic} {ergonomic}
     bool AOTRecordTraining                        = false                                  {diagnostic} {ergonomic}
     bool AOTReplayTraining                        = false                                  {diagnostic} {ergonomic}
     bool AOTStubCaching                           = false                                  {diagnostic} {ergonomic}
     intx CICompilerCount                          = 4                                         {product} {ergonomic}
     uint ConcGCThreads                            = 3                                         {product} {ergonomic}
     uint G1ConcRefinementThreads                  = 10                                        {product} {ergonomic}
     uint G1EagerReclaimRemSetThreshold            = 16                                   {experimental} {ergonomic}
   size_t G1HeapRegionSize                         = 2097152                                   {product} {ergonomic}
     uint G1RemSetArrayOfCardsEntries              = 16                                   {experimental} {ergonomic}
     uint G1RemSetHowlMaxNumBuckets                = 8                                    {experimental} {ergonomic}
     uint G1RemSetHowlNumBuckets                   = 8                                    {experimental} {ergonomic}
   size_t InitialHeapSize                          = 8388608                                   {product} {ergonomic}
     bool IntelJccErratumMitigation                = false                             {ARCH diagnostic} {ergonomic}
   size_t MarkStackSize                            = 4194304                                   {product} {ergonomic}
   size_t MarkStackSizeMax                         = 536870912                                 {product} {ergonomic}
   size_t MaxHeapSize                              = 3980394496                                {product} {ergonomic}
   size_t MaxNewSize                               = 2386558976                                {product} {ergonomic}
 uint64_t MaxRAM                                   = 15915737088                               {product} {ergonomic}
   size_t MinHeapDeltaBytes                        = 2097152                                   {product} {ergonomic}
   size_t MinHeapSize                              = 8388608                                   {product} {ergonomic}
   size_t NonNMethodCodeHeapSize                   = 5898240                                {pd product} {ergonomic}
   size_t NonProfiledCodeHeapSize                  = 122945536                              {pd product} {ergonomic}
   size_t ProfiledCodeHeapSize                     = 122945536                              {pd product} {ergonomic}
   size_t ReservedCodeCacheSize                    = 251789312                              {pd product} {ergonomic}
     bool SegmentedCodeCache                       = true                                      {product} {ergonomic}
   size_t SoftMaxHeapSize                          = 3980394496                             {manageable} {ergonomic}
     bool UseCompressedOops                        = true                           {product lp64_product} {ergonomic}
     bool UseCondCardMark                          = true                                      {product} {ergonomic}
     bool UseFastUnorderedTimeStamps               = true                                 {experimental} {ergonomic}
     bool UseG1GC                                  = true                                      {product} {ergonomic}
     bool UseLargePagesIndividualAllocation        = false                                  {pd product} {ergonomic}
      int X86ICacheSync                            = 3                                 {ARCH diagnostic} {ergonomic}

Logging:
Log output configuration:
 #0: stdout all=warning uptime,level,tags foldmultilines=false
 #1: stderr all=off uptime,level,tags foldmultilines=false

Release file:
IMPLEMENTOR="Oracle Corporation" 
JAVA_RUNTIME_VERSION="26.0.1+8-34" 
JAVA_VERSION="26.0.1" 
JAVA_VERSION_DATE="2026-04-21" 
LIBC="default" 
MODULES="java.base java.compiler java.datatransfer java.xml java.prefs java.desktop java.instrument java.logging java.management java.security.sasl java.naming java.rmi java.management.rmi java.net.http java.scripting java.security.jgss java.transaction.xa java.sql java.sql.rowset java.xml.crypto java.se java.smartcardio jdk.accessibility jdk.internal.jvmstat jdk.attach jdk.charsets jdk.internal.opt jdk.zipfs jdk.compiler jdk.crypto.cryptoki jdk.crypto.ec jdk.crypto.mscapi jdk.dynalink jdk.internal.ed jdk.editpad jdk.internal.vm.ci jdk.graal.compiler jdk.graal.compiler.management jdk.hotspot.agent jdk.httpserver jdk.incubator.vector jdk.internal.le jdk.internal.md jdk.jartool jdk.javadoc jdk.jcmd jdk.management jdk.management.agent jdk.jconsole jdk.jdeps jdk.jdwp.agent jdk.jdi jdk.jfr jdk.jlink jdk.jpackage jdk.jshell jdk.jstatd jdk.localedata jdk.management.jfr jdk.naming.dns jdk.naming.rmi jdk.net jdk.nio.mapmode jdk.sctp jdk.security.auth jdk.security.jgss jdk.unsupported jdk.unsupported.desktop jdk.xml.dom" 
OS_ARCH="x86_64" 
OS_NAME="Windows" 
SOURCE=".:git:8fcde8268d22 open:git:fcc00fc4aee7" 

Environment Variables:
JAVA_HOME=C:\Users\Lenovo\Desktop\lmdrasaaa\php\oracleJdk-26
PATH=C:\Program Files\Common Files\Oracle\Java\javapath;C:\Program Files\nodejs\;C:\Program Files\Git\cmd;C:\WINDOWS\system32;C:\WINDOWS;C:\WINDOWS\System32\Wbem;C:\WINDOWS\System32\WindowsPowerShell\v1.0\;C:\WINDOWS\System32\OpenSSH\;C:\Program Files\Docker\Docker\resources\bin;C:\Program Files\Microsoft SQL Server\170\Tools\Binn\;C:\Program Files\Microsoft SQL Server\Client SDK\ODBC\170\Tools\Binn\;C:\Program Files\Mullvad VPN\resources;C:\Program Files\dotnet\;C:\Users\Lenovo\AppData\Local\Microsoft\WindowsApps;C:\Users\Lenovo\AppData\Local\Programs\Microsoft VS Code\bin;C:\Users\Lenovo\AppData\Roaming\npm;C:\Program Files\JetBrains\PhpStorm 2026.1.3\bin;C:\Users\Lenovo\AppData\Local\Programs\mongosh\;C:\Users\Lenovo\.dotnet\tools;C:\Users\Lenovo\AppData\Local\Gource\cmd;C:\Users\Lenovo\AppData\Local\GitHubDesktop\bin
USERNAME=Lenovo
OS=Windows_NT
PROCESSOR_IDENTIFIER=AMD64 Family 23 Model 104 Stepping 1, AuthenticAMD
TMP=C:\Users\Lenovo\AppData\Local\Temp
TEMP=C:\Users\Lenovo\AppData\Local\Temp




Compilation memory statistics disabled.

Periodic native trim disabled

---------------  S Y S T E M  ---------------

OS:
 Windows 11 , 64 bit Build 26100 (10.0.26100.8875)
OS uptime: 0 days 3:11 hours
Hyper-V role detected

CPU: total 12 (initial active 12) (6 cores per cpu, 2 threads per core) family 23 model 104 stepping 1 microcode 0x8608103, cx8, cmov, fxsr, ht, mmx, 3dnowpref, sse, sse2, sse3, ssse3, sse4a, sse4.1, sse4.2, popcnt, lzcnt, tsc, tscinvbit, avx, avx2, aes, clmul, bmi1, bmi2, adx, sha, fma, vzeroupper, clflush, clflushopt, clwb, hv, rdtscp, rdpid, f16c
Processor Information for the first 12 processors :
  Max Mhz: 2100, Current Mhz: 2100, Mhz Limit: 2100

Memory: 4k page, system-wide physical 15178M (4751M free)
TotalPageFile size 15178M (AvailPageFile size 332M)
current process WorkingSet (physical memory assigned to process): 59M, peak: 59M
current process commit charge ("private bytes"): 105M, peak: 106M

vm_info: Java HotSpot(TM) 64-Bit Server VM (26.0.1+8-34) for windows-amd64 JRE (26.0.1+8-34), built on 2026-03-10T17:24:10Z with MS VC++ 17.13 (VS2022)

END.
