#
# There is insufficient memory for the Java Runtime Environment to continue.
# Native memory allocation (malloc) failed to allocate 1117792 bytes. Error detail: Chunk::new
# Possible reasons:
#   The system is out of physical RAM or swap space
#   This process is running with CompressedOops enabled, and the Java Heap may be blocking the growth of the native heap
# Possible solutions:
#   Reduce memory load on the system
#   Increase physical memory or swap space
#   Check if swap backing store is full
#   Decrease Java heap size (-Xmx/-Xms)
#   Decrease number of Java threads
#   Decrease Java thread stack sizes (-Xss)
#   Set larger code cache with -XX:ReservedCodeCacheSize=
#   JVM is running with Unscaled Compressed Oops mode in which the Java heap is
#     placed in the first 4GB address space. The Java Heap base address is the
#     maximum limit for the native heap growth. Please use -XX:HeapBaseMinAddress
#     to set the Java Heap base and to place the Java Heap above 4GB virtual address.
# This output file may be truncated or incomplete.
#
#  Out of Memory Error (arena.cpp:168), pid=3132, tid=6368
#
# JRE version: OpenJDK Runtime Environment Temurin-21.0.11+10 (21.0.11+10) (build 21.0.11+10-LTS)
# Java VM: OpenJDK 64-Bit Server VM Temurin-21.0.11+10 (21.0.11+10-LTS, mixed mode, sharing, tiered, compressed oops, compressed class ptrs, parallel gc, windows-amd64)
# No core dump will be written. Minidumps are not enabled by default on client versions of Windows
#

---------------  S U M M A R Y ------------

Command Line: --add-modules=ALL-SYSTEM --add-opens=java.base/java.util=ALL-UNNAMED --add-opens=java.base/java.lang=ALL-UNNAMED --add-opens=java.base/sun.nio.fs=ALL-UNNAMED -Declipse.application=org.eclipse.jdt.ls.core.id1 -Dosgi.bundles.defaultStartLevel=4 -Declipse.product=org.eclipse.jdt.ls.core.product -Djava.import.generatesMetadataFilesAtProjectRoot=false -DDetectVMInstallationsJob.disabled=true -Dfile.encoding=utf8 -XX:+UseParallelGC -XX:GCTimeRatio=4 -XX:AdaptiveSizePolicyWeight=90 -Dsun.zip.disableMemoryMapping=true -Xmx2G -Xms100m -Xlog:disable -javaagent:c:\Users\Lenovo\.vscode\extensions\redhat.java-1.55.0-win32-x64\lombok\lombok-1.18.39-4050.jar -XX:+HeapDumpOnOutOfMemoryError -XX:HeapDumpPath=c:\Users\Lenovo\AppData\Roaming\Code\User\workspaceStorage\eb1923ee63e7e26d040958249cb321ab\redhat.java -Daether.dependencyCollector.impl=bf c:\Users\Lenovo\.vscode\extensions\redhat.java-1.55.0-win32-x64\server\plugins\org.eclipse.equinox.launcher_1.7.200.v20260619-2039.jar -configuration c:\Users\Lenovo\AppData\Roaming\Code\User\globalStorage\redhat.java\1.55.0\config_win -data c:\Users\Lenovo\AppData\Roaming\Code\User\workspaceStorage\eb1923ee63e7e26d040958249cb321ab\redhat.java\jdt_ws --pipe=\\.\pipe\lsp-1a6ef44aafbb44f6a78f8330c962fa80-sock

Host: AMD Ryzen 5 5500U with Radeon Graphics         , 12 cores, 14G,  Windows 11 , 64 bit Build 26100 (10.0.26100.8875)
Time: Sun Jul 26 16:24:08 2026 elapsed time: 14.636696 seconds (0d 0h 0m 14s)

---------------  T H R E A D  ---------------

Current thread (0x000001e39155c290):  JavaThread "C2 CompilerThread0" daemon [_thread_in_native, id=6368, stack(0x0000003c4dc00000,0x0000003c4dd00000) (1024K)]


Current CompileTask:
C2:14636 8362       4       org.eclipse.jdt.internal.core.JarPackageFragmentRoot::initRawPackageInfo (292 bytes)

Stack: [0x0000003c4dc00000,0x0000003c4dd00000]
Native frames: (J=compiled Java code, j=interpreted, Vv=VM code, C=native code)
V  [jvm.dll+0x6d7e19]
V  [jvm.dll+0x8b5096]
V  [jvm.dll+0x8b764e]
V  [jvm.dll+0x8b7d33]
V  [jvm.dll+0x284596]
V  [jvm.dll+0xc685d]
V  [jvm.dll+0xc6da1]
V  [jvm.dll+0x3bed6b]
V  [jvm.dll+0x1e4149]
V  [jvm.dll+0x24c853]
V  [jvm.dll+0x24bce0]
V  [jvm.dll+0x1cb4ae]
V  [jvm.dll+0x25baad]
V  [jvm.dll+0x25a03a]
V  [jvm.dll+0x3f868e]
V  [jvm.dll+0x85fb0d]
V  [jvm.dll+0x6d664d]
C  [ucrtbase.dll+0x2cd30]
C  [KERNEL32.DLL+0x2e957]
C  [ntdll.dll+0xaad6c]


---------------  P R O C E S S  ---------------

Threads class SMR info:
_java_thread_list=0x000001e39b5709f0, length=65, elements={
0x000001e336331390, 0x000001e3901f44a0, 0x000001e3901f7da0, 0x000001e3901f8d90,
0x000001e3901fa7b0, 0x000001e3901fd9c0, 0x000001e3915573b0, 0x000001e39155c290,
0x000001e391574b00, 0x000001e3917a6470, 0x000001e3925d50a0, 0x000001e39725fb80,
0x000001e3970fa360, 0x000001e392bc8ee0, 0x000001e392bc9550, 0x000001e3975555f0,
0x000001e39797cb90, 0x000001e3972bde80, 0x000001e3971a5a80, 0x000001e3971a67a0,
0x000001e3971a6e30, 0x000001e397581260, 0x000001e3971a74c0, 0x000001e3971a46d0,
0x000001e3971a6110, 0x000001e3971a4d60, 0x000001e3971a53f0, 0x000001e399e8c7b0,
0x000001e399e8d4d0, 0x000001e399e8b400, 0x000001e399e8db60, 0x000001e399e8ce40,
0x000001e399e8a6e0, 0x000001e399e8ba90, 0x000001e399e8ad70, 0x000001e399e8c120,
0x000001e399f41ce0, 0x000001e399f43090, 0x000001e399f43db0, 0x000001e399f42a00,
0x000001e399f41650, 0x000001e399f44440, 0x000001e399f44ad0, 0x000001e399f47f50,
0x000001e399f48c70, 0x000001e399f46510, 0x000001e399f46ba0, 0x000001e399f485e0,
0x000001e399f45e80, 0x000001e399f47230, 0x000001e399f478c0, 0x000001e39b4fa050,
0x000001e39b4f8610, 0x000001e39b4fad70, 0x000001e39b4f9330, 0x000001e39b4f8ca0,
0x000001e39b4f99c0, 0x000001e39b4fb400, 0x000001e39b4fa6e0, 0x000001e39b4f7f80,
0x000001e39b4fc7b0, 0x000001e399c6b590, 0x000001e39b4fef10, 0x000001e39b4ff5a0,
0x000001e39b4fdb60
}

Java Threads: ( => current thread )
  0x000001e336331390 JavaThread "main"                              [_thread_blocked, id=21872, stack(0x0000003c4d200000,0x0000003c4d300000) (1024K)]
  0x000001e3901f44a0 JavaThread "Reference Handler"          daemon [_thread_blocked, id=22064, stack(0x0000003c4d600000,0x0000003c4d700000) (1024K)]
  0x000001e3901f7da0 JavaThread "Finalizer"                  daemon [_thread_blocked, id=12260, stack(0x0000003c4d700000,0x0000003c4d800000) (1024K)]
  0x000001e3901f8d90 JavaThread "Signal Dispatcher"          daemon [_thread_blocked, id=18820, stack(0x0000003c4d800000,0x0000003c4d900000) (1024K)]
  0x000001e3901fa7b0 JavaThread "Attach Listener"            daemon [_thread_blocked, id=23320, stack(0x0000003c4d900000,0x0000003c4da00000) (1024K)]
  0x000001e3901fd9c0 JavaThread "Service Thread"             daemon [_thread_blocked, id=6644, stack(0x0000003c4da00000,0x0000003c4db00000) (1024K)]
  0x000001e3915573b0 JavaThread "Monitor Deflation Thread"   daemon [_thread_blocked, id=9940, stack(0x0000003c4db00000,0x0000003c4dc00000) (1024K)]
=>0x000001e39155c290 JavaThread "C2 CompilerThread0"         daemon [_thread_in_native, id=6368, stack(0x0000003c4dc00000,0x0000003c4dd00000) (1024K)]
  0x000001e391574b00 JavaThread "C1 CompilerThread0"         daemon [_thread_in_vm, id=17100, stack(0x0000003c4dd00000,0x0000003c4de00000) (1024K)]
  0x000001e3917a6470 JavaThread "Common-Cleaner"             daemon [_thread_blocked, id=17700, stack(0x0000003c4de00000,0x0000003c4df00000) (1024K)]
  0x000001e3925d50a0 JavaThread "Notification Thread"        daemon [_thread_blocked, id=22112, stack(0x0000003c4e000000,0x0000003c4e100000) (1024K)]
  0x000001e39725fb80 JavaThread "Active Thread: Equinox Container: 2165231a-e154-46b2-ac3a-288b35f76036"        [_thread_blocked, id=4872, stack(0x0000003c4e800000,0x0000003c4e900000) (1024K)]
  0x000001e3970fa360 JavaThread "Refresh Thread: Equinox Container: 2165231a-e154-46b2-ac3a-288b35f76036" daemon [_thread_blocked, id=24140, stack(0x0000003c4ea00000,0x0000003c4eb00000) (1024K)]
  0x000001e392bc8ee0 JavaThread "Framework Event Dispatcher: Equinox Container: 2165231a-e154-46b2-ac3a-288b35f76036" daemon [_thread_blocked, id=21348, stack(0x0000003c4eb00000,0x0000003c4ec00000) (1024K)]
  0x000001e392bc9550 JavaThread "Start Level: Equinox Container: 2165231a-e154-46b2-ac3a-288b35f76036" daemon [_thread_blocked, id=8544, stack(0x0000003c4ec00000,0x0000003c4ed00000) (1024K)]
  0x000001e3975555f0 JavaThread "Bundle File Closer"         daemon [_thread_blocked, id=9696, stack(0x0000003c4ef00000,0x0000003c4f000000) (1024K)]
  0x000001e39797cb90 JavaThread "SCR Component Actor"        daemon [_thread_blocked, id=4216, stack(0x0000003c4df00000,0x0000003c4e000000) (1024K)]
  0x000001e3972bde80 JavaThread "Worker-JM"                         [_thread_blocked, id=2740, stack(0x0000003c4f100000,0x0000003c4f200000) (1024K)]
  0x000001e3971a5a80 JavaThread "JNA Cleaner"                daemon [_thread_blocked, id=20624, stack(0x0000003c4e100000,0x0000003c4e200000) (1024K)]
  0x000001e3971a67a0 JavaThread "Worker-0: Building"                [_thread_blocked, id=11920, stack(0x0000003c4f000000,0x0000003c4f100000) (1024K)]
  0x000001e3971a6e30 JavaThread "Worker-1: Java indexing... "        [_thread_blocked, id=3748, stack(0x0000003c4f200000,0x0000003c4f300000) (1024K)]
  0x000001e397581260 JavaThread "C2 CompilerThread1"         daemon [_thread_in_native, id=10484, stack(0x0000003c4f300000,0x0000003c4f400000) (1024K)]
  0x000001e3971a74c0 JavaThread "Worker-2"                          [_thread_blocked, id=3360, stack(0x0000003c4f400000,0x0000003c4f500000) (1024K)]
  0x000001e3971a46d0 JavaThread "Java indexing"              daemon [_thread_in_Java, id=19280, stack(0x0000003c4f600000,0x0000003c4f700000) (1024K)]
  0x000001e3971a6110 JavaThread "Worker-3"                          [_thread_blocked, id=18960, stack(0x0000003c4f700000,0x0000003c4f800000) (1024K)]
  0x000001e3971a4d60 JavaThread "Worker-4"                          [_thread_blocked, id=15236, stack(0x0000003c4fa00000,0x0000003c4fb00000) (1024K)]
  0x000001e3971a53f0 JavaThread "Worker-5"                          [_thread_blocked, id=24272, stack(0x0000003c4fb00000,0x0000003c4fc00000) (1024K)]
  0x000001e399e8c7b0 JavaThread "Thread-1"                   daemon [_thread_in_native, id=21068, stack(0x0000003c4fc00000,0x0000003c4fd00000) (1024K)]
  0x000001e399e8d4d0 JavaThread "Thread-2"                   daemon [_thread_in_native, id=4144, stack(0x0000003c4fd00000,0x0000003c4fe00000) (1024K)]
  0x000001e399e8b400 JavaThread "Thread-3"                   daemon [_thread_in_native, id=18272, stack(0x0000003c4fe00000,0x0000003c4ff00000) (1024K)]
  0x000001e399e8db60 JavaThread "Thread-4"                   daemon [_thread_in_native, id=14216, stack(0x0000003c4ff00000,0x0000003c50000000) (1024K)]
  0x000001e399e8ce40 JavaThread "Thread-5"                   daemon [_thread_in_native, id=9160, stack(0x0000003c50000000,0x0000003c50100000) (1024K)]
  0x000001e399e8a6e0 JavaThread "Thread-6"                   daemon [_thread_in_native, id=18152, stack(0x0000003c50100000,0x0000003c50200000) (1024K)]
  0x000001e399e8ba90 JavaThread "Thread-7"                   daemon [_thread_in_native, id=7104, stack(0x0000003c50200000,0x0000003c50300000) (1024K)]
  0x000001e399e8ad70 JavaThread "Thread-8"                   daemon [_thread_in_native, id=24564, stack(0x0000003c50300000,0x0000003c50400000) (1024K)]
  0x000001e399e8c120 JavaThread "Thread-9"                   daemon [_thread_in_native, id=17412, stack(0x0000003c50400000,0x0000003c50500000) (1024K)]
  0x000001e399f41ce0 JavaThread "Thread-10"                  daemon [_thread_in_native, id=23476, stack(0x0000003c50500000,0x0000003c50600000) (1024K)]
  0x000001e399f43090 JavaThread "Thread-11"                  daemon [_thread_in_native, id=22376, stack(0x0000003c50600000,0x0000003c50700000) (1024K)]
  0x000001e399f43db0 JavaThread "Thread-12"                  daemon [_thread_in_native, id=9028, stack(0x0000003c50700000,0x0000003c50800000) (1024K)]
  0x000001e399f42a00 JavaThread "Thread-13"                  daemon [_thread_in_native, id=9072, stack(0x0000003c50800000,0x0000003c50900000) (1024K)]
  0x000001e399f41650 JavaThread "pool-2-thread-1"                   [_thread_blocked, id=4072, stack(0x0000003c50900000,0x0000003c50a00000) (1024K)]
  0x000001e399f44440 JavaThread "WorkspaceEventsHandler"            [_thread_blocked, id=11632, stack(0x0000003c50a00000,0x0000003c50b00000) (1024K)]
  0x000001e399f44ad0 JavaThread "pool-1-thread-1"                   [_thread_blocked, id=21408, stack(0x0000003c50b00000,0x0000003c50c00000) (1024K)]
  0x000001e399f47f50 JavaThread "LocalFile Deleter"          daemon [_thread_blocked, id=22468, stack(0x0000003c50c00000,0x0000003c50d00000) (1024K)]
  0x000001e399f48c70 JavaThread "LocalFile Deleter"          daemon [_thread_blocked, id=20016, stack(0x0000003c50d00000,0x0000003c50e00000) (1024K)]
  0x000001e399f46510 JavaThread "LocalFile Deleter"          daemon [_thread_blocked, id=22460, stack(0x0000003c50e00000,0x0000003c50f00000) (1024K)]
  0x000001e399f46ba0 JavaThread "LocalFile Deleter"          daemon [_thread_blocked, id=22212, stack(0x0000003c50f00000,0x0000003c51000000) (1024K)]
  0x000001e399f485e0 JavaThread "LocalFile Deleter"          daemon [_thread_blocked, id=9824, stack(0x0000003c51000000,0x0000003c51100000) (1024K)]
  0x000001e399f45e80 JavaThread "LocalFile Deleter"          daemon [_thread_blocked, id=21096, stack(0x0000003c51100000,0x0000003c51200000) (1024K)]
  0x000001e399f47230 JavaThread "LocalFile Deleter"          daemon [_thread_blocked, id=22292, stack(0x0000003c51200000,0x0000003c51300000) (1024K)]
  0x000001e399f478c0 JavaThread "LocalFile Deleter"          daemon [_thread_blocked, id=5392, stack(0x0000003c51300000,0x0000003c51400000) (1024K)]
  0x000001e39b4fa050 JavaThread "Compiler Source File Reader" daemon [_thread_blocked, id=2996, stack(0x0000003c51400000,0x0000003c51500000) (1024K)]
  0x000001e39b4f8610 JavaThread "Compiler Source File Reader" daemon [_thread_blocked, id=13360, stack(0x0000003c51500000,0x0000003c51600000) (1024K)]
  0x000001e39b4fad70 JavaThread "Compiler Source File Reader" daemon [_thread_blocked, id=20796, stack(0x0000003c51600000,0x0000003c51700000) (1024K)]
  0x000001e39b4f9330 JavaThread "Compiler Source File Reader" daemon [_thread_blocked, id=19604, stack(0x0000003c51700000,0x0000003c51800000) (1024K)]
  0x000001e39b4f8ca0 JavaThread "Compiler Source File Reader" daemon [_thread_blocked, id=22052, stack(0x0000003c51800000,0x0000003c51900000) (1024K)]
  0x000001e39b4f99c0 JavaThread "Compiler Source File Reader" daemon [_thread_blocked, id=7016, stack(0x0000003c51900000,0x0000003c51a00000) (1024K)]
  0x000001e39b4fb400 JavaThread "Compiler Source File Reader" daemon [_thread_blocked, id=22128, stack(0x0000003c51a00000,0x0000003c51b00000) (1024K)]
  0x000001e39b4fa6e0 JavaThread "Compiler Source File Reader" daemon [_thread_blocked, id=7784, stack(0x0000003c51b00000,0x0000003c51c00000) (1024K)]
  0x000001e39b4f7f80 JavaThread "Compiler Source File Reader" daemon [_thread_blocked, id=21912, stack(0x0000003c51c00000,0x0000003c51d00000) (1024K)]
  0x000001e39b4fc7b0 JavaThread "Compiler Source File Reader" daemon [_thread_blocked, id=12832, stack(0x0000003c51d00000,0x0000003c51e00000) (1024K)]
  0x000001e399c6b590 JavaThread "C2 CompilerThread2"         daemon [_thread_in_native, id=6840, stack(0x0000003c4f500000,0x0000003c4f600000) (1024K)]
  0x000001e39b4fef10 JavaThread "Compiler Processing Task"   daemon [_thread_in_Java, id=17404, stack(0x0000003c51e00000,0x0000003c51f00000) (1024K)]
  0x000001e39b4ff5a0 JavaThread "PatternSearchJob-worker-1"  daemon [_thread_blocked, id=11812, stack(0x0000003c51f00000,0x0000003c52000000) (1024K)]
  0x000001e39b4fdb60 JavaThread "Compiler Class File Writer" daemon [_thread_blocked, id=7964, stack(0x0000003c52000000,0x0000003c52100000) (1024K)]
Total: 65

Other Threads:
  0x000001e3387b8fd0 VMThread "VM Thread"                           [id=5916, stack(0x0000003c4d500000,0x0000003c4d600000) (1024K)]
  0x000001e3900dca00 WatcherThread "VM Periodic Task Thread"        [id=4324, stack(0x0000003c4d400000,0x0000003c4d500000) (1024K)]
  0x000001e338733d40 WorkerThread "GC Thread#0"                     [id=7032, stack(0x0000003c4d300000,0x0000003c4d400000) (1024K)]
  0x000001e392738d00 WorkerThread "GC Thread#1"                     [id=5672, stack(0x0000003c4e200000,0x0000003c4e300000) (1024K)]
  0x000001e3927390b0 WorkerThread "GC Thread#2"                     [id=9324, stack(0x0000003c4e300000,0x0000003c4e400000) (1024K)]
  0x000001e392bf0c40 WorkerThread "GC Thread#3"                     [id=1684, stack(0x0000003c4e400000,0x0000003c4e500000) (1024K)]
  0x000001e392bf0ff0 WorkerThread "GC Thread#4"                     [id=1956, stack(0x0000003c4e500000,0x0000003c4e600000) (1024K)]
  0x000001e392bf13a0 WorkerThread "GC Thread#5"                     [id=7904, stack(0x0000003c4e600000,0x0000003c4e700000) (1024K)]
  0x000001e392bf1750 WorkerThread "GC Thread#6"                     [id=18516, stack(0x0000003c4e700000,0x0000003c4e800000) (1024K)]
  0x000001e392bb0530 WorkerThread "GC Thread#7"                     [id=13036, stack(0x0000003c4e900000,0x0000003c4ea00000) (1024K)]
  0x000001e397098140 WorkerThread "GC Thread#8"                     [id=22508, stack(0x0000003c4ed00000,0x0000003c4ee00000) (1024K)]
  0x000001e3970984f0 WorkerThread "GC Thread#9"                     [id=24276, stack(0x0000003c4ee00000,0x0000003c4ef00000) (1024K)]
Total: 12

Threads with active compile tasks:
C2 CompilerThread0  14679 8362       4       org.eclipse.jdt.internal.core.JarPackageFragmentRoot::initRawPackageInfo (292 bytes)
C1 CompilerThread0  14679 8710       3       org.eclipse.jdt.internal.compiler.lookup.ModuleBinding::collectTransitiveDependencies (17 bytes)
C2 CompilerThread1  14679 8678       4       java.util.HashMap::put (13 bytes)
C2 CompilerThread2  14679 8471       4       java.lang.ClassLoader::defineClass (43 bytes)
Total: 4

VM state: not at safepoint (normal execution)

VM Mutex/Monitor currently owned by a thread: None

Heap address: 0x0000000080000000, size: 2048 MB, Compressed Oops mode: 32-bit

CDS archive(s) mapped at: [0x000001e34f000000-0x000001e34fba0000-0x000001e34fba0000), size 12189696, SharedBaseAddress: 0x000001e34f000000, ArchiveRelocationMode: 1.
Compressed class space mapped at: 0x000001e350000000-0x000001e390000000, reserved size: 1073741824
Narrow klass base: 0x000001e34f000000, Narrow klass shift: 0, Narrow klass range: 0x100000000

GC Precious Log:
 CardTable entry size: 512
 CPUs: 12 total, 12 available
 Memory: 15178M
 Large Page Support: Disabled
 NUMA Support: Disabled
 Compressed Oops: Enabled (32-bit)
 Alignments: Space 512K, Generation 512K, Heap 2M
 Heap Min Capacity: 100M
 Heap Initial Capacity: 100M
 Heap Max Capacity: 2G
 Pre-touch: Disabled
 Parallel Workers: 10

Heap:
 PSYoungGen      total 13312K, used 10971K [0x00000000d5580000, 0x00000000d6680000, 0x0000000100000000)
  eden space 12288K, 81% used [0x00000000d5580000,0x00000000d5f3ee30,0x00000000d6180000)
  from space 1024K, 96% used [0x00000000d6180000,0x00000000d6278020,0x00000000d6280000)
  to   space 2560K, 0% used [0x00000000d6400000,0x00000000d6400000,0x00000000d6680000)
 ParOldGen       total 68608K, used 59892K [0x0000000080000000, 0x0000000084300000, 0x00000000d5580000)
  object space 68608K, 87% used [0x0000000080000000,0x0000000083a7d1b0,0x0000000084300000)
 Metaspace       used 58121K, committed 59584K, reserved 1114112K
  class space    used 6258K, committed 6912K, reserved 1048576K

Card table byte_map: [0x000001e3380a0000,0x000001e3384b0000] _byte_map_base: 0x000001e337ca0000

Marking Bits: (ParMarkBitMap*) 0x00007ffdb8554460
 Begin Bits: [0x000001e34abb0000, 0x000001e34cbb0000)
 End Bits:   [0x000001e34cbb0000, 0x000001e34ebb0000)

Polling page: 0x000001e3364e0000

Metaspace:

Usage:
  Non-class:     50.65 MB used.
      Class:      6.11 MB used.
       Both:     56.76 MB used.

Virtual space:
  Non-class space:       64.00 MB reserved,      51.44 MB ( 80%) committed,  1 nodes.
      Class space:        1.00 GB reserved,       6.75 MB ( <1%) committed,  1 nodes.
             Both:        1.06 GB reserved,      58.19 MB (  5%) committed. 

Chunk freelists:
   Non-Class:  12.12 MB
       Class:  9.17 MB
        Both:  21.30 MB

MaxMetaspaceSize: unlimited
CompressedClassSpaceSize: 1.00 GB
Initial GC threshold: 21.00 MB
Current GC threshold: 58.38 MB
CDS: on
 - commit_granule_bytes: 65536.
 - commit_granule_words: 8192.
 - virtual_space_node_default_size: 8388608.
 - enlarge_chunks_in_place: 1.
 - use_allocation_guard: 0.


Internal statistics:

num_allocs_failed_limit: 6.
num_arena_births: 1098.
num_arena_deaths: 14.
num_vsnodes_births: 2.
num_vsnodes_deaths: 0.
num_space_committed: 931.
num_space_uncommitted: 0.
num_chunks_returned_to_freelist: 20.
num_chunks_taken_from_freelist: 3937.
num_chunk_merges: 9.
num_chunk_splits: 2351.
num_chunks_enlarged: 1180.
num_inconsistent_stats: 0.

CodeHeap 'non-profiled nmethods': size=120000Kb used=4439Kb max_used=4439Kb free=115560Kb
 bounds [0x000001e3433d0000, 0x000001e343830000, 0x000001e34a900000]
CodeHeap 'profiled nmethods': size=120000Kb used=17647Kb max_used=17647Kb free=102352Kb
 bounds [0x000001e33b900000, 0x000001e33ca40000, 0x000001e342e30000]
CodeHeap 'non-nmethods': size=5760Kb used=1411Kb max_used=1478Kb free=4348Kb
 bounds [0x000001e342e30000, 0x000001e3430a0000, 0x000001e3433d0000]
CodeCache: size=245760Kb, used=23497Kb, max_used=23564Kb, free=222260Kb
 total_blobs=8830, nmethods=8110, adapters=626, full_count=0
Compilation: enabled, stopped_count=0, restarted_count=0

Compilation events (20 events):
Event: 13.626 Thread 0x000001e391574b00 nmethod 8647 0x000001e33ca04a90 code [0x000001e33ca04c40, 0x000001e33ca04f40]
Event: 13.626 Thread 0x000001e391574b00 8652       1       org.eclipse.jdt.internal.compiler.lookup.ReferenceBindingSetWrapper::hashCode (5 bytes)
Event: 13.626 Thread 0x000001e391574b00 nmethod 8652 0x000001e343821390 code [0x000001e343821520, 0x000001e3438215e8]
Event: 13.626 Thread 0x000001e391574b00 8651       3       org.eclipse.jdt.internal.compiler.lookup.MethodBinding::getTypeVariable (41 bytes)
Event: 13.626 Thread 0x000001e391574b00 nmethod 8651 0x000001e33ca05090 code [0x000001e33ca05260, 0x000001e33ca05598]
Event: 13.627 Thread 0x000001e391574b00 8653       3       org.eclipse.jdt.internal.compiler.ast.ASTNode::resolveAnnotations (1058 bytes)
Event: 13.631 Thread 0x000001e391574b00 nmethod 8653 0x000001e33ca05790 code [0x000001e33ca05e20, 0x000001e33ca0a5f0]
Event: 13.631 Thread 0x000001e391574b00 8654       3       org.eclipse.jdt.internal.compiler.lookup.LookupEnvironment::javaBaseModule (68 bytes)
Event: 13.632 Thread 0x000001e391574b00 nmethod 8654 0x000001e33ca0c190 code [0x000001e33ca0c360, 0x000001e33ca0c690]
Event: 13.639 Thread 0x000001e391574b00 8655   !   3       sun.nio.ch.ChannelInputStream::read (70 bytes)
Event: 13.640 Thread 0x000001e391574b00 nmethod 8655 0x000001e33ca0c790 code [0x000001e33ca0c9c0, 0x000001e33ca0d1f8]
Event: 13.641 Thread 0x000001e391574b00 8656       3       org.eclipse.jdt.internal.core.index.MemoryIndex::addIndexEntry (118 bytes)
Event: 13.642 Thread 0x000001e391574b00 nmethod 8656 0x000001e33ca0d510 code [0x000001e33ca0d760, 0x000001e33ca0dea8]
Event: 13.643 Thread 0x000001e391574b00 8657       3       java.lang.Class::privateGetDeclaredFields (64 bytes)
Event: 13.644 Thread 0x000001e391574b00 nmethod 8657 0x000001e33ca0e190 code [0x000001e33ca0e3c0, 0x000001e33ca0eaf0]
Event: 13.644 Thread 0x000001e391574b00 8658       3       org.eclipse.jdt.core.compiler.CharOperation::concatWith (127 bytes)
Event: 13.645 Thread 0x000001e391574b00 nmethod 8658 0x000001e33ca0ed10 code [0x000001e33ca0ef00, 0x000001e33ca0f518]
Event: 13.645 Thread 0x000001e391574b00 8660       3       java.util.Hashtable$Enumerator::nextElement (111 bytes)
Event: 13.645 Thread 0x000001e391574b00 nmethod 8660 0x000001e33ca0f790 code [0x000001e33ca0f960, 0x000001e33ca0fd88]
Event: 13.645 Thread 0x000001e391574b00 8662       3       org.eclipse.jdt.internal.compiler.impl.IrritantSet::set (23 bytes)

GC Heap History (20 events):
Event: 12.691 GC heap before
{Heap before GC invocations=44 (full 2):
 PSYoungGen      total 15360K, used 15341K [0x00000000d5580000, 0x00000000d6780000, 0x0000000100000000)
  eden space 14336K, 100% used [0x00000000d5580000,0x00000000d6380000,0x00000000d6380000)
  from space 1024K, 98% used [0x00000000d6400000,0x00000000d64fb508,0x00000000d6500000)
  to   space 2048K, 0% used [0x00000000d6580000,0x00000000d6580000,0x00000000d6780000)
 ParOldGen       total 68608K, used 52267K [0x0000000080000000, 0x0000000084300000, 0x00000000d5580000)
  object space 68608K, 76% used [0x0000000080000000,0x000000008330acf0,0x0000000084300000)
 Metaspace       used 56504K, committed 57920K, reserved 1114112K
  class space    used 6115K, committed 6720K, reserved 1048576K
}
Event: 12.692 GC heap after
{Heap after GC invocations=44 (full 2):
 PSYoungGen      total 14848K, used 448K [0x00000000d5580000, 0x00000000d6600000, 0x0000000100000000)
  eden space 14336K, 0% used [0x00000000d5580000,0x00000000d5580000,0x00000000d6380000)
  from space 512K, 87% used [0x00000000d6580000,0x00000000d65f0020,0x00000000d6600000)
  to   space 1024K, 0% used [0x00000000d6400000,0x00000000d6400000,0x00000000d6500000)
 ParOldGen       total 68608K, used 53310K [0x0000000080000000, 0x0000000084300000, 0x00000000d5580000)
  object space 68608K, 77% used [0x0000000080000000,0x000000008340fbe8,0x0000000084300000)
 Metaspace       used 56504K, committed 57920K, reserved 1114112K
  class space    used 6115K, committed 6720K, reserved 1048576K
}
Event: 12.759 GC heap before
{Heap before GC invocations=45 (full 2):
 PSYoungGen      total 14848K, used 14784K [0x00000000d5580000, 0x00000000d6600000, 0x0000000100000000)
  eden space 14336K, 100% used [0x00000000d5580000,0x00000000d6380000,0x00000000d6380000)
  from space 512K, 87% used [0x00000000d6580000,0x00000000d65f0020,0x00000000d6600000)
  to   space 1024K, 0% used [0x00000000d6400000,0x00000000d6400000,0x00000000d6500000)
 ParOldGen       total 68608K, used 53310K [0x0000000080000000, 0x0000000084300000, 0x00000000d5580000)
  object space 68608K, 77% used [0x0000000080000000,0x000000008340fbe8,0x0000000084300000)
 Metaspace       used 56596K, committed 58048K, reserved 1114112K
  class space    used 6121K, committed 6784K, reserved 1048576K
}
Event: 12.762 GC heap after
{Heap after GC invocations=45 (full 2):
 PSYoungGen      total 15360K, used 921K [0x00000000d5580000, 0x00000000d6600000, 0x0000000100000000)
  eden space 14336K, 0% used [0x00000000d5580000,0x00000000d5580000,0x00000000d6380000)
  from space 1024K, 89% used [0x00000000d6400000,0x00000000d64e6570,0x00000000d6500000)
  to   space 1024K, 0% used [0x00000000d6500000,0x00000000d6500000,0x00000000d6600000)
 ParOldGen       total 68608K, used 53719K [0x0000000080000000, 0x0000000084300000, 0x00000000d5580000)
  object space 68608K, 78% used [0x0000000080000000,0x0000000083475c08,0x0000000084300000)
 Metaspace       used 56596K, committed 58048K, reserved 1114112K
  class space    used 6121K, committed 6784K, reserved 1048576K
}
Event: 12.831 GC heap before
{Heap before GC invocations=46 (full 2):
 PSYoungGen      total 15360K, used 15257K [0x00000000d5580000, 0x00000000d6600000, 0x0000000100000000)
  eden space 14336K, 100% used [0x00000000d5580000,0x00000000d6380000,0x00000000d6380000)
  from space 1024K, 89% used [0x00000000d6400000,0x00000000d64e6570,0x00000000d6500000)
  to   space 1024K, 0% used [0x00000000d6500000,0x00000000d6500000,0x00000000d6600000)
 ParOldGen       total 68608K, used 53719K [0x0000000080000000, 0x0000000084300000, 0x00000000d5580000)
  object space 68608K, 78% used [0x0000000080000000,0x0000000083475c08,0x0000000084300000)
 Metaspace       used 56676K, committed 58112K, reserved 1114112K
  class space    used 6125K, committed 6784K, reserved 1048576K
}
Event: 12.833 GC heap after
{Heap after GC invocations=46 (full 2):
 PSYoungGen      total 15360K, used 712K [0x00000000d5580000, 0x00000000d6600000, 0x0000000100000000)
  eden space 14336K, 0% used [0x00000000d5580000,0x00000000d5580000,0x00000000d6380000)
  from space 1024K, 69% used [0x00000000d6500000,0x00000000d65b2368,0x00000000d6600000)
  to   space 1024K, 0% used [0x00000000d6400000,0x00000000d6400000,0x00000000d6500000)
 ParOldGen       total 68608K, used 54534K [0x0000000080000000, 0x0000000084300000, 0x00000000d5580000)
  object space 68608K, 79% used [0x0000000080000000,0x0000000083541820,0x0000000084300000)
 Metaspace       used 56676K, committed 58112K, reserved 1114112K
  class space    used 6125K, committed 6784K, reserved 1048576K
}
Event: 13.051 GC heap before
{Heap before GC invocations=47 (full 2):
 PSYoungGen      total 15360K, used 15048K [0x00000000d5580000, 0x00000000d6600000, 0x0000000100000000)
  eden space 14336K, 100% used [0x00000000d5580000,0x00000000d6380000,0x00000000d6380000)
  from space 1024K, 69% used [0x00000000d6500000,0x00000000d65b2368,0x00000000d6600000)
  to   space 1024K, 0% used [0x00000000d6400000,0x00000000d6400000,0x00000000d6500000)
 ParOldGen       total 68608K, used 54534K [0x0000000080000000, 0x0000000084300000, 0x00000000d5580000)
  object space 68608K, 79% used [0x0000000080000000,0x0000000083541820,0x0000000084300000)
 Metaspace       used 56732K, committed 58176K, reserved 1114112K
  class space    used 6126K, committed 6784K, reserved 1048576K
}
Event: 13.054 GC heap after
{Heap after GC invocations=47 (full 2):
 PSYoungGen      total 15360K, used 672K [0x00000000d5580000, 0x00000000d6580000, 0x0000000100000000)
  eden space 14336K, 0% used [0x00000000d5580000,0x00000000d5580000,0x00000000d6380000)
  from space 1024K, 65% used [0x00000000d6400000,0x00000000d64a8000,0x00000000d6500000)
  to   space 512K, 0% used [0x00000000d6500000,0x00000000d6500000,0x00000000d6580000)
 ParOldGen       total 68608K, used 55068K [0x0000000080000000, 0x0000000084300000, 0x00000000d5580000)
  object space 68608K, 80% used [0x0000000080000000,0x00000000835c7018,0x0000000084300000)
 Metaspace       used 56732K, committed 58176K, reserved 1114112K
  class space    used 6126K, committed 6784K, reserved 1048576K
}
Event: 13.134 GC heap before
{Heap before GC invocations=48 (full 2):
 PSYoungGen      total 15360K, used 15008K [0x00000000d5580000, 0x00000000d6580000, 0x0000000100000000)
  eden space 14336K, 100% used [0x00000000d5580000,0x00000000d6380000,0x00000000d6380000)
  from space 1024K, 65% used [0x00000000d6400000,0x00000000d64a8000,0x00000000d6500000)
  to   space 512K, 0% used [0x00000000d6500000,0x00000000d6500000,0x00000000d6580000)
 ParOldGen       total 68608K, used 55068K [0x0000000080000000, 0x0000000084300000, 0x00000000d5580000)
  object space 68608K, 80% used [0x0000000080000000,0x00000000835c7018,0x0000000084300000)
 Metaspace       used 56756K, committed 58176K, reserved 1114112K
  class space    used 6128K, committed 6784K, reserved 1048576K
}
Event: 13.136 GC heap after
{Heap after GC invocations=48 (full 2):
 PSYoungGen      total 14848K, used 512K [0x00000000d5580000, 0x00000000d6680000, 0x0000000100000000)
  eden space 14336K, 0% used [0x00000000d5580000,0x00000000d5580000,0x00000000d6380000)
  from space 512K, 100% used [0x00000000d6500000,0x00000000d6580000,0x00000000d6580000)
  to   space 1536K, 0% used [0x00000000d6380000,0x00000000d6380000,0x00000000d6500000)
 ParOldGen       total 68608K, used 55572K [0x0000000080000000, 0x0000000084300000, 0x00000000d5580000)
  object space 68608K, 80% used [0x0000000080000000,0x0000000083645018,0x0000000084300000)
 Metaspace       used 56756K, committed 58176K, reserved 1114112K
  class space    used 6128K, committed 6784K, reserved 1048576K
}
Event: 13.201 GC heap before
{Heap before GC invocations=49 (full 2):
 PSYoungGen      total 14848K, used 14848K [0x00000000d5580000, 0x00000000d6680000, 0x0000000100000000)
  eden space 14336K, 100% used [0x00000000d5580000,0x00000000d6380000,0x00000000d6380000)
  from space 512K, 100% used [0x00000000d6500000,0x00000000d6580000,0x00000000d6580000)
  to   space 1536K, 0% used [0x00000000d6380000,0x00000000d6380000,0x00000000d6500000)
 ParOldGen       total 68608K, used 55572K [0x0000000080000000, 0x0000000084300000, 0x00000000d5580000)
  object space 68608K, 80% used [0x0000000080000000,0x0000000083645018,0x0000000084300000)
 Metaspace       used 56913K, committed 58304K, reserved 1114112K
  class space    used 6144K, committed 6784K, reserved 1048576K
}
Event: 13.205 GC heap after
{Heap after GC invocations=49 (full 2):
 PSYoungGen      total 15360K, used 642K [0x00000000d5580000, 0x00000000d6580000, 0x0000000100000000)
  eden space 14336K, 0% used [0x00000000d5580000,0x00000000d5580000,0x00000000d6380000)
  from space 1024K, 62% used [0x00000000d6380000,0x00000000d64208a8,0x00000000d6480000)
  to   space 1024K, 0% used [0x00000000d6480000,0x00000000d6480000,0x00000000d6580000)
 ParOldGen       total 68608K, used 56052K [0x0000000080000000, 0x0000000084300000, 0x00000000d5580000)
  object space 68608K, 81% used [0x0000000080000000,0x00000000836bd018,0x0000000084300000)
 Metaspace       used 56913K, committed 58304K, reserved 1114112K
  class space    used 6144K, committed 6784K, reserved 1048576K
}
Event: 13.304 GC heap before
{Heap before GC invocations=50 (full 2):
 PSYoungGen      total 15360K, used 14978K [0x00000000d5580000, 0x00000000d6580000, 0x0000000100000000)
  eden space 14336K, 100% used [0x00000000d5580000,0x00000000d6380000,0x00000000d6380000)
  from space 1024K, 62% used [0x00000000d6380000,0x00000000d64208a8,0x00000000d6480000)
  to   space 1024K, 0% used [0x00000000d6480000,0x00000000d6480000,0x00000000d6580000)
 ParOldGen       total 68608K, used 56052K [0x0000000080000000, 0x0000000084300000, 0x00000000d5580000)
  object space 68608K, 81% used [0x0000000080000000,0x00000000836bd018,0x0000000084300000)
 Metaspace       used 57006K, committed 58496K, reserved 1114112K
  class space    used 6144K, committed 6784K, reserved 1048576K
}
Event: 13.307 GC heap after
{Heap after GC invocations=50 (full 2):
 PSYoungGen      total 13312K, used 1008K [0x00000000d5580000, 0x00000000d6980000, 0x0000000100000000)
  eden space 12288K, 0% used [0x00000000d5580000,0x00000000d5580000,0x00000000d6180000)
  from space 1024K, 98% used [0x00000000d6480000,0x00000000d657c310,0x00000000d6580000)
  to   space 3072K, 0% used [0x00000000d6180000,0x00000000d6180000,0x00000000d6480000)
 ParOldGen       total 68608K, used 57337K [0x0000000080000000, 0x0000000084300000, 0x00000000d5580000)
  object space 68608K, 83% used [0x0000000080000000,0x00000000837fe790,0x0000000084300000)
 Metaspace       used 57006K, committed 58496K, reserved 1114112K
  class space    used 6144K, committed 6784K, reserved 1048576K
}
Event: 13.378 GC heap before
{Heap before GC invocations=51 (full 2):
 PSYoungGen      total 13312K, used 13296K [0x00000000d5580000, 0x00000000d6980000, 0x0000000100000000)
  eden space 12288K, 100% used [0x00000000d5580000,0x00000000d6180000,0x00000000d6180000)
  from space 1024K, 98% used [0x00000000d6480000,0x00000000d657c310,0x00000000d6580000)
  to   space 3072K, 0% used [0x00000000d6180000,0x00000000d6180000,0x00000000d6480000)
 ParOldGen       total 68608K, used 57337K [0x0000000080000000, 0x0000000084300000, 0x00000000d5580000)
  object space 68608K, 83% used [0x0000000080000000,0x00000000837fe790,0x0000000084300000)
 Metaspace       used 57150K, committed 58624K, reserved 1114112K
  class space    used 6150K, committed 6784K, reserved 1048576K
}
Event: 13.380 GC heap after
{Heap after GC invocations=51 (full 2):
 PSYoungGen      total 13312K, used 823K [0x00000000d5580000, 0x00000000d6500000, 0x0000000100000000)
  eden space 12288K, 0% used [0x00000000d5580000,0x00000000d5580000,0x00000000d6180000)
  from space 1024K, 80% used [0x00000000d6180000,0x00000000d624df10,0x00000000d6280000)
  to   space 1536K, 0% used [0x00000000d6380000,0x00000000d6380000,0x00000000d6500000)
 ParOldGen       total 68608K, used 58250K [0x0000000080000000, 0x0000000084300000, 0x00000000d5580000)
  object space 68608K, 84% used [0x0000000080000000,0x00000000838e2a70,0x0000000084300000)
 Metaspace       used 57150K, committed 58624K, reserved 1114112K
  class space    used 6150K, committed 6784K, reserved 1048576K
}
Event: 13.435 GC heap before
{Heap before GC invocations=52 (full 2):
 PSYoungGen      total 13312K, used 13111K [0x00000000d5580000, 0x00000000d6500000, 0x0000000100000000)
  eden space 12288K, 100% used [0x00000000d5580000,0x00000000d6180000,0x00000000d6180000)
  from space 1024K, 80% used [0x00000000d6180000,0x00000000d624df10,0x00000000d6280000)
  to   space 1536K, 0% used [0x00000000d6380000,0x00000000d6380000,0x00000000d6500000)
 ParOldGen       total 68608K, used 58250K [0x0000000080000000, 0x0000000084300000, 0x00000000d5580000)
  object space 68608K, 84% used [0x0000000080000000,0x00000000838e2a70,0x0000000084300000)
 Metaspace       used 57258K, committed 58688K, reserved 1114112K
  class space    used 6160K, committed 6784K, reserved 1048576K
}
Event: 13.437 GC heap after
{Heap after GC invocations=52 (full 2):
 PSYoungGen      total 13312K, used 703K [0x00000000d5580000, 0x00000000d6480000, 0x0000000100000000)
  eden space 12288K, 0% used [0x00000000d5580000,0x00000000d5580000,0x00000000d6180000)
  from space 1024K, 68% used [0x00000000d6380000,0x00000000d642ff70,0x00000000d6480000)
  to   space 1024K, 0% used [0x00000000d6180000,0x00000000d6180000,0x00000000d6280000)
 ParOldGen       total 68608K, used 58953K [0x0000000080000000, 0x0000000084300000, 0x00000000d5580000)
  object space 68608K, 85% used [0x0000000080000000,0x0000000083992580,0x0000000084300000)
 Metaspace       used 57258K, committed 58688K, reserved 1114112K
  class space    used 6160K, committed 6784K, reserved 1048576K
}
Event: 13.589 GC heap before
{Heap before GC invocations=53 (full 2):
 PSYoungGen      total 13312K, used 12991K [0x00000000d5580000, 0x00000000d6480000, 0x0000000100000000)
  eden space 12288K, 100% used [0x00000000d5580000,0x00000000d6180000,0x00000000d6180000)
  from space 1024K, 68% used [0x00000000d6380000,0x00000000d642ff70,0x00000000d6480000)
  to   space 1024K, 0% used [0x00000000d6180000,0x00000000d6180000,0x00000000d6280000)
 ParOldGen       total 68608K, used 58953K [0x0000000080000000, 0x0000000084300000, 0x00000000d5580000)
  object space 68608K, 85% used [0x0000000080000000,0x0000000083992580,0x0000000084300000)
 Metaspace       used 57901K, committed 59328K, reserved 1114112K
  class space    used 6233K, committed 6848K, reserved 1048576K
}
Event: 13.593 GC heap after
{Heap after GC invocations=53 (full 2):
 PSYoungGen      total 13312K, used 992K [0x00000000d5580000, 0x00000000d6680000, 0x0000000100000000)
  eden space 12288K, 0% used [0x00000000d5580000,0x00000000d5580000,0x00000000d6180000)
  from space 1024K, 96% used [0x00000000d6180000,0x00000000d6278020,0x00000000d6280000)
  to   space 2560K, 0% used [0x00000000d6400000,0x00000000d6400000,0x00000000d6680000)
 ParOldGen       total 68608K, used 59892K [0x0000000080000000, 0x0000000084300000, 0x00000000d5580000)
  object space 68608K, 87% used [0x0000000080000000,0x0000000083a7d1b0,0x0000000084300000)
 Metaspace       used 57901K, committed 59328K, reserved 1114112K
  class space    used 6233K, committed 6848K, reserved 1048576K
}

Dll operation events (10 events):
Event: 0.021 Loaded shared library c:\Users\Lenovo\.vscode\extensions\redhat.java-1.55.0-win32-x64\jre\21.0.11-win32-x86_64\bin\java.dll
Event: 0.140 Loaded shared library c:\Users\Lenovo\.vscode\extensions\redhat.java-1.55.0-win32-x64\jre\21.0.11-win32-x86_64\bin\zip.dll
Event: 0.181 Loaded shared library C:\Users\Lenovo\.vscode\extensions\redhat.java-1.55.0-win32-x64\jre\21.0.11-win32-x86_64\bin\instrument.dll
Event: 0.192 Loaded shared library C:\Users\Lenovo\.vscode\extensions\redhat.java-1.55.0-win32-x64\jre\21.0.11-win32-x86_64\bin\net.dll
Event: 0.197 Loaded shared library C:\Users\Lenovo\.vscode\extensions\redhat.java-1.55.0-win32-x64\jre\21.0.11-win32-x86_64\bin\nio.dll
Event: 0.203 Loaded shared library C:\Users\Lenovo\.vscode\extensions\redhat.java-1.55.0-win32-x64\jre\21.0.11-win32-x86_64\bin\zip.dll
Event: 0.236 Loaded shared library C:\Users\Lenovo\.vscode\extensions\redhat.java-1.55.0-win32-x64\jre\21.0.11-win32-x86_64\bin\jimage.dll
Event: 0.384 Loaded shared library c:\Users\Lenovo\.vscode\extensions\redhat.java-1.55.0-win32-x64\jre\21.0.11-win32-x86_64\bin\verify.dll
Event: 1.881 Loaded shared library C:\Users\Lenovo\AppData\Roaming\Code\User\globalStorage\redhat.java\1.55.0\config_win\org.eclipse.equinox.launcher\org.eclipse.equinox.launcher.win32.win32.x86_64_1.3.100.v20260613-0559\eclipse_11924.dll
Event: 5.415 Loaded shared library C:\Users\Lenovo\AppData\Local\Temp\jna--2022488749\jna14154494992727022419.dll

Deoptimization events (20 events):
Event: 13.509 Thread 0x000001e3971a46d0 Uncommon trap: trap_request=0xffffff45 fr.pc=0x000001e3437e64c0 relative=0x00000000000010c0
Event: 13.509 Thread 0x000001e3971a46d0 Uncommon trap: reason=unstable_if action=reinterpret pc=0x000001e3437e64c0 method=org.eclipse.jdt.internal.core.builder.ClasspathJar.isPackage(Ljava/lang/String;Ljava/lang/String;)Z @ 1 c2
Event: 13.509 Thread 0x000001e3971a46d0 DEOPT PACKING pc=0x000001e3437e64c0 sp=0x0000003c4f6fdcd0
Event: 13.509 Thread 0x000001e3971a46d0 DEOPT UNPACKING pc=0x000001e342e83aa2 sp=0x0000003c4f6fdc58 mode 2
Event: 13.510 Thread 0x000001e3971a46d0 Uncommon trap: trap_request=0xffffff45 fr.pc=0x000001e3437c6f34 relative=0x00000000000006b4
Event: 13.510 Thread 0x000001e3971a46d0 Uncommon trap: reason=unstable_if action=reinterpret pc=0x000001e3437c6f34 method=org.eclipse.jdt.internal.core.builder.ClasspathJar.isPackage(Ljava/lang/String;Ljava/lang/String;)Z @ 1 c2
Event: 13.510 Thread 0x000001e3971a46d0 DEOPT PACKING pc=0x000001e3437c6f34 sp=0x0000003c4f6fdbe0
Event: 13.510 Thread 0x000001e3971a46d0 DEOPT UNPACKING pc=0x000001e342e83aa2 sp=0x0000003c4f6fdb88 mode 2
Event: 13.537 Thread 0x000001e3971a46d0 Uncommon trap: trap_request=0xffffff45 fr.pc=0x000001e343806368 relative=0x00000000000001e8
Event: 13.537 Thread 0x000001e3971a46d0 Uncommon trap: reason=unstable_if action=reinterpret pc=0x000001e343806368 method=org.eclipse.jdt.internal.compiler.lookup.LookupEnvironment.getCachedType([[C)Lorg/eclipse/jdt/internal/compiler/lookup/ReferenceBinding; @ 104 c2
Event: 13.537 Thread 0x000001e3971a46d0 DEOPT PACKING pc=0x000001e343806368 sp=0x0000003c4f6fd7d0
Event: 13.537 Thread 0x000001e3971a46d0 DEOPT UNPACKING pc=0x000001e342e83aa2 sp=0x0000003c4f6fd740 mode 2
Event: 13.585 Thread 0x000001e39b4fef10 Uncommon trap: trap_request=0xffffff45 fr.pc=0x000001e34373d6b8 relative=0x0000000000000098
Event: 13.585 Thread 0x000001e39b4fef10 Uncommon trap: reason=unstable_if action=reinterpret pc=0x000001e34373d6b8 method=java.util.Hashtable$Enumerator.nextElement()Ljava/lang/Object; @ 87 c2
Event: 13.585 Thread 0x000001e39b4fef10 DEOPT PACKING pc=0x000001e34373d6b8 sp=0x0000003c51efed60
Event: 13.585 Thread 0x000001e39b4fef10 DEOPT UNPACKING pc=0x000001e342e83aa2 sp=0x0000003c51efece0 mode 2
Event: 13.644 Thread 0x000001e3971a46d0 Uncommon trap: trap_request=0xffffff45 fr.pc=0x000001e34380d3b0 relative=0x0000000000000470
Event: 13.644 Thread 0x000001e3971a46d0 Uncommon trap: reason=unstable_if action=reinterpret pc=0x000001e34380d3b0 method=org.eclipse.jdt.core.compiler.CharOperation.concatWith([[CC)[C @ 1 c2
Event: 13.644 Thread 0x000001e3971a46d0 DEOPT PACKING pc=0x000001e34380d3b0 sp=0x0000003c4f6fe8d0
Event: 13.644 Thread 0x000001e3971a46d0 DEOPT UNPACKING pc=0x000001e342e83aa2 sp=0x0000003c4f6fe890 mode 2

Classes loaded (20 events):
Event: 12.557 Loading class java/util/stream/ReduceOps$4
Event: 12.558 Loading class java/util/stream/ReduceOps$4 done
Event: 12.558 Loading class java/util/stream/ReduceOps$4ReducingSink
Event: 12.558 Loading class java/util/stream/ReduceOps$4ReducingSink done
Event: 12.560 Loading class java/nio/file/Files$2
Event: 12.560 Loading class java/nio/file/Files$2 done
Event: 12.671 Loading class java/util/WeakHashMap$KeyIterator
Event: 12.671 Loading class java/util/WeakHashMap$KeyIterator done
Event: 13.408 Loading class jdk/internal/module/IllegalAccessLogger
Event: 13.408 Loading class jdk/internal/module/IllegalAccessLogger done
Event: 13.430 Loading class java/util/concurrent/ArrayBlockingQueue
Event: 13.430 Loading class java/util/concurrent/ArrayBlockingQueue done
Event: 13.584 Loading class java/util/Hashtable$ValueCollection
Event: 13.585 Loading class java/util/Hashtable$ValueCollection done
Event: 13.598 Loading class java/util/concurrent/ConcurrentHashMap$KeySpliterator
Event: 13.598 Loading class java/util/concurrent/ConcurrentHashMap$KeySpliterator done
Event: 13.617 Loading class sun/nio/ch/ChannelOutputStream
Event: 13.618 Loading class sun/nio/ch/ChannelOutputStream done
Event: 13.627 Loading class sun/nio/fs/WindowsFileCopy
Event: 13.628 Loading class sun/nio/fs/WindowsFileCopy done

Classes unloaded (7 events):
Event: 6.157 Thread 0x000001e3387b8fd0 Unloading class 0x000001e3501aac00 'java/lang/invoke/LambdaForm$MH+0x000001e3501aac00'
Event: 6.157 Thread 0x000001e3387b8fd0 Unloading class 0x000001e3501aa800 'java/lang/invoke/LambdaForm$MH+0x000001e3501aa800'
Event: 6.157 Thread 0x000001e3387b8fd0 Unloading class 0x000001e3501aa400 'java/lang/invoke/LambdaForm$MH+0x000001e3501aa400'
Event: 6.157 Thread 0x000001e3387b8fd0 Unloading class 0x000001e3501aa000 'java/lang/invoke/LambdaForm$MH+0x000001e3501aa000'
Event: 6.157 Thread 0x000001e3387b8fd0 Unloading class 0x000001e3501a9c00 'java/lang/invoke/LambdaForm$BMH+0x000001e3501a9c00'
Event: 6.157 Thread 0x000001e3387b8fd0 Unloading class 0x000001e3501a9800 'java/lang/invoke/LambdaForm$DMH+0x000001e3501a9800'
Event: 6.157 Thread 0x000001e3387b8fd0 Unloading class 0x000001e3501a8400 'java/lang/invoke/LambdaForm$DMH+0x000001e3501a8400'

Classes redefined (0 events):
No events

Internal exceptions (20 events):
Event: 10.912 Thread 0x000001e3971a74c0 Exception <a 'java/lang/NoClassDefFoundError'{0x00000000d600eec0}: com/google/inject/servlet/ServletModuleTargetVisitor> (0x00000000d600eec0) 
thrown [s\src\hotspot\share\classfile\systemDictionary.cpp, line 302]
Event: 11.168 Thread 0x000001e3971a74c0 Implicit null exception at 0x000001e343567a82 to 0x000001e343567b7c
Event: 11.169 Thread 0x000001e3971a74c0 Implicit null exception at 0x000001e34358255a to 0x000001e3435825e1
Event: 11.354 Thread 0x000001e399f44ad0 Exception <a 'java/lang/IncompatibleClassChangeError'{0x00000000d5f97ef0}: Found class java.lang.Object, but interface was expected> (0x00000000d5f97ef0) 
thrown [s\src\hotspot\share\interpreter\linkResolver.cpp, line 840]
Event: 11.392 Thread 0x000001e3971a67a0 Exception <a 'sun/nio/fs/WindowsException'{0x00000000d622eec0}> (0x00000000d622eec0) 
thrown [s\src\hotspot\share\prims\jni.cpp, line 520]
Event: 11.400 Thread 0x000001e399f47f50 Exception <a 'sun/nio/fs/WindowsException'{0x00000000d62f2220}> (0x00000000d62f2220) 
thrown [s\src\hotspot\share\prims\jni.cpp, line 520]
Event: 11.404 Thread 0x000001e399f47f50 Exception <a 'sun/nio/fs/WindowsException'{0x00000000d62f77e8}> (0x00000000d62f77e8) 
thrown [s\src\hotspot\share\prims\jni.cpp, line 520]
Event: 12.363 Thread 0x000001e3971a67a0 Exception <a 'java/lang/NoSuchMethodError'{0x00000000d6114670}: 'java.lang.Object java.lang.invoke.DirectMethodHandle$Holder.invokeStatic(java.lang.Object, java.lang.Object, int, int)'> (0x00000000d6114670) 
thrown [s\src\hotspot\share\interpreter\linkResolver.cpp, line 773]
Event: 12.363 Thread 0x000001e3971a67a0 Exception <a 'java/lang/NoSuchMethodError'{0x00000000d6118a20}: 'java.lang.Object java.lang.invoke.DirectMethodHandle$Holder.invokeSpecial(java.lang.Object, java.lang.Object, java.lang.Object, int, int)'> (0x00000000d6118a20) 
thrown [s\src\hotspot\share\interpreter\linkResolver.cpp, line 773]
Event: 12.564 Thread 0x000001e3971a67a0 Exception <a 'java/lang/NoSuchMethodError'{0x00000000d55838d8}: 'int java.lang.invoke.DirectMethodHandle$Holder.invokeSpecialIFC(java.lang.Object, java.lang.Object, java.lang.Object)'> (0x00000000d55838d8) 
thrown [s\src\hotspot\share\interpreter\linkResolver.cpp, line 773]
Event: 12.570 Thread 0x000001e3971a67a0 Implicit null exception at 0x000001e34376ec4b to 0x000001e34376edac
Event: 12.656 Thread 0x000001e3971a6110 Exception <a 'sun/nio/fs/WindowsException'{0x00000000d624fd10}> (0x00000000d624fd10) 
thrown [s\src\hotspot\share\prims\jni.cpp, line 520]
Event: 12.656 Thread 0x000001e3971a6110 Exception <a 'sun/nio/fs/WindowsException'{0x00000000d6250828}> (0x00000000d6250828) 
thrown [s\src\hotspot\share\prims\jni.cpp, line 520]
Event: 12.674 Thread 0x000001e3971a6110 Exception <a 'java/io/FileNotFoundException'{0x00000000d5b06648}> (0x00000000d5b06648) 
thrown [s\src\hotspot\share\prims\jni.cpp, line 520]
Event: 12.675 Thread 0x000001e3971a6110 Exception <a 'java/io/FileNotFoundException'{0x00000000d5bbe4a8}> (0x00000000d5bbe4a8) 
thrown [s\src\hotspot\share\prims\jni.cpp, line 520]
Event: 12.676 Thread 0x000001e3971a6110 Exception <a 'java/io/FileNotFoundException'{0x00000000d5bfc318}> (0x00000000d5bfc318) 
thrown [s\src\hotspot\share\prims\jni.cpp, line 520]
Event: 13.543 Thread 0x000001e39b4fef10 Exception <a 'java/lang/NoSuchMethodError'{0x00000000d5eca6c8}: 'void java.lang.invoke.DirectMethodHandle$Holder.invokeStatic(java.lang.Object, int, java.lang.Object)'> (0x00000000d5eca6c8) 
thrown [s\src\hotspot\share\interpreter\linkResolver.cpp, line 773]
Event: 13.604 Thread 0x000001e3971a67a0 Exception <a 'java/lang/NoSuchMethodError'{0x00000000d560bf90}: 'java.lang.Object java.lang.invoke.DirectMethodHandle$Holder.newInvokeSpecial(java.lang.Object, java.lang.Object, int, int, java.lang.Object)'> (0x00000000d560bf90) 
thrown [s\src\hotspot\share\interpreter\linkResolver.cpp, line 773]
Event: 13.628 Thread 0x000001e3971a46d0 Exception <a 'sun/nio/fs/WindowsException'{0x00000000d568b968}> (0x00000000d568b968) 
thrown [s\src\hotspot\share\prims\jni.cpp, line 520]
Event: 13.644 Thread 0x000001e3971a46d0 Implicit null exception at 0x000001e34380cf62 to 0x000001e34380d398

ZGC Phase Switch (0 events):
No events

VM Operations (20 events):
Event: 12.693 Executing safepoint VM operation: ParallelGCFailedAllocation (Allocation Failure) done
Event: 12.759 Executing safepoint VM operation: ParallelGCFailedAllocation (Allocation Failure)
Event: 12.762 Executing safepoint VM operation: ParallelGCFailedAllocation (Allocation Failure) done
Event: 12.831 Executing safepoint VM operation: ParallelGCFailedAllocation (Allocation Failure)
Event: 12.833 Executing safepoint VM operation: ParallelGCFailedAllocation (Allocation Failure) done
Event: 13.051 Executing safepoint VM operation: ParallelGCFailedAllocation (Allocation Failure)
Event: 13.054 Executing safepoint VM operation: ParallelGCFailedAllocation (Allocation Failure) done
Event: 13.134 Executing safepoint VM operation: ParallelGCFailedAllocation (Allocation Failure)
Event: 13.136 Executing safepoint VM operation: ParallelGCFailedAllocation (Allocation Failure) done
Event: 13.201 Executing safepoint VM operation: ParallelGCFailedAllocation (Allocation Failure)
Event: 13.205 Executing safepoint VM operation: ParallelGCFailedAllocation (Allocation Failure) done
Event: 13.303 Executing safepoint VM operation: ParallelGCFailedAllocation (Allocation Failure)
Event: 13.308 Executing safepoint VM operation: ParallelGCFailedAllocation (Allocation Failure) done
Event: 13.378 Executing safepoint VM operation: ParallelGCFailedAllocation (Allocation Failure)
Event: 13.380 Executing safepoint VM operation: ParallelGCFailedAllocation (Allocation Failure) done
Event: 13.435 Executing safepoint VM operation: ParallelGCFailedAllocation (Allocation Failure)
Event: 13.437 Executing safepoint VM operation: ParallelGCFailedAllocation (Allocation Failure) done
Event: 13.589 Executing safepoint VM operation: ParallelGCFailedAllocation (Allocation Failure)
Event: 13.593 Executing safepoint VM operation: ParallelGCFailedAllocation (Allocation Failure) done
Event: 14.604 Executing safepoint VM operation: Cleanup

Memory protections (0 events):
No events

Nmethod flushes (20 events):
Event: 7.817 Thread 0x000001e3387b8fd0 flushing  nmethod 0x000001e33bf79010
Event: 7.817 Thread 0x000001e3387b8fd0 flushing  nmethod 0x000001e33bf79910
Event: 7.817 Thread 0x000001e3387b8fd0 flushing  nmethod 0x000001e33bf7b310
Event: 7.817 Thread 0x000001e3387b8fd0 flushing  nmethod 0x000001e33bf7ba90
Event: 7.817 Thread 0x000001e3387b8fd0 flushing  nmethod 0x000001e33bf7c410
Event: 7.817 Thread 0x000001e3387b8fd0 flushing  nmethod 0x000001e33bf7c810
Event: 7.817 Thread 0x000001e3387b8fd0 flushing  nmethod 0x000001e33bf7dd10
Event: 7.817 Thread 0x000001e3387b8fd0 flushing  nmethod 0x000001e33bf7ea10
Event: 7.817 Thread 0x000001e3387b8fd0 flushing  nmethod 0x000001e33bf7f690
Event: 7.817 Thread 0x000001e3387b8fd0 flushing  nmethod 0x000001e33bf7fb90
Event: 7.817 Thread 0x000001e3387b8fd0 flushing  nmethod 0x000001e33bf80c10
Event: 7.817 Thread 0x000001e3387b8fd0 flushing  nmethod 0x000001e33bf81190
Event: 7.817 Thread 0x000001e3387b8fd0 flushing  nmethod 0x000001e33bf9d190
Event: 7.817 Thread 0x000001e3387b8fd0 flushing  nmethod 0x000001e33bfaa490
Event: 7.817 Thread 0x000001e3387b8fd0 flushing  nmethod 0x000001e33bfb1990
Event: 7.817 Thread 0x000001e3387b8fd0 flushing  nmethod 0x000001e33bfb5010
Event: 7.817 Thread 0x000001e3387b8fd0 flushing  nmethod 0x000001e33bfb6390
Event: 7.817 Thread 0x000001e3387b8fd0 flushing  nmethod 0x000001e33bfbd790
Event: 7.817 Thread 0x000001e3387b8fd0 flushing  nmethod 0x000001e33c04ee90
Event: 7.817 Thread 0x000001e3387b8fd0 flushing  nmethod 0x000001e33c04f310

Events (20 events):
Event: 11.411 Thread 0x000001e399f48c70 Thread added: 0x000001e399f46ba0
Event: 11.415 Thread 0x000001e399f46510 Thread added: 0x000001e399f485e0
Event: 11.434 Thread 0x000001e399f47f50 Thread added: 0x000001e399f45e80
Event: 11.438 Thread 0x000001e399f46ba0 Thread added: 0x000001e399f47230
Event: 11.443 Thread 0x000001e399f485e0 Thread added: 0x000001e399f478c0
Event: 11.602 Thread 0x000001e3971a67a0 Thread added: 0x000001e39b4fa050
Event: 11.603 Thread 0x000001e3971a67a0 Thread added: 0x000001e39b4f8610
Event: 11.603 Thread 0x000001e3971a67a0 Thread added: 0x000001e39b4fad70
Event: 11.603 Thread 0x000001e3971a67a0 Thread added: 0x000001e39b4f9330
Event: 11.603 Thread 0x000001e3971a67a0 Thread added: 0x000001e39b4f8ca0
Event: 11.603 Thread 0x000001e3971a67a0 Thread added: 0x000001e39b4f99c0
Event: 11.603 Thread 0x000001e3971a67a0 Thread added: 0x000001e39b4fb400
Event: 11.604 Thread 0x000001e3971a67a0 Thread added: 0x000001e39b4fa6e0
Event: 11.604 Thread 0x000001e3971a67a0 Thread added: 0x000001e39b4f7f80
Event: 11.604 Thread 0x000001e3971a67a0 Thread added: 0x000001e39b4fc7b0
Event: 11.849 Thread 0x000001e3990fd370 Thread exited: 0x000001e3990fd370
Event: 11.989 Thread 0x000001e391574b00 Thread added: 0x000001e399c6b590
Event: 13.432 Thread 0x000001e3971a67a0 Thread added: 0x000001e39b4fef10
Event: 13.475 Thread 0x000001e3971a46d0 Thread added: 0x000001e39b4ff5a0
Event: 13.607 Thread 0x000001e3971a67a0 Thread added: 0x000001e39b4fdb60


Dynamic libraries:
0x00007ff6d3a50000 - 0x00007ff6d3a5e000 	c:\Users\Lenovo\.vscode\extensions\redhat.java-1.55.0-win32-x64\jre\21.0.11-win32-x86_64\bin\java.exe
0x00007ffe446e0000 - 0x00007ffe44946000 	C:\WINDOWS\SYSTEM32\ntdll.dll
0x00007ffe43b20000 - 0x00007ffe43be9000 	C:\WINDOWS\System32\KERNEL32.DLL
0x00007ffe41dd0000 - 0x00007ffe421ce000 	C:\WINDOWS\System32\KERNELBASE.dll
0x00007ffe41b40000 - 0x00007ffe41c8c000 	C:\WINDOWS\System32\ucrtbase.dll
0x00007ffe2d3a0000 - 0x00007ffe2d3b8000 	c:\Users\Lenovo\.vscode\extensions\redhat.java-1.55.0-win32-x64\jre\21.0.11-win32-x86_64\bin\jli.dll
0x00007ffe25610000 - 0x00007ffe2562e000 	c:\Users\Lenovo\.vscode\extensions\redhat.java-1.55.0-win32-x64\jre\21.0.11-win32-x86_64\bin\VCRUNTIME140.dll
0x00007ffe43120000 - 0x00007ffe432e7000 	C:\WINDOWS\System32\USER32.dll
0x00007ffe30d30000 - 0x00007ffe30fc2000 	C:\WINDOWS\WinSxS\amd64_microsoft.windows.common-controls_6595b64144ccf1df_6.0.26100.8894_none_3e0f749ee32e02ea\COMCTL32.dll
0x00007ffe421e0000 - 0x00007ffe42207000 	C:\WINDOWS\System32\win32u.dll
0x00007ffe43070000 - 0x00007ffe43119000 	C:\WINDOWS\System32\msvcrt.dll
0x00007ffe42470000 - 0x00007ffe4249b000 	C:\WINDOWS\System32\GDI32.dll
0x00007ffe41ca0000 - 0x00007ffe41dca000 	C:\WINDOWS\System32\gdi32full.dll
0x00007ffe42360000 - 0x00007ffe42403000 	C:\WINDOWS\System32\msvcp_win.dll
0x00007ffe43310000 - 0x00007ffe43342000 	C:\WINDOWS\System32\IMM32.DLL
0x00000000527f0000 - 0x00000000527fd000 	C:\Program Files (x86)\360\Total Security\safemon\SafeWrapper.dll
0x00007ffe43790000 - 0x00007ffe43847000 	C:\WINDOWS\System32\ADVAPI32.dll
0x00007ffe43900000 - 0x00007ffe439aa000 	C:\WINDOWS\System32\sechost.dll
0x00007ffe440f0000 - 0x00007ffe44208000 	C:\WINDOWS\System32\RPCRT4.dll
0x00007ffe3f1d0000 - 0x00007ffe3f2d5000 	C:\Program Files (x86)\360\Total Security\safemon\libzdtp64.dll
0x00007ffe428d0000 - 0x00007ffe43062000 	C:\WINDOWS\System32\SHELL32.dll
0x00007ffe43bf0000 - 0x00007ffe43c57000 	C:\WINDOWS\System32\SHLWAPI.dll
0x00007ffe413c0000 - 0x00007ffe413cb000 	C:\WINDOWS\SYSTEM32\VERSION.dll
0x00007ffe36ae0000 - 0x00007ffe36aec000 	c:\Users\Lenovo\.vscode\extensions\redhat.java-1.55.0-win32-x64\jre\21.0.11-win32-x86_64\bin\vcruntime140_1.dll
0x00007ffe11cd0000 - 0x00007ffe11d5d000 	c:\Users\Lenovo\.vscode\extensions\redhat.java-1.55.0-win32-x64\jre\21.0.11-win32-x86_64\bin\msvcp140.dll
0x00007ffdb7890000 - 0x00007ffdb8632000 	c:\Users\Lenovo\.vscode\extensions\redhat.java-1.55.0-win32-x64\jre\21.0.11-win32-x86_64\bin\server\jvm.dll
0x00007ffe43640000 - 0x00007ffe436c0000 	C:\WINDOWS\System32\WS2_32.dll
0x00007ffe41760000 - 0x00007ffe417be000 	C:\WINDOWS\SYSTEM32\POWRPROF.dll
0x00007ffe3aaf0000 - 0x00007ffe3ab26000 	C:\WINDOWS\SYSTEM32\WINMM.dll
0x00007ffe41740000 - 0x00007ffe41754000 	C:\WINDOWS\SYSTEM32\UMPDC.dll
0x00007ffe40520000 - 0x00007ffe4053b000 	C:\WINDOWS\SYSTEM32\kernel.appcore.dll
0x00007ffe36980000 - 0x00007ffe3698a000 	c:\Users\Lenovo\.vscode\extensions\redhat.java-1.55.0-win32-x64\jre\21.0.11-win32-x86_64\bin\jimage.dll
0x00007ffe3eda0000 - 0x00007ffe3efe2000 	C:\WINDOWS\SYSTEM32\DBGHELP.DLL
0x00007ffe44310000 - 0x00007ffe44693000 	C:\WINDOWS\System32\combase.dll
0x00007ffe43350000 - 0x00007ffe43429000 	C:\WINDOWS\System32\OLEAUT32.dll
0x00007ffe3aab0000 - 0x00007ffe3aaeb000 	C:\WINDOWS\SYSTEM32\dbgcore.DLL
0x00007ffe42210000 - 0x00007ffe422bc000 	C:\WINDOWS\System32\bcryptPrimitives.dll
0x00007ffe37570000 - 0x00007ffe3757f000 	c:\Users\Lenovo\.vscode\extensions\redhat.java-1.55.0-win32-x64\jre\21.0.11-win32-x86_64\bin\instrument.dll
0x00007ffe21380000 - 0x00007ffe213a0000 	c:\Users\Lenovo\.vscode\extensions\redhat.java-1.55.0-win32-x64\jre\21.0.11-win32-x86_64\bin\java.dll
0x00007ffe3f2e0000 - 0x00007ffe3fb72000 	C:\WINDOWS\SYSTEM32\windows.storage.dll
0x00007ffe427d0000 - 0x00007ffe428c7000 	C:\WINDOWS\System32\SHCORE.dll
0x00007ffe41820000 - 0x00007ffe41849000 	C:\WINDOWS\SYSTEM32\profapi.dll
0x00007ffe21690000 - 0x00007ffe216a8000 	c:\Users\Lenovo\.vscode\extensions\redhat.java-1.55.0-win32-x64\jre\21.0.11-win32-x86_64\bin\zip.dll
0x00007ffe37560000 - 0x00007ffe37570000 	C:\Users\Lenovo\.vscode\extensions\redhat.java-1.55.0-win32-x64\jre\21.0.11-win32-x86_64\bin\net.dll
0x00007ffe37830000 - 0x00007ffe37957000 	C:\WINDOWS\SYSTEM32\WINHTTP.dll
0x00007ffe40ab0000 - 0x00007ffe40b1c000 	C:\WINDOWS\system32\mswsock.dll
0x00007ffe36840000 - 0x00007ffe36856000 	C:\Users\Lenovo\.vscode\extensions\redhat.java-1.55.0-win32-x64\jre\21.0.11-win32-x86_64\bin\nio.dll
0x00007ffe36b20000 - 0x00007ffe36b30000 	c:\Users\Lenovo\.vscode\extensions\redhat.java-1.55.0-win32-x64\jre\21.0.11-win32-x86_64\bin\verify.dll
0x00007ffe2a030000 - 0x00007ffe2a075000 	C:\Users\Lenovo\AppData\Roaming\Code\User\globalStorage\redhat.java\1.55.0\config_win\org.eclipse.equinox.launcher\org.eclipse.equinox.launcher.win32.win32.x86_64_1.3.100.v20260613-0559\eclipse_11924.dll
0x00007ffe424a0000 - 0x00007ffe42639000 	C:\WINDOWS\System32\ole32.dll
0x00007ffe40ee0000 - 0x00007ffe40efb000 	C:\WINDOWS\SYSTEM32\CRYPTSP.dll
0x00007ffe40480000 - 0x00007ffe404b9000 	C:\WINDOWS\system32\rsaenh.dll
0x00007ffe40b70000 - 0x00007ffe40ba2000 	C:\WINDOWS\SYSTEM32\USERENV.dll
0x00007ffe417f0000 - 0x00007ffe4181a000 	C:\WINDOWS\SYSTEM32\bcrypt.dll
0x00007ffe40d20000 - 0x00007ffe40d2c000 	C:\WINDOWS\SYSTEM32\CRYPTBASE.dll
0x00007ffe3fed0000 - 0x00007ffe3ff03000 	C:\WINDOWS\SYSTEM32\IPHLPAPI.DLL
0x00007ffe43300000 - 0x00007ffe4330a000 	C:\WINDOWS\System32\NSI.dll
0x00007ffe1d9d0000 - 0x00007ffe1da19000 	C:\Users\Lenovo\AppData\Local\Temp\jna--2022488749\jna14154494992727022419.dll
0x00007ffe432f0000 - 0x00007ffe432f8000 	C:\WINDOWS\System32\PSAPI.DLL
0x00007ffe379b0000 - 0x00007ffe379cd000 	C:\WINDOWS\SYSTEM32\dhcpcsvc6.DLL
0x00007ffe37980000 - 0x00007ffe379a5000 	C:\WINDOWS\SYSTEM32\dhcpcsvc.DLL

JVMTI agents:
c:\Users\Lenovo\.vscode\extensions\redhat.java-1.55.0-win32-x64\lombok\lombok-1.18.39-4050.jar path:c:\Users\Lenovo\.vscode\extensions\redhat.java-1.55.0-win32-x64\jre\21.0.11-win32-x86_64\bin\instrument.dll, loaded, initialized, instrumentlib options:none

dbghelp: loaded successfully - version: 4.0.5 - missing functions: none
symbol engine: initialized successfully - sym options: 0x614 - pdb path: .;c:\Users\Lenovo\.vscode\extensions\redhat.java-1.55.0-win32-x64\jre\21.0.11-win32-x86_64\bin;C:\WINDOWS\SYSTEM32;C:\WINDOWS\WinSxS\amd64_microsoft.windows.common-controls_6595b64144ccf1df_6.0.26100.8894_none_3e0f749ee32e02ea;C:\Program Files (x86)\360\Total Security\safemon;c:\Users\Lenovo\.vscode\extensions\redhat.java-1.55.0-win32-x64\jre\21.0.11-win32-x86_64\bin\server;C:\Users\Lenovo\AppData\Roaming\Code\User\globalStorage\redhat.java\1.55.0\config_win\org.eclipse.equinox.launcher\org.eclipse.equinox.launcher.win32.win32.x86_64_1.3.100.v20260613-0559;C:\Users\Lenovo\AppData\Local\Temp\jna--2022488749

VM Arguments:
jvm_args: --add-modules=ALL-SYSTEM --add-opens=java.base/java.util=ALL-UNNAMED --add-opens=java.base/java.lang=ALL-UNNAMED --add-opens=java.base/sun.nio.fs=ALL-UNNAMED -Declipse.application=org.eclipse.jdt.ls.core.id1 -Dosgi.bundles.defaultStartLevel=4 -Declipse.product=org.eclipse.jdt.ls.core.product -Djava.import.generatesMetadataFilesAtProjectRoot=false -DDetectVMInstallationsJob.disabled=true -Dfile.encoding=utf8 -XX:+UseParallelGC -XX:GCTimeRatio=4 -XX:AdaptiveSizePolicyWeight=90 -Dsun.zip.disableMemoryMapping=true -Xmx2G -Xms100m -Xlog:disable -javaagent:c:\Users\Lenovo\.vscode\extensions\redhat.java-1.55.0-win32-x64\lombok\lombok-1.18.39-4050.jar -XX:+HeapDumpOnOutOfMemoryError -XX:HeapDumpPath=c:\Users\Lenovo\AppData\Roaming\Code\User\workspaceStorage\eb1923ee63e7e26d040958249cb321ab\redhat.java -Daether.dependencyCollector.impl=bf 
java_command: c:\Users\Lenovo\.vscode\extensions\redhat.java-1.55.0-win32-x64\server\plugins\org.eclipse.equinox.launcher_1.7.200.v20260619-2039.jar -configuration c:\Users\Lenovo\AppData\Roaming\Code\User\globalStorage\redhat.java\1.55.0\config_win -data c:\Users\Lenovo\AppData\Roaming\Code\User\workspaceStorage\eb1923ee63e7e26d040958249cb321ab\redhat.java\jdt_ws --pipe=\\.\pipe\lsp-1a6ef44aafbb44f6a78f8330c962fa80-sock
java_class_path (initial): c:\Users\Lenovo\.vscode\extensions\redhat.java-1.55.0-win32-x64\server\plugins\org.eclipse.equinox.launcher_1.7.200.v20260619-2039.jar
Launcher Type: SUN_STANDARD

[Global flags]
    uintx AdaptiveSizePolicyWeight                 = 90                                        {product} {command line}
     intx CICompilerCount                          = 4                                         {product} {ergonomic}
    uintx GCTimeRatio                              = 4                                         {product} {command line}
     bool HeapDumpOnOutOfMemoryError               = true                                   {manageable} {command line}
    ccstr HeapDumpPath                             = c:\Users\Lenovo\AppData\Roaming\Code\User\workspaceStorage\eb1923ee63e7e26d040958249cb321ab\redhat.java         {manageable} {command line}
   size_t InitialHeapSize                          = 104857600                                 {product} {command line}
   size_t MaxHeapSize                              = 2147483648                                {product} {command line}
   size_t MaxNewSize                               = 715653120                                 {product} {ergonomic}
   size_t MinHeapDeltaBytes                        = 524288                                    {product} {ergonomic}
   size_t MinHeapSize                              = 104857600                                 {product} {command line}
   size_t NewSize                                  = 34603008                                  {product} {ergonomic}
    uintx NonNMethodCodeHeapSize                   = 5839372                                {pd product} {ergonomic}
    uintx NonProfiledCodeHeapSize                  = 122909434                              {pd product} {ergonomic}
   size_t OldSize                                  = 70254592                                  {product} {ergonomic}
    uintx ProfiledCodeHeapSize                     = 122909434                              {pd product} {ergonomic}
    uintx ReservedCodeCacheSize                    = 251658240                              {pd product} {ergonomic}
     bool SegmentedCodeCache                       = true                                      {product} {ergonomic}
   size_t SoftMaxHeapSize                          = 2147483648                             {manageable} {ergonomic}
     bool UseCompressedOops                        = true                           {product lp64_product} {ergonomic}
     bool UseLargePagesIndividualAllocation        = false                                  {pd product} {ergonomic}
     bool UseParallelGC                            = true                                      {product} {command line}

Logging:
Log output configuration:
 #0: stdout all=off uptime,level,tags foldmultilines=false
 #1: stderr all=off uptime,level,tags foldmultilines=false

Release file:
JAVA_VERSION="21.0.11" 
MODULES="java.base java.compiler java.datatransfer java.xml java.prefs java.desktop java.instrument java.logging java.management java.security.sasl java.naming java.rmi java.management.rmi java.net.http java.scripting java.security.jgss java.transaction.xa java.sql java.sql.rowset java.xml.crypto java.se java.smartcardio jdk.accessibility jdk.internal.jvmstat jdk.attach jdk.charsets jdk.internal.opt jdk.zipfs jdk.compiler jdk.crypto.ec jdk.crypto.cryptoki jdk.crypto.mscapi jdk.dynalink jdk.internal.ed jdk.editpad jdk.hotspot.agent jdk.httpserver jdk.internal.le jdk.internal.vm.ci jdk.internal.vm.compiler jdk.internal.vm.compiler.management jdk.jartool jdk.javadoc jdk.jcmd jdk.management jdk.management.agent jdk.jconsole jdk.jdeps jdk.jdwp.agent jdk.jdi jdk.jfr jdk.jshell jdk.jsobject jdk.jstatd jdk.localedata jdk.management.jfr jdk.naming.dns jdk.naming.rmi jdk.net jdk.nio.mapmode jdk.random jdk.sctp jdk.security.auth jdk.security.jgss jdk.unsupported jdk.unsupported.desktop jdk.xml.dom" 

Environment Variables:
PATH=C:\Program Files\Common Files\Oracle\Java\javapath;C:\Program Files\nodejs\;C:\Program Files\Git\cmd;C:\WINDOWS\system32;C:\WINDOWS;C:\WINDOWS\System32\Wbem;C:\WINDOWS\System32\WindowsPowerShell\v1.0\;C:\WINDOWS\System32\OpenSSH\;C:\Program Files\Docker\Docker\resources\bin;C:\Program Files\Microsoft SQL Server\170\Tools\Binn\;C:\Program Files\Microsoft SQL Server\Client SDK\ODBC\170\Tools\Binn\;C:\Program Files\Mullvad VPN\resources;C:\Program Files\dotnet\;C:\Users\Lenovo\AppData\Local\Microsoft\WindowsApps;C:\Users\Lenovo\AppData\Local\Programs\Microsoft VS Code\bin;C:\Users\Lenovo\AppData\Roaming\npm;C:\Program Files\JetBrains\PhpStorm 2026.1.3\bin;C:\Users\Lenovo\AppData\Local\Programs\mongosh\;C:\Users\Lenovo\.dotnet\tools;C:\Users\Lenovo\AppData\Local\Gource\cmd;C:\Users\Lenovo\AppData\Local\GitHubDesktop\bin
USERNAME=Lenovo
OS=Windows_NT
PROCESSOR_IDENTIFIER=AMD64 Family 23 Model 104 Stepping 1, AuthenticAMD
TMP=C:\Users\Lenovo\AppData\Local\Temp
TEMP=C:\Users\Lenovo\AppData\Local\Temp




Periodic native trim disabled

---------------  S Y S T E M  ---------------

OS:
 Windows 11 , 64 bit Build 26100 (10.0.26100.8875)
OS uptime: 0 days 3:03 hours
Hyper-V role detected

CPU: total 12 (initial active 12) (12 cores per cpu, 2 threads per core) family 23 model 104 stepping 1 microcode 0x8608103, cx8, cmov, fxsr, ht, mmx, 3dnowpref, sse, sse2, sse3, ssse3, sse4a, sse4.1, sse4.2, popcnt, lzcnt, tsc, tscinvbit, avx, avx2, aes, clmul, bmi1, bmi2, adx, sha, fma, vzeroupper, clflush, clflushopt, hv, rdtscp, rdpid, f16c
Processor Information for the first 12 processors :
  Max Mhz: 2100, Current Mhz: 2100, Mhz Limit: 2100

Memory: 4k page, system-wide physical 15178M (4991M free)
TotalPageFile size 15178M (AvailPageFile size 19M)
current process WorkingSet (physical memory assigned to process): 296M, peak: 296M
current process commit charge ("private bytes"): 384M, peak: 384M

vm_info: OpenJDK 64-Bit Server VM (21.0.11+10-LTS) for windows-amd64 JRE (21.0.11+10-LTS), built on 2026-04-21T00:00:00Z by "admin" with MS VC++ 17.12 (VS2022)

END.
