#
# There is insufficient memory for the Java Runtime Environment to continue.
# Native memory allocation (malloc) failed to allocate 1701656 bytes. Error detail: Chunk::new
# Possible reasons:
#   The system is out of physical RAM or swap space
#   This process is running with CompressedOops enabled, and the Java Heap may be blocking the growth of the native heap
# Possible solutions:
#   Reduce memory load on the system
#   Increase physical memory or swap space
#   Check if swap backing store is full
#   Decrease Java heap size (-Xmx/-Xms)
#   Decrease number of Java threads
#   Decrease Java thread stack sizes (-Xss)
#   Set larger code cache with -XX:ReservedCodeCacheSize=
#   JVM is running with Zero Based Compressed Oops mode in which the Java heap is
#     placed in the first 32GB address space. The Java Heap base address is the
#     maximum limit for the native heap growth. Please use -XX:HeapBaseMinAddress
#     to set the Java Heap base and to place the Java Heap above 32GB virtual address.
# This output file may be truncated or incomplete.
#
#  Out of Memory Error (arena.cpp:193), pid=4872, tid=2844
#
# JRE version: Java(TM) SE Runtime Environment (26.0.1+8) (build 26.0.1+8-34)
# Java VM: Java HotSpot(TM) 64-Bit Server VM (26.0.1+8-34, mixed mode, sharing, tiered, compressed oops, compressed class ptrs, g1 gc, windows-amd64)
# No core dump will be written. Minidumps are not enabled by default on client versions of Windows
#

---------------  S U M M A R Y ------------

Command Line: --enable-native-access=ALL-UNNAMED -Dclassworlds.conf=C:\Users\Lenovo\.m2\wrapper\dists\apache-maven-3.9.16\0daed3be3ebd1c706f0e69e8b07c6b73f5cc4ea3dfce72a8d0ec2e849ca2ddb0\bin\m2.conf -Dmaven.home=C:\Users\Lenovo\.m2\wrapper\dists\apache-maven-3.9.16\0daed3be3ebd1c706f0e69e8b07c6b73f5cc4ea3dfce72a8d0ec2e849ca2ddb0 -Dlibrary.jansi.path=C:\Users\Lenovo\.m2\wrapper\dists\apache-maven-3.9.16\0daed3be3ebd1c706f0e69e8b07c6b73f5cc4ea3dfce72a8d0ec2e849ca2ddb0\lib\jansi-native -Dmaven.multiModuleProjectDirectory=C:\Users\Lenovo\Downloads\gestion_de_note org.codehaus.plexus.classworlds.launcher.Launcher -Dexec.vmArgs=-agentlib:jdwp=transport=dt_socket,server=n,address=${jpda.address} -Dfile.encoding=UTF-8 -Dexec.args=${exec.vmArgs} -classpath %classpath ${exec.mainClass} ${exec.appArgs} -Dexec.executable=C:\Users\Lenovo\Desktop\lmdrasaaa\php\oracleJdk-26\bin\java.exe -Dexec.mainClass=com.gestion_de_note.gestion_de_note.GestionDeNoteApplication -Dexec.classpathScope=runtime -Djpda.listen=true -Dexec.appArgs= -Dmaven.ext.class.path=C:\Users\Lenovo\.vscode\extensions\oracle.oracle-java-26.0.0\nbcode\java\maven-nblib\netbeans-eventspy.jar --no-transfer-progress process-test-classes org.codehaus.mojo:exec-maven-plugin:3.5.1:exec

Host: AMD Ryzen 5 5500U with Radeon Graphics         , 12 cores, 14G,  Windows 11 , 64 bit Build 26100 (10.0.26100.8875)
Time: Sun Jul 26 16:32:24 2026 elapsed time: 1.952180 seconds (0d 0h 0m 1s)

---------------  T H R E A D  ---------------

Current thread (0x0000023fd1c21340):  JavaThread "C2 CompilerThread0" daemon [_thread_in_native, id=2844, stack(0x000000ae25800000,0x000000ae25900000) (1024K)]


Current CompileTask:
C2:1952  610       4       java.io.WinNTFileSystem::normalize (148 bytes)

Stack: [0x000000ae25800000,0x000000ae25900000]
Native frames: (J=compiled Java code, j=interpreted, Vv=VM code, C=native code)
V  [jvm.dll+0x7d5879]  (no source info available)
V  [jvm.dll+0x7a37dd]  (no source info available)
V  [jvm.dll+0x9b0c10]  (no source info available)
V  [jvm.dll+0x9b3061]  (no source info available)
V  [jvm.dll+0x9b3773]  (no source info available)
V  [jvm.dll+0x30df76]  (no source info available)
V  [jvm.dll+0x11d8a6]  (no source info available)
V  [jvm.dll+0x11dbce]  (no source info available)
V  [jvm.dll+0x1afbe6]  (no source info available)
V  [jvm.dll+0x3ca822]  (no source info available)
V  [jvm.dll+0x7de462]  (no source info available)
V  [jvm.dll+0x2d1647]  (no source info available)
V  [jvm.dll+0x2d05bf]  (no source info available)
V  [jvm.dll+0x246820]  (no source info available)
V  [jvm.dll+0x2e06dc]  (no source info available)
V  [jvm.dll+0x2de8bd]  (no source info available)
V  [jvm.dll+0x4a3ff1]  (no source info available)
V  [jvm.dll+0x94f649]  (no source info available)
V  [jvm.dll+0x7d7358]  (no source info available)
C  [ucrtbase.dll+0x2cd30]  (no source info available)
C  [KERNEL32.DLL+0x2e957]  (no source info available)
C  [ntdll.dll+0xaad6c]  (no source info available)

Lock stack of current Java thread (top to bottom):


---------------  P R O C E S S  ---------------

Threads class SMR info:
_java_thread_list=0x0000023fd6276c30, length=12, elements={
0x0000023faf727cf0, 0x0000023fd1c08d70, 0x0000023fd1c097c0, 0x0000023fd1c0e270,
0x0000023fd1c0ee20, 0x0000023fd1c14550, 0x0000023fd1c1a430, 0x0000023fd1c21340,
0x0000023fd1ca6df0, 0x0000023fd609cd10, 0x0000023fd60a1920, 0x0000023fd639d6c0
}

Java Threads: ( => current thread )
  0x0000023faf727cf0 JavaThread "main"                              [_thread_in_vm, id=14264, stack(0x000000ae24900000,0x000000ae24a00000) (1024K)]
  0x0000023fd1c08d70 JavaThread "Reference Handler"          daemon [_thread_blocked, id=18128, stack(0x000000ae25200000,0x000000ae25300000) (1024K)]
  0x0000023fd1c097c0 JavaThread "Finalizer"                  daemon [_thread_blocked, id=7772, stack(0x000000ae25300000,0x000000ae25400000) (1024K)]
  0x0000023fd1c0e270 JavaThread "Signal Dispatcher"          daemon [_thread_blocked, id=22196, stack(0x000000ae25400000,0x000000ae25500000) (1024K)]
  0x0000023fd1c0ee20 JavaThread "Attach Listener"            daemon [_thread_blocked, id=4152, stack(0x000000ae25500000,0x000000ae25600000) (1024K)]
  0x0000023fd1c14550 JavaThread "Service Thread"             daemon [_thread_blocked, id=4128, stack(0x000000ae25600000,0x000000ae25700000) (1024K)]
  0x0000023fd1c1a430 JavaThread "Monitor Deflation Thread"   daemon [_thread_blocked, id=24000, stack(0x000000ae25700000,0x000000ae25800000) (1024K)]
=>0x0000023fd1c21340 JavaThread "C2 CompilerThread0"         daemon [_thread_in_native, id=2844, stack(0x000000ae25800000,0x000000ae25900000) (1024K)]
  0x0000023fd1ca6df0 JavaThread "C1 CompilerThread0"         daemon [_thread_in_vm, id=19852, stack(0x000000ae25900000,0x000000ae25a00000) (1024K)]
  0x0000023fd609cd10 JavaThread "Notification Thread"        daemon [_thread_blocked, id=18480, stack(0x000000ae25a00000,0x000000ae25b00000) (1024K)]
  0x0000023fd60a1920 JavaThread "Common-Cleaner"             daemon [_thread_blocked, id=7080, stack(0x000000ae25b00000,0x000000ae25c00000) (1024K)]
  0x0000023fd639d6c0 JavaThread "C2 CompilerThread1"         daemon [_thread_in_native, id=17564, stack(0x000000ae25c00000,0x000000ae25d00000) (1024K)]
Total: 12

Other Threads:
  0x0000023fd1bf79e0 VMThread "VM Thread"                           [id=4100, stack(0x000000ae25100000,0x000000ae25200000) (1024K)]
  0x0000023fb1d0e960 WatcherThread "VM Periodic Task Thread"        [id=15632, stack(0x000000ae25000000,0x000000ae25100000) (1024K)]
  0x0000023fb1ca2550 WorkerThread "GC Thread#0"                     [id=13712, stack(0x000000ae24a00000,0x000000ae24b00000) (1024K)]
  0x0000023fd66ba5d0 WorkerThread "GC Thread#1"                     [id=4316, stack(0x000000ae25d00000,0x000000ae25e00000) (1024K)]
  0x0000023fb1cba640 ConcurrentGCThread "G1 Main Marker"            [id=22356, stack(0x000000ae24b00000,0x000000ae24c00000) (1024K)]
  0x0000023fb1cbafc0 WorkerThread "G1 Conc#0"                       [id=23104, stack(0x000000ae24c00000,0x000000ae24d00000) (1024K)]
  0x0000023fb1d00480 WorkerThread "G1 Refinement Workers#0"         [id=10336, stack(0x000000ae24e00000,0x000000ae24f00000) (1024K)]
  0x0000023fb1cffac0 ConcurrentGCThread "G1 Refine Control"         [id=2916, stack(0x000000ae24d00000,0x000000ae24e00000) (1024K)]
  0x0000023fb1d01c40 ConcurrentGCThread "G1 Service"                [id=12348, stack(0x000000ae24f00000,0x000000ae25000000) (1024K)]
Total: 9

Threads with active compile tasks:
C2 CompilerThread0  3086  610       4       java.io.WinNTFileSystem::normalize (148 bytes)
C1 CompilerThread0  3086  754       3       sun.util.calendar.ZoneInfoFile$Checksum::update (39 bytes)
C2 CompilerThread1  3086  708  s!   4       jdk.internal.loader.URLClassPath::getLoader (202 bytes)
Total: 3

VM state: not at safepoint (normal execution)

VM Mutex/Monitor currently owned by a thread:  ([mutex/lock_event])
[0x00007ffdba4ecb08] Metaspace_lock - owner thread: 0x0000023faf727cf0

Heap address: 0x0000000712c00000, size: 3796 MB, Compressed Oops mode: Zero based, Oop shift amount: 3

CDS archive(s) mapped at: [0x000000001b000000-0x000000001bde0000-0x000000001bde0000), size 14548992, SharedBaseAddress: 0x000000001b000000, ArchiveRelocationMode: 1.
Compressed class space mapped at: 0x000000001c000000-0x000000005c000000, reserved size: 1073741824
UseCompressedClassPointers 1, UseCompactObjectHeaders 0
Narrow klass pointer bits 32, Max shift 3
Narrow klass base: 0x000000001b000000, Narrow klass shift: 0
Encoding Range: [0x000000001b000000 - 0x000000011b000000), (4294967296 bytes)
Klass Range:    [0x000000001b000000 - 0x000000005c000000), (1090519040 bytes)
Klass ID Range:  [8 - 1090519033) (1090519025)
Protection zone: [0x000000001b000000 - 0x000000001b010000), (65536 bytes)

GC Precious Log:
 CardTable entry size: 512
 Card Set container configuration: InlinePtr #cards 4 size 8 Array Of Cards #cards 16 size 48 Howl #buckets 8 coarsen threshold 3686 Howl Bitmap #cards 512 size 80 coarsen threshold 460 Card regions per heap region 1 cards per card region 4096
 CPUs: 12 total, 12 available
 Memory: 15178M
 Large Page Support: Disabled
 NUMA Support: Disabled
 Compressed Oops: Enabled (Zero based)
 Heap Region Size: 2M
 Heap Min Capacity: 8M
 Heap Initial Capacity: 8M
 Heap Max Capacity: 3796M
 Pre-touch: Disabled
 Parallel Workers: 10
 Concurrent Workers: 3
 Concurrent Refinement Workers: 10
 Periodic GC: Disabled

Heap:
 garbage-first heap   total reserved 3887104K, committed 10240K, used 2944K [0x0000000712c00000, 0x0000000800000000)
  region size 2M, 1 eden (2M), 1 survivor (2M), 2 old (4M), 0 humongous (0M), 1 free (2M)

Heap Regions: E=young(eden), S=young(survivor), O=old, HS=humongous(starts), HC=humongous(continues), CS=collection set, F=free, TAMS=top-at-mark-start, PB=parsable bottom
|    0|0x0000000712c00000, 0x0000000712d5caf8, 0x0000000712e00000| 68%| O|  |TAMS 0x0000000712c00000| PB 0x0000000712c00000| Untracked |  0
|    1|0x0000000712e00000, 0x0000000712e5ab60, 0x0000000713000000| 17%| S|CS|TAMS 0x0000000712e00000| PB 0x0000000712e00000| Complete  |  0
|    2|0x0000000713000000, 0x0000000713000000, 0x0000000713200000|  0%| F|  |TAMS 0x0000000713000000| PB 0x0000000713000000| Untracked |  0
|    3|0x0000000713200000, 0x0000000713288510, 0x0000000713400000| 26%| E|CS|TAMS 0x0000000713200000| PB 0x0000000713200000| Complete  |  0
| 1897|0x00000007ffe00000, 0x00000007fff28d80, 0x0000000800000000| 57%| O|  |TAMS 0x00000007ffe00000| PB 0x00000007ffe00000| Untracked |  0

Card table byte_map: [0x0000023fcad50000,0x0000023fcb4c0000] _byte_map_base: 0x0000023fc74ba000
Refinement table byte_map: [0x0000023fca5e0000,0x0000023fcad50000] _byte_map_base: 0x0000023fc6d4a000

Marking Bits: (CMBitMap*) 0x0000023fb1ca2ad0
 Bits: [0x0000023fcb4c0000, 0x0000023fcf010000)

Polling page: 0x0000023fafc30000

Metaspace:
Metaspace        used 2443K, committed 2560K, reserved 1114112K
 class space     used 233K, committed 320K, reserved 1048576K

Usage:
  Non-class:      2.16 MB used.
      Class:    233.95 KB used.
       Both:      2.39 MB used.

Virtual space:
  Non-class space:       64.00 MB reserved,       2.19 MB (  3%) committed,  1 nodes.
      Class space:        1.00 GB reserved,     320.00 KB ( <1%) committed,  1 nodes.
             Both:        1.06 GB reserved,       2.50 MB ( <1%) committed. 

Chunk freelists:
   Non-Class:  11.00 MB
       Class:  15.61 MB
        Both:  26.61 MB

MaxMetaspaceSize: unlimited
CompressedClassSpaceSize: 1.00 GB
Initial GC threshold: 21.00 MB
Current GC threshold: 21.00 MB
CDS: on
 - commit_granule_bytes: 65536.
 - commit_granule_words: 8192.
 - virtual_space_node_default_size: 8388608.
 - enlarge_chunks_in_place: 1.
UseCompressedClassPointers 1, UseCompactObjectHeaders 0
Narrow klass pointer bits 32, Max shift 3
Narrow klass base: 0x000000001b000000, Narrow klass shift: 0
Encoding Range: [0x000000001b000000 - 0x000000011b000000), (4294967296 bytes)
Klass Range:    [0x000000001b000000 - 0x000000005c000000), (1090519040 bytes)
Klass ID Range:  [8 - 1090519033) (1090519025)
Protection zone: [0x000000001b000000 - 0x000000001b010000), (65536 bytes)


Internal statistics:

num_allocs_failed_limit: 0.
num_arena_births: 36.
num_arena_deaths: 0.
num_vsnodes_births: 2.
num_vsnodes_deaths: 0.
num_space_committed: 40.
num_space_uncommitted: 0.
num_chunks_returned_to_freelist: 0.
num_chunks_taken_from_freelist: 101.
num_chunk_merges: 0.
num_chunk_splits: 61.
num_chunks_enlarged: 47.
num_inconsistent_stats: 0.

CodeHeap 'non-profiled nmethods': size=120064Kb used=211Kb max_used=211Kb free=119852Kb
 bounds [0x0000023fc23d0000, 0x0000023fc2640000, 0x0000023fc9910000]
CodeHeap 'profiled nmethods': size=120064Kb used=1011Kb max_used=1011Kb free=119052Kb
 bounds [0x0000023fba8f0000, 0x0000023fbab60000, 0x0000023fc1e30000]
CodeHeap 'non-nmethods': size=5760Kb used=1334Kb max_used=1334Kb free=4425Kb
 bounds [0x0000023fc1e30000, 0x0000023fc20a0000, 0x0000023fc23d0000]
CodeCache: size=245888Kb, used=2556Kb, max_used=2556Kb, free=243329Kb
 total_blobs=1187, nmethods=747, adapters=343, full_count=0
Compilation: enabled, stopped_count=0, restarted_count=0

Compilation events (20 events):
Event: 0.930 Thread 0x0000023fd1ca6df0 nmethod 603 0x0000023fc23ff508 code [0x0000023fc23ff600, 0x0000023fc23ff6b8]
Event: 0.930 Thread 0x0000023fd1ca6df0  605       3       java.util.ImmutableCollections$List12::get (35 bytes)
Event: 0.930 Thread 0x0000023fd1ca6df0 nmethod 605 0x0000023fba9bba88 code [0x0000023fba9bbb80, 0x0000023fba9bbe00]
Event: 0.930 Thread 0x0000023fd1ca6df0  606       3       jdk.internal.classfile.impl.AbstractPoolEntry$Utf8EntryImpl::hashCode (8 bytes)
Event: 0.930 Thread 0x0000023fd1ca6df0 nmethod 606 0x0000023fba9bbe08 code [0x0000023fba9bbf00, 0x0000023fba9bc1b0]
Event: 0.930 Thread 0x0000023fd1ca6df0  607       3       jdk.internal.classfile.impl.Util::checkU2 (18 bytes)
Event: 0.930 Thread 0x0000023fd1ca6df0 nmethod 607 0x0000023fba9bc208 code [0x0000023fba9bc300, 0x0000023fba9bc468]
Event: 0.930 Thread 0x0000023fd1ca6df0  608       1       java.lang.constant.ClassDesc::isPrimitive (2 bytes)
Event: 0.930 Thread 0x0000023fd1ca6df0 nmethod 608 0x0000023fc23ff808 code [0x0000023fc23ff900, 0x0000023fc23ff9b8]
Event: 0.935 Thread 0x0000023fd1ca6df0  609       3       jdk.internal.loader.URLClassPath$JarLoader::findResource (17 bytes)
Event: 0.936 Thread 0x0000023fd1ca6df0 nmethod 609 0x0000023fba9bc508 code [0x0000023fba9bc600, 0x0000023fba9bc868]
Event: 0.937 Thread 0x0000023fd1c21340  610       4       java.io.WinNTFileSystem::normalize (148 bytes)
Event: 0.940 Thread 0x0000023fd1ca6df0  611       3       jdk.internal.loader.BuiltinClassLoader::findLoadedModule (33 bytes)
Event: 0.941 Thread 0x0000023fd1ca6df0 nmethod 611 0x0000023fba9bc888 code [0x0000023fba9bc980, 0x0000023fba9bd250]
Event: 0.942 Thread 0x0000023fd1ca6df0  612       1       org.apache.commons.cli.Option::getLongOpt (5 bytes)
Event: 0.942 Thread 0x0000023fd1ca6df0 nmethod 612 0x0000023fc23ffb08 code [0x0000023fc23ffc00, 0x0000023fc23ffcb8]
Event: 0.943 Thread 0x0000023fd1ca6df0  613       3       java.util.Arrays::rangeCheck (74 bytes)
Event: 0.944 Thread 0x0000023fd1ca6df0 nmethod 613 0x0000023fba9bd288 code [0x0000023fba9bd380, 0x0000023fba9be0b8]
Event: 0.946 Thread 0x0000023fd1ca6df0  614  s    3       java.lang.Throwable::fillInStackTrace (29 bytes)
Event: 0.946 Thread 0x0000023fd1ca6df0 nmethod 614 0x0000023fba9be108 code [0x0000023fba9be200, 0x0000023fba9be560]

GC Heap Usage History (4 events):
Event: 0.530 {heap Before GC invocations=0 (full 0):
 garbage-first heap   total reserved 3887104K, committed 10240K, used 5283K [0x0000000712c00000, 0x0000000800000000)
  region size 2M, 2 eden (4M), 0 survivor (0M), 1 old (2M), 0 humongous (0M), 2 free (4M)
}
Event: 0.539 {heap After GC invocations=1 (full 0):
 garbage-first heap   total reserved 3887104K, committed 10240K, used 2785K [0x0000000712c00000, 0x0000000800000000)
  region size 2M, 0 eden (0M), 1 survivor (2M), 1 old (2M), 0 humongous (0M), 3 free (6M)
}
Event: 0.814 {heap Before GC invocations=1 (full 0):
 garbage-first heap   total reserved 3887104K, committed 10240K, used 4833K [0x0000000712c00000, 0x0000000800000000)
  region size 2M, 1 eden (2M), 1 survivor (2M), 1 old (2M), 0 humongous (0M), 2 free (4M)
}
Event: 0.817 {heap After GC invocations=2 (full 0):
 garbage-first heap   total reserved 3887104K, committed 10240K, used 2900K [0x0000000712c00000, 0x0000000800000000)
  region size 2M, 0 eden (0M), 1 survivor (2M), 2 old (4M), 0 humongous (0M), 2 free (4M)
}

Metaspace Usage History (4 events):
Event: 0.530 {metaspace Before GC invocations=0 (full 0):
 Metaspace       used 862K, committed 1024K, reserved 1114112K
  class space    used 61K, committed 128K, reserved 1048576K
}
Event: 0.539 {metaspace After GC invocations=1 (full 0):
 Metaspace       used 862K, committed 1024K, reserved 1114112K
  class space    used 61K, committed 128K, reserved 1048576K
}
Event: 0.814 {metaspace Before GC invocations=1 (full 0):
 Metaspace       used 1654K, committed 1792K, reserved 1114112K
  class space    used 138K, committed 192K, reserved 1048576K
}
Event: 0.817 {metaspace After GC invocations=2 (full 0):
 Metaspace       used 1654K, committed 1792K, reserved 1114112K
  class space    used 138K, committed 192K, reserved 1048576K
}

Dll operation events (14 events):
Event: 0.020 Attempting to load shared library C:\Users\Lenovo\Desktop\lmdrasaaa\php\oracleJdk-26\bin\java.dll
Event: 0.024 Loaded shared library C:\Users\Lenovo\Desktop\lmdrasaaa\php\oracleJdk-26\bin\java.dll
Event: 0.149 Attempting to load shared library C:\Users\Lenovo\Desktop\lmdrasaaa\php\oracleJdk-26\bin\net.dll
Event: 0.150 Loaded shared library C:\Users\Lenovo\Desktop\lmdrasaaa\php\oracleJdk-26\bin\net.dll
Event: 0.154 Attempting to load shared library C:\Users\Lenovo\Desktop\lmdrasaaa\php\oracleJdk-26\bin\nio.dll
Event: 0.154 Loaded shared library C:\Users\Lenovo\Desktop\lmdrasaaa\php\oracleJdk-26\bin\nio.dll
Event: 0.161 Attempting to load shared library C:\Users\Lenovo\Desktop\lmdrasaaa\php\oracleJdk-26\bin\zip.dll
Event: 0.161 Loaded shared library C:\Users\Lenovo\Desktop\lmdrasaaa\php\oracleJdk-26\bin\zip.dll
Event: 0.558 Attempting to load shared library C:\Users\Lenovo\.m2\wrapper\dists\apache-maven-3.9.16\0daed3be3ebd1c706f0e69e8b07c6b73f5cc4ea3dfce72a8d0ec2e849ca2ddb0\lib\jansi-native\Windows\x86_64\jansi.dll
Event: 0.559 Loaded shared library C:\Users\Lenovo\.m2\wrapper\dists\apache-maven-3.9.16\0daed3be3ebd1c706f0e69e8b07c6b73f5cc4ea3dfce72a8d0ec2e849ca2ddb0\lib\jansi-native\Windows\x86_64\jansi.dll
Event: 0.627 Attempting to load shared library C:\Users\Lenovo\Desktop\lmdrasaaa\php\oracleJdk-26\bin\verify.dll
Event: 0.628 Loaded shared library C:\Users\Lenovo\Desktop\lmdrasaaa\php\oracleJdk-26\bin\verify.dll
Event: 0.636 Attempting to load shared library C:\Users\Lenovo\Desktop\lmdrasaaa\php\oracleJdk-26\bin\jimage.dll
Event: 0.636 Loaded shared library C:\Users\Lenovo\Desktop\lmdrasaaa\php\oracleJdk-26\bin\jimage.dll

Deoptimization events (20 events):
Event: 0.613 Thread 0x0000023fd65abe60 DEOPT PACKING pc=0x0000023fc23df5cc sp=0x000000ae25efd950
Event: 0.613 Thread 0x0000023fd65abe60 DEOPT UNPACKING pc=0x0000023fc1ebc802 sp=0x000000ae25efd888 mode 2
Event: 0.619 Thread 0x0000023faf727cf0 DEOPT PACKING pc=0x0000023fba961099 sp=0x000000ae249fdd70
Event: 0.619 Thread 0x0000023faf727cf0 DEOPT UNPACKING pc=0x0000023fc1e81a02 sp=0x000000ae249fd1c0 mode 0
Event: 0.624 Thread 0x0000023faf727cf0 DEOPT PACKING pc=0x0000023fba912c28 sp=0x000000ae249fde40
Event: 0.624 Thread 0x0000023faf727cf0 DEOPT UNPACKING pc=0x0000023fc1e81a02 sp=0x000000ae249fd2b0 mode 0
Event: 0.632 Thread 0x0000023faf727cf0 DEOPT PACKING pc=0x0000023fba961099 sp=0x000000ae249fa2a0
Event: 0.632 Thread 0x0000023faf727cf0 DEOPT UNPACKING pc=0x0000023fc1e81a02 sp=0x000000ae249f9718 mode 0
Event: 0.645 Thread 0x0000023faf727cf0 DEOPT PACKING pc=0x0000023fba961099 sp=0x000000ae249fd6c0
Event: 0.645 Thread 0x0000023faf727cf0 DEOPT UNPACKING pc=0x0000023fc1e81a02 sp=0x000000ae249fcb38 mode 0
Event: 0.705 Thread 0x0000023fd65abe60 DEOPT PACKING pc=0x0000023fba93a6f8 sp=0x000000ae25efeca0
Event: 0.705 Thread 0x0000023fd65abe60 DEOPT UNPACKING pc=0x0000023fc1e81a02 sp=0x000000ae25efe110 mode 0
Event: 0.714 Thread 0x0000023faf727cf0 Uncommon trap: trap_request=0xffffff66 fr.pc=0x0000023fc23f89e8 relative=0x00000000000003e8
Event: 0.714 Thread 0x0000023faf727cf0 Uncommon trap: reason=loop_limit_check action=maybe_recompile pc=0x0000023fc23f89e8 method=java.lang.StringLatin1.indexOf([BI[BII)I @ 37 c2
Event: 0.714 Thread 0x0000023faf727cf0 DEOPT PACKING pc=0x0000023fc23f89e8 sp=0x000000ae249fdf70
Event: 0.714 Thread 0x0000023faf727cf0 DEOPT UNPACKING pc=0x0000023fc1ebc802 sp=0x000000ae249fded0 mode 2
Event: 0.795 Thread 0x0000023fd65abe60 Uncommon trap: trap_request=0xffffff45 fr.pc=0x0000023fc23fd924 relative=0x00000000000002a4
Event: 0.795 Thread 0x0000023fd65abe60 Uncommon trap: reason=unstable_if action=reinterpret pc=0x0000023fc23fd924 method=jdk.internal.util.ArraysSupport.mismatch([BI[BII)I @ 55 c2
Event: 0.795 Thread 0x0000023fd65abe60 DEOPT PACKING pc=0x0000023fc23fd924 sp=0x000000ae25eff2a0
Event: 0.795 Thread 0x0000023fd65abe60 DEOPT UNPACKING pc=0x0000023fc1ebc802 sp=0x000000ae25eff188 mode 2

Classes loaded (20 events):
Event: 0.834 Loading class java/util/AbstractQueue done
Event: 0.834 Loading class java/util/concurrent/LinkedBlockingQueue done
Event: 0.834 Loading class java/util/concurrent/locks/AbstractQueuedSynchronizer$ConditionObject
Event: 0.834 Loading class java/util/concurrent/locks/Condition
Event: 0.834 Loading class java/util/concurrent/locks/Condition done
Event: 0.834 Loading class java/util/concurrent/locks/AbstractQueuedSynchronizer$ConditionObject done
Event: 0.834 Loading class java/util/concurrent/LinkedBlockingQueue$Node
Event: 0.834 Loading class java/util/concurrent/LinkedBlockingQueue$Node done
Event: 0.842 Loading class java/net/URLClassLoader$1
Event: 0.842 Loading class java/net/URLClassLoader$1 done
Event: 0.869 Loading class java/util/LinkedHashMap$LinkedKeySet
Event: 0.870 Loading class java/util/LinkedHashMap$LinkedKeySet done
Event: 0.870 Loading class java/util/LinkedHashMap$LinkedKeyIterator
Event: 0.870 Loading class java/util/LinkedHashMap$LinkedKeyIterator done
Event: 0.903 Loading class jdk/internal/loader/URLClassPath$FileLoader$1
Event: 0.903 Loading class jdk/internal/loader/URLClassPath$FileLoader$1 done
Event: 0.912 Loading class java/lang/InstantiationException
Event: 0.912 Loading class java/lang/InstantiationException done
Event: 0.942 Loading class java/util/StringTokenizer
Event: 0.942 Loading class java/util/StringTokenizer done

Classes unloaded (0 events):
No events

Classes redefined (0 events):
No events

Internal exceptions (16 events):
Event: 0.481 Thread 0x0000023faf727cf0 Exception <a 'java/lang/NoSuchMethodError'{0x00000007131a0048}: 'java.lang.Object java.lang.invoke.Invokers$Holder.invokeExact_MT(java.lang.Object, java.lang.Object, java.lang.Object, java.lang.Object, java.lang.Object)'> (0x00000007131a0048) 
thrown [s\open\src\hotspot\share\interpreter\linkResolver.cpp, line 804]
Event: 0.514 Thread 0x0000023faf727cf0 Exception <a 'java/lang/NoSuchMethodError'{0x00000007131d4438}: 'java.lang.Object java.lang.invoke.DirectMethodHandle$Holder.invokeStaticInit(java.lang.Object)'> (0x00000007131d4438) 
thrown [s\open\src\hotspot\share\interpreter\linkResolver.cpp, line 804]
Event: 0.544 Thread 0x0000023faf727cf0 Exception <a 'java/lang/NullPointerException'{0x000000071320e358}> (0x000000071320e358) 
thrown [s\open\src\hotspot\share\interpreter\linkResolver.cpp, line 1428]
Event: 0.597 Thread 0x0000023faf727cf0 Exception <a 'java/lang/NullPointerException'{0x00000007132325a0}> (0x00000007132325a0) 
thrown [s\open\src\hotspot\share\interpreter\linkResolver.cpp, line 1428]
Event: 0.597 Thread 0x0000023faf727cf0 Exception <a 'java/lang/NullPointerException'{0x0000000713232880}> (0x0000000713232880) 
thrown [s\open\src\hotspot\share\interpreter\linkResolver.cpp, line 1428]
Event: 0.597 Thread 0x0000023faf727cf0 Exception <a 'java/lang/NullPointerException'{0x0000000713232b60}> (0x0000000713232b60) 
thrown [s\open\src\hotspot\share\interpreter\linkResolver.cpp, line 1428]
Event: 0.604 Thread 0x0000023faf727cf0 Exception <a 'java/lang/NullPointerException'{0x000000071323e720}> (0x000000071323e720) 
thrown [s\open\src\hotspot\share\interpreter\linkResolver.cpp, line 1428]
Event: 0.609 Thread 0x0000023faf727cf0 Exception <a 'java/lang/NullPointerException'{0x00000007132500c8}> (0x00000007132500c8) 
thrown [s\open\src\hotspot\share\interpreter\linkResolver.cpp, line 1428]
Event: 0.609 Thread 0x0000023faf727cf0 Exception <a 'java/lang/NullPointerException'{0x00000007132503a8}> (0x00000007132503a8) 
thrown [s\open\src\hotspot\share\interpreter\linkResolver.cpp, line 1428]
Event: 0.609 Thread 0x0000023faf727cf0 Exception <a 'java/lang/NullPointerException'{0x0000000713250688}> (0x0000000713250688) 
thrown [s\open\src\hotspot\share\interpreter\linkResolver.cpp, line 1428]
Event: 0.609 Thread 0x0000023faf727cf0 Exception <a 'java/lang/NullPointerException'{0x0000000713250968}> (0x0000000713250968) 
thrown [s\open\src\hotspot\share\interpreter\linkResolver.cpp, line 1428]
Event: 0.657 Thread 0x0000023faf727cf0 Exception <a 'java/lang/NoSuchMethodError'{0x00000007132c54a0}: 'void java.lang.invoke.DirectMethodHandle$Holder.invokeVirtual(java.lang.Object, java.lang.Object)'> (0x00000007132c54a0) 
thrown [s\open\src\hotspot\share\interpreter\linkResolver.cpp, line 804]
Event: 0.675 Thread 0x0000023faf727cf0 Exception <a 'java/lang/NoSuchMethodError'{0x00000007132ef6e0}: 'void java.lang.invoke.DirectMethodHandle$Holder.invokeStatic(java.lang.Object, java.lang.Object)'> (0x00000007132ef6e0) 
thrown [s\open\src\hotspot\share\interpreter\linkResolver.cpp, line 804]
Event: 0.677 Thread 0x0000023faf727cf0 Exception <a 'java/lang/NoSuchMethodError'{0x00000007132f7488}: 'void java.lang.invoke.DirectMethodHandle$Holder.invokeStaticInit(java.lang.Object, java.lang.Object)'> (0x00000007132f7488) 
thrown [s\open\src\hotspot\share\interpreter\linkResolver.cpp, line 804]
Event: 0.701 Thread 0x0000023faf727cf0 Exception <a 'java/lang/NoSuchMethodError'{0x000000071332d910}: 'void java.lang.invoke.DirectMethodHandle$Holder.invokeSpecial(java.lang.Object, java.lang.Object, java.lang.Object, java.lang.Object, java.lang.Object)'> (0x000000071332d910) 
thrown [s\open\src\hotspot\share\interpreter\linkResolver.cpp, line 804]
Event: 0.771 Thread 0x0000023faf727cf0 Exception <a 'java/lang/NoSuchMethodError'{0x00000007133be5a0}: 'void java.lang.invoke.DirectMethodHandle$Holder.invokeStatic(java.lang.Object, java.lang.Object, java.lang.Object)'> (0x00000007133be5a0) 
thrown [s\open\src\hotspot\share\interpreter\linkResolver.cpp, line 804]

VM Operations (10 events):
Event: 0.164 Executing non-safepoint VM operation: HandshakeAllThreads (Deoptimize)
Event: 0.164 Executing non-safepoint VM operation: HandshakeAllThreads (Deoptimize) done
Event: 0.530 Executing safepoint VM operation: G1CollectForAllocation (G1 Evacuation Pause)
Event: 0.539 Executing safepoint VM operation: G1CollectForAllocation (G1 Evacuation Pause) done
Event: 0.542 Executing non-safepoint VM operation: HandshakeAllThreads (Deoptimize)
Event: 0.542 Executing non-safepoint VM operation: HandshakeAllThreads (Deoptimize) done
Event: 0.701 Executing non-safepoint VM operation: HandshakeAllThreads (Deoptimize)
Event: 0.701 Executing non-safepoint VM operation: HandshakeAllThreads (Deoptimize) done
Event: 0.813 Executing safepoint VM operation: G1CollectForAllocation (G1 Evacuation Pause)
Event: 0.817 Executing safepoint VM operation: G1CollectForAllocation (G1 Evacuation Pause) done

Memory protections (0 events):
No events

Nmethod flushes (0 events):
No events

Events (15 events):
Event: 0.058 Thread 0x0000023faf727cf0 Thread added: 0x0000023faf727cf0
Event: 0.088 Thread 0x0000023faf727cf0 Thread added: 0x0000023fd1c08d70
Event: 0.089 Thread 0x0000023faf727cf0 Thread added: 0x0000023fd1c097c0
Event: 0.089 Thread 0x0000023faf727cf0 Thread added: 0x0000023fd1c0e270
Event: 0.089 Thread 0x0000023faf727cf0 Thread added: 0x0000023fd1c0ee20
Event: 0.090 Thread 0x0000023faf727cf0 Thread added: 0x0000023fd1c14550
Event: 0.090 Thread 0x0000023faf727cf0 Thread added: 0x0000023fd1c1a430
Event: 0.090 Thread 0x0000023faf727cf0 Thread added: 0x0000023fd1c21340
Event: 0.101 Thread 0x0000023faf727cf0 Thread added: 0x0000023fd1ca6df0
Event: 0.140 Thread 0x0000023faf727cf0 Thread added: 0x0000023fd609cd10
Event: 0.145 Thread 0x0000023faf727cf0 Thread added: 0x0000023fd60a1920
Event: 0.381 Thread 0x0000023fd1ca6df0 Thread added: 0x0000023fd6692e20
Event: 0.553 Thread 0x0000023faf727cf0 Thread added: 0x0000023fd65abe60
Event: 0.831 Thread 0x0000023fd6692e20 Thread exited: 0x0000023fd6692e20
Event: 0.890 Thread 0x0000023fd65abe60 Thread exited: 0x0000023fd65abe60


Dynamic libraries:
0x00007ff7dd3a0000 - 0x00007ff7dd3b0000 	C:\Users\Lenovo\Desktop\lmdrasaaa\php\oracleJdk-26\bin\java.exe
0x00007ffe446e0000 - 0x00007ffe44946000 	C:\WINDOWS\SYSTEM32\ntdll.dll
0x00007ffe43b20000 - 0x00007ffe43be9000 	C:\WINDOWS\System32\KERNEL32.DLL
0x00007ffe41dd0000 - 0x00007ffe421ce000 	C:\WINDOWS\System32\KERNELBASE.dll
0x00007ffe41b40000 - 0x00007ffe41c8c000 	C:\WINDOWS\System32\ucrtbase.dll
0x00007ffe2a010000 - 0x00007ffe2a027000 	C:\Users\Lenovo\Desktop\lmdrasaaa\php\oracleJdk-26\bin\jli.dll
0x00007ffe3e1d0000 - 0x00007ffe3e1ee000 	C:\Users\Lenovo\Desktop\lmdrasaaa\php\oracleJdk-26\bin\VCRUNTIME140.dll
0x00007ffe43120000 - 0x00007ffe432e7000 	C:\WINDOWS\System32\USER32.dll
0x00007ffe421e0000 - 0x00007ffe42207000 	C:\WINDOWS\System32\win32u.dll
0x00007ffe30d30000 - 0x00007ffe30fc2000 	C:\WINDOWS\WinSxS\amd64_microsoft.windows.common-controls_6595b64144ccf1df_6.0.26100.8894_none_3e0f749ee32e02ea\COMCTL32.dll
0x00007ffe42470000 - 0x00007ffe4249b000 	C:\WINDOWS\System32\GDI32.dll
0x00007ffe41ca0000 - 0x00007ffe41dca000 	C:\WINDOWS\System32\gdi32full.dll
0x00007ffe43070000 - 0x00007ffe43119000 	C:\WINDOWS\System32\msvcrt.dll
0x00007ffe42360000 - 0x00007ffe42403000 	C:\WINDOWS\System32\msvcp_win.dll
0x00007ffe43310000 - 0x00007ffe43342000 	C:\WINDOWS\System32\IMM32.DLL
0x00007ffe3e220000 - 0x00007ffe3e22c000 	C:\Users\Lenovo\Desktop\lmdrasaaa\php\oracleJdk-26\bin\vcruntime140_1.dll
0x00007ffe18210000 - 0x00007ffe1829d000 	C:\Users\Lenovo\Desktop\lmdrasaaa\php\oracleJdk-26\bin\msvcp140.dll
0x00007ffdb9710000 - 0x00007ffdba5de000 	C:\Users\Lenovo\Desktop\lmdrasaaa\php\oracleJdk-26\bin\server\jvm.dll
0x00007ffe43790000 - 0x00007ffe43847000 	C:\WINDOWS\System32\ADVAPI32.dll
0x00007ffe43900000 - 0x00007ffe439aa000 	C:\WINDOWS\System32\sechost.dll
0x00007ffe440f0000 - 0x00007ffe44208000 	C:\WINDOWS\System32\RPCRT4.dll
0x00007ffe43640000 - 0x00007ffe436c0000 	C:\WINDOWS\System32\WS2_32.dll
0x00007ffe41760000 - 0x00007ffe417be000 	C:\WINDOWS\SYSTEM32\POWRPROF.dll
0x00007ffe413c0000 - 0x00007ffe413cb000 	C:\WINDOWS\SYSTEM32\VERSION.dll
0x00007ffe3aaf0000 - 0x00007ffe3ab26000 	C:\WINDOWS\SYSTEM32\WINMM.dll
0x00007ffe41740000 - 0x00007ffe41754000 	C:\WINDOWS\SYSTEM32\UMPDC.dll
0x00007ffe40520000 - 0x00007ffe4053b000 	C:\WINDOWS\SYSTEM32\kernel.appcore.dll
0x00007ffe3e1c0000 - 0x00007ffe3e1ca000 	C:\Users\Lenovo\Desktop\lmdrasaaa\php\oracleJdk-26\bin\jimage.dll
0x00007ffe3eda0000 - 0x00007ffe3efe2000 	C:\WINDOWS\SYSTEM32\DBGHELP.DLL
0x00007ffe44310000 - 0x00007ffe44693000 	C:\WINDOWS\System32\combase.dll
0x00007ffe43350000 - 0x00007ffe43429000 	C:\WINDOWS\System32\OLEAUT32.dll
0x00007ffe3aab0000 - 0x00007ffe3aaeb000 	C:\WINDOWS\SYSTEM32\dbgcore.DLL
0x00007ffe42210000 - 0x00007ffe422bc000 	C:\WINDOWS\System32\bcryptPrimitives.dll
0x00007ffe3c230000 - 0x00007ffe3c24f000 	C:\Users\Lenovo\Desktop\lmdrasaaa\php\oracleJdk-26\bin\java.dll
0x00007ffe424a0000 - 0x00007ffe42639000 	C:\WINDOWS\System32\ole32.dll
0x00007ffe428d0000 - 0x00007ffe43062000 	C:\WINDOWS\System32\SHELL32.dll
0x00007ffe3f2e0000 - 0x00007ffe3fb72000 	C:\WINDOWS\SYSTEM32\windows.storage.dll
0x00007ffe427d0000 - 0x00007ffe428c7000 	C:\WINDOWS\System32\SHCORE.dll
0x00007ffe43bf0000 - 0x00007ffe43c57000 	C:\WINDOWS\System32\shlwapi.dll
0x00007ffe41820000 - 0x00007ffe41849000 	C:\WINDOWS\SYSTEM32\profapi.dll
0x00007ffe36b40000 - 0x00007ffe36b52000 	C:\Users\Lenovo\Desktop\lmdrasaaa\php\oracleJdk-26\bin\net.dll
0x00007ffe40ab0000 - 0x00007ffe40b1c000 	C:\WINDOWS\system32\mswsock.dll
0x00007ffe34b70000 - 0x00007ffe34b86000 	C:\Users\Lenovo\Desktop\lmdrasaaa\php\oracleJdk-26\bin\nio.dll
0x00007ffe2e2a0000 - 0x00007ffe2e2b7000 	C:\Users\Lenovo\Desktop\lmdrasaaa\php\oracleJdk-26\bin\zip.dll
0x00007ffe21660000 - 0x00007ffe21684000 	C:\Users\Lenovo\.m2\wrapper\dists\apache-maven-3.9.16\0daed3be3ebd1c706f0e69e8b07c6b73f5cc4ea3dfce72a8d0ec2e849ca2ddb0\lib\jansi-native\Windows\x86_64\jansi.dll
0x00007ffe37400000 - 0x00007ffe37410000 	C:\Users\Lenovo\Desktop\lmdrasaaa\php\oracleJdk-26\bin\verify.dll

JVMTI agents: none

dbghelp: loaded successfully - version: 4.0.5 - missing functions: none
symbol engine: initialized successfully - sym options: 0x614 - pdb path: .;C:\Users\Lenovo\Desktop\lmdrasaaa\php\oracleJdk-26\bin;C:\WINDOWS\SYSTEM32;C:\WINDOWS\WinSxS\amd64_microsoft.windows.common-controls_6595b64144ccf1df_6.0.26100.8894_none_3e0f749ee32e02ea;C:\Users\Lenovo\Desktop\lmdrasaaa\php\oracleJdk-26\bin\server;C:\Users\Lenovo\.m2\wrapper\dists\apache-maven-3.9.16\0daed3be3ebd1c706f0e69e8b07c6b73f5cc4ea3dfce72a8d0ec2e849ca2ddb0\lib\jansi-native\Windows\x86_64

VM Arguments:
jvm_args: --enable-native-access=ALL-UNNAMED -Dclassworlds.conf=C:\Users\Lenovo\.m2\wrapper\dists\apache-maven-3.9.16\0daed3be3ebd1c706f0e69e8b07c6b73f5cc4ea3dfce72a8d0ec2e849ca2ddb0\bin\m2.conf -Dmaven.home=C:\Users\Lenovo\.m2\wrapper\dists\apache-maven-3.9.16\0daed3be3ebd1c706f0e69e8b07c6b73f5cc4ea3dfce72a8d0ec2e849ca2ddb0 -Dlibrary.jansi.path=C:\Users\Lenovo\.m2\wrapper\dists\apache-maven-3.9.16\0daed3be3ebd1c706f0e69e8b07c6b73f5cc4ea3dfce72a8d0ec2e849ca2ddb0\lib\jansi-native -Dmaven.multiModuleProjectDirectory=C:\Users\Lenovo\Downloads\gestion_de_note 
java_command: org.codehaus.plexus.classworlds.launcher.Launcher -Dexec.vmArgs=-agentlib:jdwp=transport=dt_socket,server=n,address=${jpda.address} -Dfile.encoding=UTF-8 -Dexec.args=${exec.vmArgs} -classpath %classpath ${exec.mainClass} ${exec.appArgs} -Dexec.executable=C:\Users\Lenovo\Desktop\lmdrasaaa\php\oracleJdk-26\bin\java.exe -Dexec.mainClass=com.gestion_de_note.gestion_de_note.GestionDeNoteApplication -Dexec.classpathScope=runtime -Djpda.listen=true -Dexec.appArgs= -Dmaven.ext.class.path=C:\Users\Lenovo\.vscode\extensions\oracle.oracle-java-26.0.0\nbcode\java\maven-nblib\netbeans-eventspy.jar --no-transfer-progress process-test-classes org.codehaus.mojo:exec-maven-plugin:3.5.1:exec
java_class_path (initial): C:\Users\Lenovo\.m2\wrapper\dists\apache-maven-3.9.16\0daed3be3ebd1c706f0e69e8b07c6b73f5cc4ea3dfce72a8d0ec2e849ca2ddb0\boot\plexus-classworlds-2.11.0.jar
Launcher Type: SUN_STANDARD

[Global flags]
     bool AOTAdapterCaching                        = false                                  {diagnostic} {ergonomic}
     bool AOTInvokeDynamicLinking                  = false                                  {diagnostic} {ergonomic}
     bool AOTRecordTraining                        = false                                  {diagnostic} {ergonomic}
     bool AOTReplayTraining                        = false                                  {diagnostic} {ergonomic}
     bool AOTStubCaching                           = false                                  {diagnostic} {ergonomic}
     intx CICompilerCount                          = 4                                         {product} {ergonomic}
     uint ConcGCThreads                            = 3                                         {product} {ergonomic}
     uint G1ConcRefinementThreads                  = 10                                        {product} {ergonomic}
     uint G1EagerReclaimRemSetThreshold            = 16                                   {experimental} {ergonomic}
   size_t G1HeapRegionSize                         = 2097152                                   {product} {ergonomic}
     uint G1RemSetArrayOfCardsEntries              = 16                                   {experimental} {ergonomic}
     uint G1RemSetHowlMaxNumBuckets                = 8                                    {experimental} {ergonomic}
     uint G1RemSetHowlNumBuckets                   = 8                                    {experimental} {ergonomic}
   size_t InitialHeapSize                          = 8388608                                   {product} {ergonomic}
     bool IntelJccErratumMitigation                = false                             {ARCH diagnostic} {ergonomic}
   size_t MarkStackSize                            = 4194304                                   {product} {ergonomic}
   size_t MarkStackSizeMax                         = 536870912                                 {product} {ergonomic}
   size_t MaxHeapSize                              = 3980394496                                {product} {ergonomic}
   size_t MaxNewSize                               = 2386558976                                {product} {ergonomic}
 uint64_t MaxRAM                                   = 15915737088                               {product} {ergonomic}
   size_t MinHeapDeltaBytes                        = 2097152                                   {product} {ergonomic}
   size_t MinHeapSize                              = 8388608                                   {product} {ergonomic}
   size_t NonNMethodCodeHeapSize                   = 5898240                                {pd product} {ergonomic}
   size_t NonProfiledCodeHeapSize                  = 122945536                              {pd product} {ergonomic}
   size_t ProfiledCodeHeapSize                     = 122945536                              {pd product} {ergonomic}
   size_t ReservedCodeCacheSize                    = 251789312                              {pd product} {ergonomic}
     bool SegmentedCodeCache                       = true                                      {product} {ergonomic}
   size_t SoftMaxHeapSize                          = 3980394496                             {manageable} {ergonomic}
     bool UseCompressedOops                        = true                           {product lp64_product} {ergonomic}
     bool UseCondCardMark                          = true                                      {product} {ergonomic}
     bool UseFastUnorderedTimeStamps               = true                                 {experimental} {ergonomic}
     bool UseG1GC                                  = true                                      {product} {ergonomic}
     bool UseLargePagesIndividualAllocation        = false                                  {pd product} {ergonomic}
      int X86ICacheSync                            = 3                                 {ARCH diagnostic} {ergonomic}

Logging:
Log output configuration:
 #0: stdout all=warning uptime,level,tags foldmultilines=false
 #1: stderr all=off uptime,level,tags foldmultilines=false

Release file:
IMPLEMENTOR="Oracle Corporation" 
JAVA_RUNTIME_VERSION="26.0.1+8-34" 
JAVA_VERSION="26.0.1" 
JAVA_VERSION_DATE="2026-04-21" 
LIBC="default" 
MODULES="java.base java.compiler java.datatransfer java.xml java.prefs java.desktop java.instrument java.logging java.management java.security.sasl java.naming java.rmi java.management.rmi java.net.http java.scripting java.security.jgss java.transaction.xa java.sql java.sql.rowset java.xml.crypto java.se java.smartcardio jdk.accessibility jdk.internal.jvmstat jdk.attach jdk.charsets jdk.internal.opt jdk.zipfs jdk.compiler jdk.crypto.cryptoki jdk.crypto.ec jdk.crypto.mscapi jdk.dynalink jdk.internal.ed jdk.editpad jdk.internal.vm.ci jdk.graal.compiler jdk.graal.compiler.management jdk.hotspot.agent jdk.httpserver jdk.incubator.vector jdk.internal.le jdk.internal.md jdk.jartool jdk.javadoc jdk.jcmd jdk.management jdk.management.agent jdk.jconsole jdk.jdeps jdk.jdwp.agent jdk.jdi jdk.jfr jdk.jlink jdk.jpackage jdk.jshell jdk.jstatd jdk.localedata jdk.management.jfr jdk.naming.dns jdk.naming.rmi jdk.net jdk.nio.mapmode jdk.sctp jdk.security.auth jdk.security.jgss jdk.unsupported jdk.unsupported.desktop jdk.xml.dom" 
OS_ARCH="x86_64" 
OS_NAME="Windows" 
SOURCE=".:git:8fcde8268d22 open:git:fcc00fc4aee7" 

Environment Variables:
JAVA_HOME=C:\Users\Lenovo\Desktop\lmdrasaaa\php\oracleJdk-26
PATH=C:\Program Files\Common Files\Oracle\Java\javapath;C:\Program Files\nodejs\;C:\Program Files\Git\cmd;C:\WINDOWS\system32;C:\WINDOWS;C:\WINDOWS\System32\Wbem;C:\WINDOWS\System32\WindowsPowerShell\v1.0\;C:\WINDOWS\System32\OpenSSH\;C:\Program Files\Docker\Docker\resources\bin;C:\Program Files\Microsoft SQL Server\170\Tools\Binn\;C:\Program Files\Microsoft SQL Server\Client SDK\ODBC\170\Tools\Binn\;C:\Program Files\Mullvad VPN\resources;C:\Program Files\dotnet\;C:\Users\Lenovo\AppData\Local\Microsoft\WindowsApps;C:\Users\Lenovo\AppData\Local\Programs\Microsoft VS Code\bin;C:\Users\Lenovo\AppData\Roaming\npm;C:\Program Files\JetBrains\PhpStorm 2026.1.3\bin;C:\Users\Lenovo\AppData\Local\Programs\mongosh\;C:\Users\Lenovo\.dotnet\tools;C:\Users\Lenovo\AppData\Local\Gource\cmd;C:\Users\Lenovo\AppData\Local\GitHubDesktop\bin
USERNAME=Lenovo
OS=Windows_NT
PROCESSOR_IDENTIFIER=AMD64 Family 23 Model 104 Stepping 1, AuthenticAMD
TMP=C:\Users\Lenovo\AppData\Local\Temp
TEMP=C:\Users\Lenovo\AppData\Local\Temp




Compilation memory statistics disabled.

Periodic native trim disabled

---------------  S Y S T E M  ---------------

OS:
 Windows 11 , 64 bit Build 26100 (10.0.26100.8875)
OS uptime: 0 days 3:11 hours
Hyper-V role detected

CPU: total 12 (initial active 12) (6 cores per cpu, 2 threads per core) family 23 model 104 stepping 1 microcode 0x8608103, cx8, cmov, fxsr, ht, mmx, 3dnowpref, sse, sse2, sse3, ssse3, sse4a, sse4.1, sse4.2, popcnt, lzcnt, tsc, tscinvbit, avx, avx2, aes, clmul, bmi1, bmi2, adx, sha, fma, vzeroupper, clflush, clflushopt, clwb, hv, rdtscp, rdpid, f16c
Processor Information for the first 12 processors :
  Max Mhz: 2100, Current Mhz: 2100, Mhz Limit: 2100

Memory: 4k page, system-wide physical 15178M (4586M free)
TotalPageFile size 15178M (AvailPageFile size 5M)
current process WorkingSet (physical memory assigned to process): 61M, peak: 61M
current process commit charge ("private bytes"): 106M, peak: 107M

vm_info: Java HotSpot(TM) 64-Bit Server VM (26.0.1+8-34) for windows-amd64 JRE (26.0.1+8-34), built on 2026-03-10T17:24:10Z with MS VC++ 17.13 (VS2022)

END.
