#
# There is insufficient memory for the Java Runtime Environment to continue.
# Native memory allocation (malloc) failed to allocate 1886616 bytes. Error detail: Chunk::new
# Possible reasons:
#   The system is out of physical RAM or swap space
#   This process is running with CompressedOops enabled, and the Java Heap may be blocking the growth of the native heap
# Possible solutions:
#   Reduce memory load on the system
#   Increase physical memory or swap space
#   Check if swap backing store is full
#   Decrease Java heap size (-Xmx/-Xms)
#   Decrease number of Java threads
#   Decrease Java thread stack sizes (-Xss)
#   Set larger code cache with -XX:ReservedCodeCacheSize=
#   JVM is running with Zero Based Compressed Oops mode in which the Java heap is
#     placed in the first 32GB address space. The Java Heap base address is the
#     maximum limit for the native heap growth. Please use -XX:HeapBaseMinAddress
#     to set the Java Heap base and to place the Java Heap above 32GB virtual address.
# This output file may be truncated or incomplete.
#
#  Out of Memory Error (arena.cpp:193), pid=10956, tid=17800
#
# JRE version: Java(TM) SE Runtime Environment (26.0.1+8) (build 26.0.1+8-34)
# Java VM: Java HotSpot(TM) 64-Bit Server VM (26.0.1+8-34, mixed mode, sharing, tiered, compressed oops, compressed class ptrs, g1 gc, windows-amd64)
# No core dump will be written. Minidumps are not enabled by default on client versions of Windows
#

---------------  S U M M A R Y ------------

Command Line: --enable-native-access=ALL-UNNAMED -Dclassworlds.conf=C:\Users\Lenovo\.m2\wrapper\dists\apache-maven-3.9.16\0daed3be3ebd1c706f0e69e8b07c6b73f5cc4ea3dfce72a8d0ec2e849ca2ddb0\bin\m2.conf -Dmaven.home=C:\Users\Lenovo\.m2\wrapper\dists\apache-maven-3.9.16\0daed3be3ebd1c706f0e69e8b07c6b73f5cc4ea3dfce72a8d0ec2e849ca2ddb0 -Dlibrary.jansi.path=C:\Users\Lenovo\.m2\wrapper\dists\apache-maven-3.9.16\0daed3be3ebd1c706f0e69e8b07c6b73f5cc4ea3dfce72a8d0ec2e849ca2ddb0\lib\jansi-native -Dmaven.multiModuleProjectDirectory=C:\Users\Lenovo\Downloads\gestion_de_note org.codehaus.plexus.classworlds.launcher.Launcher -Dexec.vmArgs=-agentlib:jdwp=transport=dt_socket,server=n,address=61784 -Dfile.encoding=UTF-8 -Dexec.args=${exec.vmArgs} -classpath %classpath ${exec.mainClass} ${exec.appArgs} -Dexec.executable=C:\Users\Lenovo\Desktop\lmdrasaaa\php\oracleJdk-26\bin\java.exe -Dexec.mainClass=com.gestion_de_note.gestion_de_note.GestionDeNoteApplication -Dexec.classpathScope=runtime -Djpda.listen=true -Dexec.appArgs= -Djpda.address=61784 -Dmaven.ext.class.path=C:\Users\Lenovo\.vscode\extensions\oracle.oracle-java-26.0.0\nbcode\java\maven-nblib\netbeans-eventspy.jar --no-transfer-progress process-test-classes org.codehaus.mojo:exec-maven-plugin:3.5.1:exec

Host: AMD Ryzen 5 5500U with Radeon Graphics         , 12 cores, 14G,  Windows 11 , 64 bit Build 26100 (10.0.26100.8875)
Time: Sun Jul 26 16:32:26 2026 elapsed time: 4.868384 seconds (0d 0h 0m 4s)

---------------  T H R E A D  ---------------

Current thread (0x000001f262f51a70):  JavaThread "C2 CompilerThread0" daemon [_thread_in_native, id=17800, stack(0x0000009f23700000,0x0000009f23800000) (1024K)]


Current CompileTask:
C2:4868 1178 % !   4       java.util.concurrent.ConcurrentHashMap::transfer @ 96 (849 bytes)

Stack: [0x0000009f23700000,0x0000009f23800000]
Native frames: (J=compiled Java code, j=interpreted, Vv=VM code, C=native code)
V  [jvm.dll+0x7d5879]  (no source info available)
V  [jvm.dll+0x7a37dd]  (no source info available)
V  [jvm.dll+0x9b0c10]  (no source info available)
V  [jvm.dll+0x9b3061]  (no source info available)
V  [jvm.dll+0x9b3773]  (no source info available)
V  [jvm.dll+0x30df76]  (no source info available)
V  [jvm.dll+0x11d8a6]  (no source info available)
V  [jvm.dll+0x11dbce]  (no source info available)
V  [jvm.dll+0x1afbe6]  (no source info available)
V  [jvm.dll+0x3ca822]  (no source info available)
V  [jvm.dll+0x7de462]  (no source info available)
V  [jvm.dll+0x2d1647]  (no source info available)
V  [jvm.dll+0x2d05bf]  (no source info available)
V  [jvm.dll+0x246820]  (no source info available)
V  [jvm.dll+0x2e06dc]  (no source info available)
V  [jvm.dll+0x2de8bd]  (no source info available)
V  [jvm.dll+0x4a3ff1]  (no source info available)
V  [jvm.dll+0x94f649]  (no source info available)
V  [jvm.dll+0x7d7358]  (no source info available)
C  [ucrtbase.dll+0x2cd30]  (no source info available)
C  [KERNEL32.DLL+0x2e957]  (no source info available)
C  [ntdll.dll+0xaad6c]  (no source info available)

Lock stack of current Java thread (top to bottom):


---------------  P R O C E S S  ---------------

Threads class SMR info:
_java_thread_list=0x000001f268ffb160, length=13, elements={
0x000001f240def3b0, 0x000001f262f3ecb0, 0x000001f262f3f460, 0x000001f262f48050,
0x000001f262f48c00, 0x000001f262f4d7c0, 0x000001f262f50780, 0x000001f262f51a70,
0x000001f262f56ea0, 0x000001f2632ef610, 0x000001f263303680, 0x000001f268086370,
0x000001f268121a30
}

Java Threads: ( => current thread )
  0x000001f240def3b0 JavaThread "main"                              [_thread_in_native, id=22404, stack(0x0000009f22800000,0x0000009f22900000) (1024K)]
  0x000001f262f3ecb0 JavaThread "Reference Handler"          daemon [_thread_blocked, id=12768, stack(0x0000009f23100000,0x0000009f23200000) (1024K)]
  0x000001f262f3f460 JavaThread "Finalizer"                  daemon [_thread_blocked, id=18880, stack(0x0000009f23200000,0x0000009f23300000) (1024K)]
  0x000001f262f48050 JavaThread "Signal Dispatcher"          daemon [_thread_blocked, id=14640, stack(0x0000009f23300000,0x0000009f23400000) (1024K)]
  0x000001f262f48c00 JavaThread "Attach Listener"            daemon [_thread_blocked, id=22128, stack(0x0000009f23400000,0x0000009f23500000) (1024K)]
  0x000001f262f4d7c0 JavaThread "Service Thread"             daemon [_thread_blocked, id=17708, stack(0x0000009f23500000,0x0000009f23600000) (1024K)]
  0x000001f262f50780 JavaThread "Monitor Deflation Thread"   daemon [_thread_blocked, id=22504, stack(0x0000009f23600000,0x0000009f23700000) (1024K)]
=>0x000001f262f51a70 JavaThread "C2 CompilerThread0"         daemon [_thread_in_native, id=17800, stack(0x0000009f23700000,0x0000009f23800000) (1024K)]
  0x000001f262f56ea0 JavaThread "C1 CompilerThread0"         daemon [_thread_in_vm, id=8432, stack(0x0000009f23800000,0x0000009f23900000) (1024K)]
  0x000001f2632ef610 JavaThread "Notification Thread"        daemon [_thread_blocked, id=5588, stack(0x0000009f23900000,0x0000009f23a00000) (1024K)]
  0x000001f263303680 JavaThread "Common-Cleaner"             daemon [_thread_blocked, id=16288, stack(0x0000009f23a00000,0x0000009f23b00000) (1024K)]
  0x000001f268086370 JavaThread "C2 CompilerThread1"         daemon [_thread_in_native, id=3124, stack(0x0000009f23d00000,0x0000009f23e00000) (1024K)]
  0x000001f268121a30 JavaThread "C2 CompilerThread2"         daemon [_thread_in_native, id=10792, stack(0x0000009f23e00000,0x0000009f23f00000) (1024K)]
Total: 13

Other Threads:
  0x000001f262f2f710 VMThread "VM Thread"                           [id=16872, stack(0x0000009f23000000,0x0000009f23100000) (1024K)]
  0x000001f262de10a0 WatcherThread "VM Periodic Task Thread"        [id=15668, stack(0x0000009f22f00000,0x0000009f23000000) (1024K)]
  0x000001f2431f19a0 WorkerThread "GC Thread#0"                     [id=14820, stack(0x0000009f22900000,0x0000009f22a00000) (1024K)]
  0x000001f263947a60 WorkerThread "GC Thread#1"                     [id=2664, stack(0x0000009f23c00000,0x0000009f23d00000) (1024K)]
  0x000001f268090760 WorkerThread "GC Thread#2"                     [id=20520, stack(0x0000009f23b00000,0x0000009f23c00000) (1024K)]
  0x000001f26845d320 WorkerThread "GC Thread#3"                     [id=12308, stack(0x0000009f23f00000,0x0000009f24000000) (1024K)]
  0x000001f24320a410 ConcurrentGCThread "G1 Main Marker"            [id=14764, stack(0x0000009f22a00000,0x0000009f22b00000) (1024K)]
  0x000001f24320ad90 WorkerThread "G1 Conc#0"                       [id=6268, stack(0x0000009f22b00000,0x0000009f22c00000) (1024K)]
  0x000001f262dc5af0 WorkerThread "G1 Refinement Workers#0"         [id=9712, stack(0x0000009f22d00000,0x0000009f22e00000) (1024K)]
  0x000001f262dc5130 ConcurrentGCThread "G1 Refine Control"         [id=17596, stack(0x0000009f22c00000,0x0000009f22d00000) (1024K)]
  0x000001f262dc7f20 ConcurrentGCThread "G1 Service"                [id=18852, stack(0x0000009f22e00000,0x0000009f22f00000) (1024K)]
Total: 11

Threads with active compile tasks:
C2 CompilerThread0  5153 1178 % !   4       java.util.concurrent.ConcurrentHashMap::transfer @ 96 (849 bytes)
C2 CompilerThread1  5153 1278   !   4       sun.nio.cs.StreamDecoder::read0 (116 bytes)
C2 CompilerThread2  5153 1451       4       java.util.HashMap::putVal (300 bytes)
Total: 3

VM state: not at safepoint (normal execution)

VM Mutex/Monitor currently owned by a thread: None

Heap address: 0x0000000712c00000, size: 3796 MB, Compressed Oops mode: Zero based, Oop shift amount: 3

CDS archive(s) mapped at: [0x0000000093000000-0x0000000093de0000-0x0000000093de0000), size 14548992, SharedBaseAddress: 0x0000000093000000, ArchiveRelocationMode: 1.
Compressed class space mapped at: 0x0000000094000000-0x00000000d4000000, reserved size: 1073741824
UseCompressedClassPointers 1, UseCompactObjectHeaders 0
Narrow klass pointer bits 32, Max shift 3
Narrow klass base: 0x0000000093000000, Narrow klass shift: 0
Encoding Range: [0x0000000093000000 - 0x0000000193000000), (4294967296 bytes)
Klass Range:    [0x0000000093000000 - 0x00000000d4000000), (1090519040 bytes)
Klass ID Range:  [8 - 1090519033) (1090519025)
Protection zone: [0x0000000093000000 - 0x0000000093010000), (65536 bytes)

GC Precious Log:
 CardTable entry size: 512
 Card Set container configuration: InlinePtr #cards 4 size 8 Array Of Cards #cards 16 size 48 Howl #buckets 8 coarsen threshold 3686 Howl Bitmap #cards 512 size 80 coarsen threshold 460 Card regions per heap region 1 cards per card region 4096
 CPUs: 12 total, 12 available
 Memory: 15178M
 Large Page Support: Disabled
 NUMA Support: Disabled
 Compressed Oops: Enabled (Zero based)
 Heap Region Size: 2M
 Heap Min Capacity: 8M
 Heap Initial Capacity: 8M
 Heap Max Capacity: 3796M
 Pre-touch: Disabled
 Parallel Workers: 10
 Concurrent Workers: 3
 Concurrent Refinement Workers: 10
 Periodic GC: Disabled

Heap:
 garbage-first heap   total reserved 3887104K, committed 16384K, used 4527K [0x0000000712c00000, 0x0000000800000000)
  region size 2M, 1 eden (2M), 1 survivor (2M), 3 old (6M), 0 humongous (0M), 3 free (6M)

Heap Regions: E=young(eden), S=young(survivor), O=old, HS=humongous(starts), HC=humongous(continues), CS=collection set, F=free, TAMS=top-at-mark-start, PB=parsable bottom
|    0|0x0000000712c00000, 0x0000000712e00000, 0x0000000712e00000|100%| O|  |TAMS 0x0000000712c00000| PB 0x0000000712c00000| Untracked |  0
|    1|0x0000000712e00000, 0x0000000712e78f90, 0x0000000713000000| 23%| O|  |TAMS 0x0000000712e00000| PB 0x0000000712e00000| Untracked |  0
|    2|0x0000000713000000, 0x0000000713000000, 0x0000000713200000|  0%| F|  |TAMS 0x0000000713000000| PB 0x0000000713000000| Untracked |  0
|    3|0x0000000713200000, 0x0000000713200000, 0x0000000713400000|  0%| F|  |TAMS 0x0000000713200000| PB 0x0000000713200000| Untracked |  0
|    4|0x0000000713400000, 0x00000007134c9ff0, 0x0000000713600000| 39%| S|CS|TAMS 0x0000000713400000| PB 0x0000000713400000| Complete  |  0
|    5|0x0000000713600000, 0x0000000713600000, 0x0000000713800000|  0%| F|  |TAMS 0x0000000713600000| PB 0x0000000713600000| Untracked |  0
|    6|0x0000000713800000, 0x000000071395a728, 0x0000000713a00000| 67%| E|CS|TAMS 0x0000000713800000| PB 0x0000000713800000| Complete  |  0
| 1897|0x00000007ffe00000, 0x00000007fff28d80, 0x0000000800000000| 57%| O|  |TAMS 0x00000007ffe00000| PB 0x00000007ffe00000| Untracked |  0

Card table byte_map: [0x000001f25bb00000,0x000001f25c270000] _byte_map_base: 0x000001f25826a000
Refinement table byte_map: [0x000001f25c270000,0x000001f25c9e0000] _byte_map_base: 0x000001f2589da000

Marking Bits: (CMBitMap*) 0x000001f2431f1f20
 Bits: [0x000001f25c9e0000, 0x000001f260530000)

Polling page: 0x000001f240fc0000

Metaspace:
Metaspace        used 5932K, committed 6080K, reserved 1114112K
 class space     used 729K, committed 832K, reserved 1048576K

Usage:
  Non-class:      5.08 MB used.
      Class:    729.52 KB used.
       Both:      5.79 MB used.

Virtual space:
  Non-class space:       64.00 MB reserved,       5.12 MB (  8%) committed,  1 nodes.
      Class space:        1.00 GB reserved,     832.00 KB ( <1%) committed,  1 nodes.
             Both:        1.06 GB reserved,       5.94 MB ( <1%) committed. 

Chunk freelists:
   Non-Class:  9.00 MB
       Class:  15.22 MB
        Both:  24.22 MB

MaxMetaspaceSize: unlimited
CompressedClassSpaceSize: 1.00 GB
Initial GC threshold: 21.00 MB
Current GC threshold: 21.00 MB
CDS: on
 - commit_granule_bytes: 65536.
 - commit_granule_words: 8192.
 - virtual_space_node_default_size: 8388608.
 - enlarge_chunks_in_place: 1.
UseCompressedClassPointers 1, UseCompactObjectHeaders 0
Narrow klass pointer bits 32, Max shift 3
Narrow klass base: 0x0000000093000000, Narrow klass shift: 0
Encoding Range: [0x0000000093000000 - 0x0000000193000000), (4294967296 bytes)
Klass Range:    [0x0000000093000000 - 0x00000000d4000000), (1090519040 bytes)
Klass ID Range:  [8 - 1090519033) (1090519025)
Protection zone: [0x0000000093000000 - 0x0000000093010000), (65536 bytes)


Internal statistics:

num_allocs_failed_limit: 0.
num_arena_births: 54.
num_arena_deaths: 0.
num_vsnodes_births: 2.
num_vsnodes_deaths: 0.
num_space_committed: 95.
num_space_uncommitted: 0.
num_chunks_returned_to_freelist: 0.
num_chunks_taken_from_freelist: 229.
num_chunk_merges: 0.
num_chunk_splits: 145.
num_chunks_enlarged: 120.
num_inconsistent_stats: 0.

CodeHeap 'non-profiled nmethods': size=120064Kb used=431Kb max_used=431Kb free=119632Kb
 bounds [0x000001f253900000, 0x000001f253b70000, 0x000001f25ae40000]
CodeHeap 'profiled nmethods': size=120064Kb used=2029Kb max_used=2029Kb free=118034Kb
 bounds [0x000001f24be20000, 0x000001f24c090000, 0x000001f253360000]
CodeHeap 'non-nmethods': size=5760Kb used=1354Kb max_used=1390Kb free=4405Kb
 bounds [0x000001f253360000, 0x000001f2535d0000, 0x000001f253900000]
CodeCache: size=245888Kb, used=3814Kb, max_used=3850Kb, free=242071Kb
 total_blobs=1917, nmethods=1450, adapters=371, full_count=0
Compilation: enabled, stopped_count=0, restarted_count=0

Compilation events (20 events):
Event: 1.818 Thread 0x000001f262f51a70 1170       4       jdk.internal.classfile.impl.RawBytecodeHelper::endBci (8 bytes)
Event: 1.819 Thread 0x000001f262f56ea0 nmethod 1169 0x000001f24bfb8f88 code [0x000001f24bfb9080, 0x000001f24bfb9398]
Event: 1.819 Thread 0x000001f262f56ea0 1171       3       java.util.ArrayList::iterator (9 bytes)
Event: 1.819 Thread 0x000001f262f56ea0 nmethod 1171 0x000001f24bfb9408 code [0x000001f24bfb9500, 0x000001f24bfb97e8]
Event: 1.819 Thread 0x000001f262f51a70 nmethod 1170 0x000001f253952b08 code [0x000001f253952c00, 0x000001f253952c80]
Event: 1.820 Thread 0x000001f262f56ea0 1172       3       java.lang.invoke.MemberName::<init> (50 bytes)
Event: 1.821 Thread 0x000001f262f56ea0 nmethod 1172 0x000001f24bfb9808 code [0x000001f24bfb9900, 0x000001f24bfb9d00]
Event: 1.845 Thread 0x000001f262f56ea0 1174       3       java.lang.invoke.MethodHandles$Lookup::isClassAccessible (53 bytes)
Event: 1.846 Thread 0x000001f262f56ea0 nmethod 1174 0x000001f24bfb9d08 code [0x000001f24bfb9e00, 0x000001f24bfba420]
Event: 1.848 Thread 0x000001f262f56ea0 1176       3       java.lang.invoke.MethodType::parameterSlotCount (8 bytes)
Event: 1.849 Thread 0x000001f262f56ea0 nmethod 1176 0x000001f24bfba488 code [0x000001f24bfba580, 0x000001f24bfba720]
Event: 1.850 Thread 0x000001f262f51a70 1177       4       java.lang.String::getChars (55 bytes)
Event: 1.852 Thread 0x000001f262f56ea0 1179       3       java.util.jar.JarFile$JarFileEntry::getRealName (5 bytes)
Event: 1.852 Thread 0x000001f262f56ea0 nmethod 1179 0x000001f24bfba788 code [0x000001f24bfba880, 0x000001f24bfba998]
Event: 3.853 Thread 0x000001f262f51a70 nmethod 1177 0x000001f253953408 code [0x000001f253953500, 0x000001f253953858]
Event: 3.853 Thread 0x000001f262f51a70 1178 % !   4       java.util.concurrent.ConcurrentHashMap::transfer @ 96 (849 bytes)
Event: 3.863 Thread 0x000001f262f56ea0 1180       3       java.lang.invoke.MemberName::ensureTypeVisible (180 bytes)
Event: 3.864 Thread 0x000001f262f56ea0 nmethod 1180 0x000001f24bfbaa88 code [0x000001f24bfbab80, 0x000001f24bfbd1a8]
Event: 3.864 Thread 0x000001f262f56ea0 1181       3       jdk.internal.classfile.impl.AbstractPoolEntry$MethodRefEntryImpl::<init> (12 bytes)
Event: 3.864 Thread 0x000001f262f56ea0 nmethod 1181 0x000001f24bfbd208 code [0x000001f24bfbd300, 0x000001f24bfbd448]

GC Heap Usage History (12 events):
Event: 0.467 {heap Before GC invocations=0 (full 0):
 garbage-first heap   total reserved 3887104K, committed 10240K, used 5283K [0x0000000712c00000, 0x0000000800000000)
  region size 2M, 2 eden (4M), 0 survivor (0M), 1 old (2M), 0 humongous (0M), 2 free (4M)
}
Event: 0.471 {heap After GC invocations=1 (full 0):
 garbage-first heap   total reserved 3887104K, committed 10240K, used 2766K [0x0000000712c00000, 0x0000000800000000)
  region size 2M, 0 eden (0M), 1 survivor (2M), 1 old (2M), 0 humongous (0M), 3 free (6M)
}
Event: 0.601 {heap Before GC invocations=1 (full 0):
 garbage-first heap   total reserved 3887104K, committed 10240K, used 4814K [0x0000000712c00000, 0x0000000800000000)
  region size 2M, 1 eden (2M), 1 survivor (2M), 1 old (2M), 0 humongous (0M), 2 free (4M)
}
Event: 0.604 {heap After GC invocations=2 (full 0):
 garbage-first heap   total reserved 3887104K, committed 10240K, used 2904K [0x0000000712c00000, 0x0000000800000000)
  region size 2M, 0 eden (0M), 1 survivor (2M), 2 old (4M), 0 humongous (0M), 2 free (4M)
}
Event: 0.796 {heap Before GC invocations=2 (full 0):
 garbage-first heap   total reserved 3887104K, committed 10240K, used 4952K [0x0000000712c00000, 0x0000000800000000)
  region size 2M, 1 eden (2M), 1 survivor (2M), 2 old (4M), 0 humongous (0M), 1 free (2M)
}
Event: 0.798 {heap After GC invocations=3 (full 0):
 garbage-first heap   total reserved 3887104K, committed 10240K, used 2953K [0x0000000712c00000, 0x0000000800000000)
  region size 2M, 0 eden (0M), 1 survivor (2M), 2 old (4M), 0 humongous (0M), 2 free (4M)
}
Event: 0.915 {heap Before GC invocations=3 (full 0):
 garbage-first heap   total reserved 3887104K, committed 10240K, used 5001K [0x0000000712c00000, 0x0000000800000000)
  region size 2M, 1 eden (2M), 1 survivor (2M), 2 old (4M), 0 humongous (0M), 1 free (2M)
}
Event: 0.919 {heap After GC invocations=4 (full 0):
 garbage-first heap   total reserved 3887104K, committed 10240K, used 3813K [0x0000000712c00000, 0x0000000800000000)
  region size 2M, 0 eden (0M), 1 survivor (2M), 2 old (4M), 0 humongous (0M), 2 free (4M)
}
Event: 1.098 {heap Before GC invocations=4 (full 0):
 garbage-first heap   total reserved 3887104K, committed 10240K, used 5861K [0x0000000712c00000, 0x0000000800000000)
  region size 2M, 1 eden (2M), 1 survivor (2M), 2 old (4M), 0 humongous (0M), 1 free (2M)
}
Event: 1.102 {heap After GC invocations=5 (full 0):
 garbage-first heap   total reserved 3887104K, committed 16384K, used 3967K [0x0000000712c00000, 0x0000000800000000)
  region size 2M, 0 eden (0M), 1 survivor (2M), 2 old (4M), 0 humongous (0M), 5 free (10M)
}
Event: 1.757 {heap Before GC invocations=5 (full 0):
 garbage-first heap   total reserved 3887104K, committed 16384K, used 8063K [0x0000000712c00000, 0x0000000800000000)
  region size 2M, 3 eden (6M), 1 survivor (2M), 2 old (4M), 0 humongous (0M), 2 free (4M)
}
Event: 1.763 {heap After GC invocations=6 (full 0):
 garbage-first heap   total reserved 3887104K, committed 16384K, used 4151K [0x0000000712c00000, 0x0000000800000000)
  region size 2M, 0 eden (0M), 1 survivor (2M), 2 old (4M), 0 humongous (0M), 5 free (10M)
}

Metaspace Usage History (12 events):
Event: 0.467 {metaspace Before GC invocations=0 (full 0):
 Metaspace       used 854K, committed 1024K, reserved 1114112K
  class space    used 61K, committed 128K, reserved 1048576K
}
Event: 0.471 {metaspace After GC invocations=1 (full 0):
 Metaspace       used 854K, committed 1024K, reserved 1114112K
  class space    used 61K, committed 128K, reserved 1048576K
}
Event: 0.601 {metaspace Before GC invocations=1 (full 0):
 Metaspace       used 1627K, committed 1728K, reserved 1114112K
  class space    used 138K, committed 192K, reserved 1048576K
}
Event: 0.604 {metaspace After GC invocations=2 (full 0):
 Metaspace       used 1627K, committed 1728K, reserved 1114112K
  class space    used 138K, committed 192K, reserved 1048576K
}
Event: 0.796 {metaspace Before GC invocations=2 (full 0):
 Metaspace       used 2255K, committed 2496K, reserved 1114112K
  class space    used 210K, committed 320K, reserved 1048576K
}
Event: 0.798 {metaspace After GC invocations=3 (full 0):
 Metaspace       used 2255K, committed 2496K, reserved 1114112K
  class space    used 210K, committed 320K, reserved 1048576K
}
Event: 0.915 {metaspace Before GC invocations=3 (full 0):
 Metaspace       used 2630K, committed 2816K, reserved 1114112K
  class space    used 245K, committed 320K, reserved 1048576K
}
Event: 0.919 {metaspace After GC invocations=4 (full 0):
 Metaspace       used 2630K, committed 2816K, reserved 1114112K
  class space    used 245K, committed 320K, reserved 1048576K
}
Event: 1.098 {metaspace Before GC invocations=4 (full 0):
 Metaspace       used 3118K, committed 3264K, reserved 1114112K
  class space    used 314K, committed 384K, reserved 1048576K
}
Event: 1.102 {metaspace After GC invocations=5 (full 0):
 Metaspace       used 3118K, committed 3264K, reserved 1114112K
  class space    used 314K, committed 384K, reserved 1048576K
}
Event: 1.757 {metaspace Before GC invocations=5 (full 0):
 Metaspace       used 4954K, committed 5056K, reserved 1114112K
  class space    used 592K, committed 640K, reserved 1048576K
}
Event: 1.763 {metaspace After GC invocations=6 (full 0):
 Metaspace       used 4954K, committed 5056K, reserved 1114112K
  class space    used 592K, committed 640K, reserved 1048576K
}

Dll operation events (14 events):
Event: 0.018 Attempting to load shared library C:\Users\Lenovo\Desktop\lmdrasaaa\php\oracleJdk-26\bin\java.dll
Event: 0.020 Loaded shared library C:\Users\Lenovo\Desktop\lmdrasaaa\php\oracleJdk-26\bin\java.dll
Event: 0.129 Attempting to load shared library C:\Users\Lenovo\Desktop\lmdrasaaa\php\oracleJdk-26\bin\net.dll
Event: 0.131 Loaded shared library C:\Users\Lenovo\Desktop\lmdrasaaa\php\oracleJdk-26\bin\net.dll
Event: 0.135 Attempting to load shared library C:\Users\Lenovo\Desktop\lmdrasaaa\php\oracleJdk-26\bin\nio.dll
Event: 0.136 Loaded shared library C:\Users\Lenovo\Desktop\lmdrasaaa\php\oracleJdk-26\bin\nio.dll
Event: 0.143 Attempting to load shared library C:\Users\Lenovo\Desktop\lmdrasaaa\php\oracleJdk-26\bin\zip.dll
Event: 0.144 Loaded shared library C:\Users\Lenovo\Desktop\lmdrasaaa\php\oracleJdk-26\bin\zip.dll
Event: 0.486 Attempting to load shared library C:\Users\Lenovo\.m2\wrapper\dists\apache-maven-3.9.16\0daed3be3ebd1c706f0e69e8b07c6b73f5cc4ea3dfce72a8d0ec2e849ca2ddb0\lib\jansi-native\Windows\x86_64\jansi.dll
Event: 0.487 Loaded shared library C:\Users\Lenovo\.m2\wrapper\dists\apache-maven-3.9.16\0daed3be3ebd1c706f0e69e8b07c6b73f5cc4ea3dfce72a8d0ec2e849ca2ddb0\lib\jansi-native\Windows\x86_64\jansi.dll
Event: 0.514 Attempting to load shared library C:\Users\Lenovo\Desktop\lmdrasaaa\php\oracleJdk-26\bin\verify.dll
Event: 0.514 Loaded shared library C:\Users\Lenovo\Desktop\lmdrasaaa\php\oracleJdk-26\bin\verify.dll
Event: 0.532 Attempting to load shared library C:\Users\Lenovo\Desktop\lmdrasaaa\php\oracleJdk-26\bin\jimage.dll
Event: 0.532 Loaded shared library C:\Users\Lenovo\Desktop\lmdrasaaa\php\oracleJdk-26\bin\jimage.dll

Deoptimization events (20 events):
Event: 1.111 Thread 0x000001f240def3b0 Uncommon trap: trap_request=0xffffffde fr.pc=0x000001f253946c7c relative=0x00000000000000fc
Event: 1.111 Thread 0x000001f240def3b0 Uncommon trap: reason=class_check action=maybe_recompile pc=0x000001f253946c7c method=jdk.internal.misc.Unsafe.allocateUninitializedArray(Ljava/lang/Class;I)Ljava/lang/Object; @ 51 c2
Event: 1.111 Thread 0x000001f240def3b0 DEOPT PACKING pc=0x000001f253946c7c sp=0x0000009f228f9ce0
Event: 1.111 Thread 0x000001f240def3b0 DEOPT UNPACKING pc=0x000001f2533f1f82 sp=0x0000009f228f9c58 mode 2
Event: 1.423 Thread 0x000001f240def3b0 Uncommon trap: trap_request=0xffffffc6 fr.pc=0x000001f2539432e4 relative=0x00000000000003e4
Event: 1.423 Thread 0x000001f240def3b0 Uncommon trap: reason=bimorphic_or_optimized_type_check action=maybe_recompile pc=0x000001f2539432e4 method=java.util.concurrent.ConcurrentHashMap.get(Ljava/lang/Object;)Ljava/lang/Object; @ 149 c2
Event: 1.423 Thread 0x000001f240def3b0 DEOPT PACKING pc=0x000001f2539432e4 sp=0x0000009f228fd7f0
Event: 1.423 Thread 0x000001f240def3b0 DEOPT UNPACKING pc=0x000001f2533f1f82 sp=0x0000009f228fd760 mode 2
Event: 1.424 Thread 0x000001f240def3b0 Uncommon trap: trap_request=0xffffffc6 fr.pc=0x000001f2539432e4 relative=0x00000000000003e4
Event: 1.424 Thread 0x000001f240def3b0 Uncommon trap: reason=bimorphic_or_optimized_type_check action=maybe_recompile pc=0x000001f2539432e4 method=java.util.concurrent.ConcurrentHashMap.get(Ljava/lang/Object;)Ljava/lang/Object; @ 149 c2
Event: 1.424 Thread 0x000001f240def3b0 DEOPT PACKING pc=0x000001f2539432e4 sp=0x0000009f228fdb80
Event: 1.424 Thread 0x000001f240def3b0 DEOPT UNPACKING pc=0x000001f2533f1f82 sp=0x0000009f228fdaf0 mode 2
Event: 1.461 Thread 0x000001f240def3b0 Uncommon trap: trap_request=0xffffffc6 fr.pc=0x000001f2539432e4 relative=0x00000000000003e4
Event: 1.461 Thread 0x000001f240def3b0 Uncommon trap: reason=bimorphic_or_optimized_type_check action=maybe_recompile pc=0x000001f2539432e4 method=java.util.concurrent.ConcurrentHashMap.get(Ljava/lang/Object;)Ljava/lang/Object; @ 149 c2
Event: 1.461 Thread 0x000001f240def3b0 DEOPT PACKING pc=0x000001f2539432e4 sp=0x0000009f228fdeb0
Event: 1.461 Thread 0x000001f240def3b0 DEOPT UNPACKING pc=0x000001f2533f1f82 sp=0x0000009f228fde20 mode 2
Event: 1.461 Thread 0x000001f240def3b0 Uncommon trap: trap_request=0xffffffc6 fr.pc=0x000001f2539432e4 relative=0x00000000000003e4
Event: 1.461 Thread 0x000001f240def3b0 Uncommon trap: reason=bimorphic_or_optimized_type_check action=maybe_recompile pc=0x000001f2539432e4 method=java.util.concurrent.ConcurrentHashMap.get(Ljava/lang/Object;)Ljava/lang/Object; @ 149 c2
Event: 1.461 Thread 0x000001f240def3b0 DEOPT PACKING pc=0x000001f2539432e4 sp=0x0000009f228fdd40
Event: 1.461 Thread 0x000001f240def3b0 DEOPT UNPACKING pc=0x000001f2533f1f82 sp=0x0000009f228fdcb0 mode 2

Classes loaded (20 events):
Event: 1.617 Loading class java/util/stream/SortedOps$AbstractRefSortingSink done
Event: 1.617 Loading class java/util/stream/SortedOps$SizedRefSortingSink done
Event: 1.689 Loading class java/lang/StackTraceElement$HashedModules
Event: 1.689 Loading class java/lang/StackTraceElement$HashedModules done
Event: 1.785 Loading class java/lang/reflect/UndeclaredThrowableException
Event: 1.785 Loading class java/lang/reflect/UndeclaredThrowableException done
Event: 1.800 Loading class java/lang/annotation/ElementType
Event: 1.800 Loading class java/lang/annotation/ElementType done
Event: 1.801 Loading class java/lang/annotation/Documented
Event: 1.801 Loading class java/lang/annotation/Documented done
Event: 1.838 Loading class java/util/concurrent/TimeoutException
Event: 1.838 Loading class java/util/concurrent/TimeoutException done
Event: 1.839 Loading class java/util/concurrent/CancellationException
Event: 1.839 Loading class java/util/concurrent/CancellationException done
Event: 3.856 Loading class java/lang/reflect/GenericArrayType
Event: 3.856 Loading class java/lang/reflect/GenericArrayType done
Event: 3.857 Loading class java/lang/reflect/ParameterizedType
Event: 3.857 Loading class java/lang/reflect/ParameterizedType done
Event: 3.862 Loading class java/lang/reflect/WildcardType
Event: 3.862 Loading class java/lang/reflect/WildcardType done

Classes unloaded (0 events):
No events

Classes redefined (0 events):
No events

Internal exceptions (20 events):
Event: 0.476 Thread 0x000001f240def3b0 Exception <a 'java/lang/NullPointerException'{0x000000071320e498}> (0x000000071320e498) 
thrown [s\open\src\hotspot\share\interpreter\linkResolver.cpp, line 1428]
Event: 0.491 Thread 0x000001f240def3b0 Exception <a 'java/lang/NullPointerException'{0x0000000713232650}> (0x0000000713232650) 
thrown [s\open\src\hotspot\share\interpreter\linkResolver.cpp, line 1428]
Event: 0.491 Thread 0x000001f240def3b0 Exception <a 'java/lang/NullPointerException'{0x0000000713232930}> (0x0000000713232930) 
thrown [s\open\src\hotspot\share\interpreter\linkResolver.cpp, line 1428]
Event: 0.491 Thread 0x000001f240def3b0 Exception <a 'java/lang/NullPointerException'{0x0000000713232c10}> (0x0000000713232c10) 
thrown [s\open\src\hotspot\share\interpreter\linkResolver.cpp, line 1428]
Event: 0.494 Thread 0x000001f240def3b0 Exception <a 'java/lang/NullPointerException'{0x00000007132397b8}> (0x00000007132397b8) 
thrown [s\open\src\hotspot\share\interpreter\linkResolver.cpp, line 1428]
Event: 0.499 Thread 0x000001f240def3b0 Exception <a 'java/lang/NullPointerException'{0x000000071324b218}> (0x000000071324b218) 
thrown [s\open\src\hotspot\share\interpreter\linkResolver.cpp, line 1428]
Event: 0.499 Thread 0x000001f240def3b0 Exception <a 'java/lang/NullPointerException'{0x000000071324b4f8}> (0x000000071324b4f8) 
thrown [s\open\src\hotspot\share\interpreter\linkResolver.cpp, line 1428]
Event: 0.499 Thread 0x000001f240def3b0 Exception <a 'java/lang/NullPointerException'{0x000000071324b7d8}> (0x000000071324b7d8) 
thrown [s\open\src\hotspot\share\interpreter\linkResolver.cpp, line 1428]
Event: 0.499 Thread 0x000001f240def3b0 Exception <a 'java/lang/NullPointerException'{0x000000071324bab8}> (0x000000071324bab8) 
thrown [s\open\src\hotspot\share\interpreter\linkResolver.cpp, line 1428]
Event: 0.536 Thread 0x000001f240def3b0 Exception <a 'java/lang/NoSuchMethodError'{0x00000007132c5558}: 'void java.lang.invoke.DirectMethodHandle$Holder.invokeVirtual(java.lang.Object, java.lang.Object)'> (0x00000007132c5558) 
thrown [s\open\src\hotspot\share\interpreter\linkResolver.cpp, line 804]
Event: 0.544 Thread 0x000001f240def3b0 Exception <a 'java/lang/NoSuchMethodError'{0x00000007132ef950}: 'void java.lang.invoke.DirectMethodHandle$Holder.invokeStatic(java.lang.Object, java.lang.Object)'> (0x00000007132ef950) 
thrown [s\open\src\hotspot\share\interpreter\linkResolver.cpp, line 804]
Event: 0.545 Thread 0x000001f240def3b0 Exception <a 'java/lang/NoSuchMethodError'{0x00000007132f7ac0}: 'void java.lang.invoke.DirectMethodHandle$Holder.invokeStaticInit(java.lang.Object, java.lang.Object)'> (0x00000007132f7ac0) 
thrown [s\open\src\hotspot\share\interpreter\linkResolver.cpp, line 804]
Event: 0.559 Thread 0x000001f240def3b0 Exception <a 'java/lang/NoSuchMethodError'{0x000000071332dcf8}: 'void java.lang.invoke.DirectMethodHandle$Holder.invokeSpecial(java.lang.Object, java.lang.Object, java.lang.Object, java.lang.Object, java.lang.Object)'> (0x000000071332dcf8) 
thrown [s\open\src\hotspot\share\interpreter\linkResolver.cpp, line 804]
Event: 0.587 Thread 0x000001f240def3b0 Exception <a 'java/lang/NoSuchMethodError'{0x000000071339ea30}: 'void java.lang.invoke.DirectMethodHandle$Holder.invokeStatic(java.lang.Object, java.lang.Object, java.lang.Object)'> (0x000000071339ea30) 
thrown [s\open\src\hotspot\share\interpreter\linkResolver.cpp, line 804]
Event: 0.757 Thread 0x000001f240def3b0 Exception <a 'java/lang/NoSuchMethodError'{0x0000000713396f48}: 'java.lang.Object java.lang.invoke.DirectMethodHandle$Holder.invokeSpecialIFC(java.lang.Object, java.lang.Object, java.lang.Object, java.lang.Object)'> (0x0000000713396f48) 
thrown [s\open\src\hotspot\share\interpreter\linkResolver.cpp, line 804]
Event: 1.249 Thread 0x000001f240def3b0 Exception <a 'java/lang/NoSuchMethodError'{0x00000007139eb780}: 'void java.lang.invoke.DirectMethodHandle$Holder.invokeSpecial(java.lang.Object, java.lang.Object, java.lang.Object)'> (0x00000007139eb780) 
thrown [s\open\src\hotspot\share\interpreter\linkResolver.cpp, line 804]
Event: 1.470 Thread 0x000001f240def3b0 Exception <a 'java/lang/NoSuchMethodError'{0x00000007137d52c8}: 'java.lang.Object java.lang.invoke.DirectMethodHandle$Holder.invokeInterface(java.lang.Object, java.lang.Object)'> (0x00000007137d52c8) 
thrown [s\open\src\hotspot\share\interpreter\linkResolver.cpp, line 804]
Event: 1.564 Thread 0x000001f240def3b0 Exception <a 'java/lang/NoSuchMethodError'{0x000000071349d5c0}: 'int java.lang.invoke.DirectMethodHandle$Holder.invokeStatic(java.lang.Object, java.lang.Object, java.lang.Object, java.lang.Object)'> (0x000000071349d5c0) 
thrown [s\open\src\hotspot\share\interpreter\linkResolver.cpp, line 804]
Event: 1.576 Thread 0x000001f240def3b0 Exception <a 'java/lang/NoSuchMethodError'{0x00000007134cb168}: 'int java.lang.invoke.DirectMethodHandle$Holder.invokeSpecialIFC(java.lang.Object, java.lang.Object, java.lang.Object, java.lang.Object, java.lang.Object)'> (0x00000007134cb168) 
thrown [s\open\src\hotspot\share\interpreter\linkResolver.cpp, line 804]
Event: 1.803 Thread 0x000001f240def3b0 Exception <a 'java/lang/NoSuchMethodError'{0x000000071386e548}: 'java.lang.Object java.lang.invoke.DirectMethodHandle$Holder.newInvokeSpecial(java.lang.Object, java.lang.Object, java.lang.Object, java.lang.Object, java.lang.Object)'> (0x000000071386e548) 
thrown [s\open\src\hotspot\share\interpreter\linkResolver.cpp, line 804]

VM Operations (18 events):
Event: 0.467 Executing safepoint VM operation: G1CollectForAllocation (G1 Evacuation Pause)
Event: 0.471 Executing safepoint VM operation: G1CollectForAllocation (G1 Evacuation Pause) done
Event: 0.473 Executing non-safepoint VM operation: HandshakeAllThreads (Deoptimize)
Event: 0.473 Executing non-safepoint VM operation: HandshakeAllThreads (Deoptimize) done
Event: 0.572 Executing non-safepoint VM operation: HandshakeAllThreads (Deoptimize)
Event: 0.572 Executing non-safepoint VM operation: HandshakeAllThreads (Deoptimize) done
Event: 0.601 Executing safepoint VM operation: G1CollectForAllocation (G1 Evacuation Pause)
Event: 0.604 Executing safepoint VM operation: G1CollectForAllocation (G1 Evacuation Pause) done
Event: 0.796 Executing safepoint VM operation: G1CollectForAllocation (G1 Evacuation Pause)
Event: 0.798 Executing safepoint VM operation: G1CollectForAllocation (G1 Evacuation Pause) done
Event: 0.915 Executing safepoint VM operation: G1CollectForAllocation (G1 Evacuation Pause)
Event: 0.919 Executing safepoint VM operation: G1CollectForAllocation (G1 Evacuation Pause) done
Event: 1.098 Executing safepoint VM operation: G1CollectForAllocation (G1 Evacuation Pause)
Event: 1.102 Executing safepoint VM operation: G1CollectForAllocation (G1 Evacuation Pause) done
Event: 1.451 Executing non-safepoint VM operation: HandshakeAllThreads (Deoptimize)
Event: 1.451 Executing non-safepoint VM operation: HandshakeAllThreads (Deoptimize) done
Event: 1.756 Executing safepoint VM operation: G1CollectForAllocation (G1 Evacuation Pause)
Event: 1.763 Executing safepoint VM operation: G1CollectForAllocation (G1 Evacuation Pause) done

Memory protections (0 events):
No events

Nmethod flushes (0 events):
No events

Events (15 events):
Event: 0.069 Thread 0x000001f240def3b0 Thread added: 0x000001f240def3b0
Event: 0.101 Thread 0x000001f240def3b0 Thread added: 0x000001f262f3ecb0
Event: 0.101 Thread 0x000001f240def3b0 Thread added: 0x000001f262f3f460
Event: 0.102 Thread 0x000001f240def3b0 Thread added: 0x000001f262f48050
Event: 0.102 Thread 0x000001f240def3b0 Thread added: 0x000001f262f48c00
Event: 0.102 Thread 0x000001f240def3b0 Thread added: 0x000001f262f4d7c0
Event: 0.102 Thread 0x000001f240def3b0 Thread added: 0x000001f262f50780
Event: 0.102 Thread 0x000001f240def3b0 Thread added: 0x000001f262f51a70
Event: 0.103 Thread 0x000001f240def3b0 Thread added: 0x000001f262f56ea0
Event: 0.119 Thread 0x000001f240def3b0 Thread added: 0x000001f2632ef610
Event: 0.124 Thread 0x000001f240def3b0 Thread added: 0x000001f263303680
Event: 0.344 Thread 0x000001f262f56ea0 Thread added: 0x000001f263a15aa0
Event: 0.482 Thread 0x000001f240def3b0 Thread added: 0x000001f263956560
Event: 0.597 Thread 0x000001f263956560 Thread exited: 0x000001f263956560
Event: 1.293 Thread 0x000001f263a15aa0 Thread exited: 0x000001f263a15aa0


Dynamic libraries:
0x00007ff7dd3a0000 - 0x00007ff7dd3b0000 	C:\Users\Lenovo\Desktop\lmdrasaaa\php\oracleJdk-26\bin\java.exe
0x00007ffe446e0000 - 0x00007ffe44946000 	C:\WINDOWS\SYSTEM32\ntdll.dll
0x00007ffe43b20000 - 0x00007ffe43be9000 	C:\WINDOWS\System32\KERNEL32.DLL
0x00007ffe41dd0000 - 0x00007ffe421ce000 	C:\WINDOWS\System32\KERNELBASE.dll
0x00007ffe41b40000 - 0x00007ffe41c8c000 	C:\WINDOWS\System32\ucrtbase.dll
0x00007ffe2a010000 - 0x00007ffe2a027000 	C:\Users\Lenovo\Desktop\lmdrasaaa\php\oracleJdk-26\bin\jli.dll
0x00007ffe43120000 - 0x00007ffe432e7000 	C:\WINDOWS\System32\USER32.dll
0x00007ffe421e0000 - 0x00007ffe42207000 	C:\WINDOWS\System32\win32u.dll
0x00007ffe42470000 - 0x00007ffe4249b000 	C:\WINDOWS\System32\GDI32.dll
0x00007ffe41ca0000 - 0x00007ffe41dca000 	C:\WINDOWS\System32\gdi32full.dll
0x00007ffe42360000 - 0x00007ffe42403000 	C:\WINDOWS\System32\msvcp_win.dll
0x00007ffe3e1d0000 - 0x00007ffe3e1ee000 	C:\Users\Lenovo\Desktop\lmdrasaaa\php\oracleJdk-26\bin\VCRUNTIME140.dll
0x00007ffe30d30000 - 0x00007ffe30fc2000 	C:\WINDOWS\WinSxS\amd64_microsoft.windows.common-controls_6595b64144ccf1df_6.0.26100.8894_none_3e0f749ee32e02ea\COMCTL32.dll
0x00007ffe43070000 - 0x00007ffe43119000 	C:\WINDOWS\System32\msvcrt.dll
0x00007ffe43310000 - 0x00007ffe43342000 	C:\WINDOWS\System32\IMM32.DLL
0x00000000527f0000 - 0x00000000527fd000 	C:\Program Files (x86)\360\Total Security\safemon\SafeWrapper.dll
0x00007ffe43790000 - 0x00007ffe43847000 	C:\WINDOWS\System32\ADVAPI32.dll
0x00007ffe43900000 - 0x00007ffe439aa000 	C:\WINDOWS\System32\sechost.dll
0x00007ffe440f0000 - 0x00007ffe44208000 	C:\WINDOWS\System32\RPCRT4.dll
0x00007ffe3f1d0000 - 0x00007ffe3f2d5000 	C:\Program Files (x86)\360\Total Security\safemon\libzdtp64.dll
0x00007ffe428d0000 - 0x00007ffe43062000 	C:\WINDOWS\System32\SHELL32.dll
0x00007ffe43bf0000 - 0x00007ffe43c57000 	C:\WINDOWS\System32\SHLWAPI.dll
0x00007ffe413c0000 - 0x00007ffe413cb000 	C:\WINDOWS\SYSTEM32\VERSION.dll
0x00007ffe3e220000 - 0x00007ffe3e22c000 	C:\Users\Lenovo\Desktop\lmdrasaaa\php\oracleJdk-26\bin\vcruntime140_1.dll
0x00007ffe18210000 - 0x00007ffe1829d000 	C:\Users\Lenovo\Desktop\lmdrasaaa\php\oracleJdk-26\bin\msvcp140.dll
0x00007ffdb9710000 - 0x00007ffdba5de000 	C:\Users\Lenovo\Desktop\lmdrasaaa\php\oracleJdk-26\bin\server\jvm.dll
0x00007ffe43640000 - 0x00007ffe436c0000 	C:\WINDOWS\System32\WS2_32.dll
0x00007ffe3aaf0000 - 0x00007ffe3ab26000 	C:\WINDOWS\SYSTEM32\WINMM.dll
0x00007ffe41760000 - 0x00007ffe417be000 	C:\WINDOWS\SYSTEM32\POWRPROF.dll
0x00007ffe41740000 - 0x00007ffe41754000 	C:\WINDOWS\SYSTEM32\UMPDC.dll
0x00007ffe40520000 - 0x00007ffe4053b000 	C:\WINDOWS\SYSTEM32\kernel.appcore.dll
0x00007ffe3e1c0000 - 0x00007ffe3e1ca000 	C:\Users\Lenovo\Desktop\lmdrasaaa\php\oracleJdk-26\bin\jimage.dll
0x00007ffe3eda0000 - 0x00007ffe3efe2000 	C:\WINDOWS\SYSTEM32\DBGHELP.DLL
0x00007ffe44310000 - 0x00007ffe44693000 	C:\WINDOWS\System32\combase.dll
0x00007ffe43350000 - 0x00007ffe43429000 	C:\WINDOWS\System32\OLEAUT32.dll
0x00007ffe3aab0000 - 0x00007ffe3aaeb000 	C:\WINDOWS\SYSTEM32\dbgcore.DLL
0x00007ffe42210000 - 0x00007ffe422bc000 	C:\WINDOWS\System32\bcryptPrimitives.dll
0x00007ffe3c230000 - 0x00007ffe3c24f000 	C:\Users\Lenovo\Desktop\lmdrasaaa\php\oracleJdk-26\bin\java.dll
0x00007ffe424a0000 - 0x00007ffe42639000 	C:\WINDOWS\System32\ole32.dll
0x00007ffe3f2e0000 - 0x00007ffe3fb72000 	C:\WINDOWS\SYSTEM32\windows.storage.dll
0x00007ffe427d0000 - 0x00007ffe428c7000 	C:\WINDOWS\System32\SHCORE.dll
0x00007ffe41820000 - 0x00007ffe41849000 	C:\WINDOWS\SYSTEM32\profapi.dll
0x00007ffe36b40000 - 0x00007ffe36b52000 	C:\Users\Lenovo\Desktop\lmdrasaaa\php\oracleJdk-26\bin\net.dll
0x00007ffe40ab0000 - 0x00007ffe40b1c000 	C:\WINDOWS\system32\mswsock.dll
0x00007ffe34b70000 - 0x00007ffe34b86000 	C:\Users\Lenovo\Desktop\lmdrasaaa\php\oracleJdk-26\bin\nio.dll
0x00007ffe2e2a0000 - 0x00007ffe2e2b7000 	C:\Users\Lenovo\Desktop\lmdrasaaa\php\oracleJdk-26\bin\zip.dll
0x00007ffe21660000 - 0x00007ffe21684000 	C:\Users\Lenovo\.m2\wrapper\dists\apache-maven-3.9.16\0daed3be3ebd1c706f0e69e8b07c6b73f5cc4ea3dfce72a8d0ec2e849ca2ddb0\lib\jansi-native\Windows\x86_64\jansi.dll
0x00007ffe37400000 - 0x00007ffe37410000 	C:\Users\Lenovo\Desktop\lmdrasaaa\php\oracleJdk-26\bin\verify.dll

JVMTI agents: none

dbghelp: loaded successfully - version: 4.0.5 - missing functions: none
symbol engine: initialized successfully - sym options: 0x614 - pdb path: .;C:\Users\Lenovo\Desktop\lmdrasaaa\php\oracleJdk-26\bin;C:\WINDOWS\SYSTEM32;C:\WINDOWS\WinSxS\amd64_microsoft.windows.common-controls_6595b64144ccf1df_6.0.26100.8894_none_3e0f749ee32e02ea;C:\Program Files (x86)\360\Total Security\safemon;C:\Users\Lenovo\Desktop\lmdrasaaa\php\oracleJdk-26\bin\server;C:\Users\Lenovo\.m2\wrapper\dists\apache-maven-3.9.16\0daed3be3ebd1c706f0e69e8b07c6b73f5cc4ea3dfce72a8d0ec2e849ca2ddb0\lib\jansi-native\Windows\x86_64

VM Arguments:
jvm_args: --enable-native-access=ALL-UNNAMED -Dclassworlds.conf=C:\Users\Lenovo\.m2\wrapper\dists\apache-maven-3.9.16\0daed3be3ebd1c706f0e69e8b07c6b73f5cc4ea3dfce72a8d0ec2e849ca2ddb0\bin\m2.conf -Dmaven.home=C:\Users\Lenovo\.m2\wrapper\dists\apache-maven-3.9.16\0daed3be3ebd1c706f0e69e8b07c6b73f5cc4ea3dfce72a8d0ec2e849ca2ddb0 -Dlibrary.jansi.path=C:\Users\Lenovo\.m2\wrapper\dists\apache-maven-3.9.16\0daed3be3ebd1c706f0e69e8b07c6b73f5cc4ea3dfce72a8d0ec2e849ca2ddb0\lib\jansi-native -Dmaven.multiModuleProjectDirectory=C:\Users\Lenovo\Downloads\gestion_de_note 
java_command: org.codehaus.plexus.classworlds.launcher.Launcher -Dexec.vmArgs=-agentlib:jdwp=transport=dt_socket,server=n,address=61784 -Dfile.encoding=UTF-8 -Dexec.args=${exec.vmArgs} -classpath %classpath ${exec.mainClass} ${exec.appArgs} -Dexec.executable=C:\Users\Lenovo\Desktop\lmdrasaaa\php\oracleJdk-26\bin\java.exe -Dexec.mainClass=com.gestion_de_note.gestion_de_note.GestionDeNoteApplication -Dexec.classpathScope=runtime -Djpda.listen=true -Dexec.appArgs= -Djpda.address=61784 -Dmaven.ext.class.path=C:\Users\Lenovo\.vscode\extensions\oracle.oracle-java-26.0.0\nbcode\java\maven-nblib\netbeans-eventspy.jar --no-transfer-progress process-test-classes org.codehaus.mojo:exec-maven-plugin:3.5.1:exec
java_class_path (initial): C:\Users\Lenovo\.m2\wrapper\dists\apache-maven-3.9.16\0daed3be3ebd1c706f0e69e8b07c6b73f5cc4ea3dfce72a8d0ec2e849ca2ddb0\boot\plexus-classworlds-2.11.0.jar
Launcher Type: SUN_STANDARD

[Global flags]
     bool AOTAdapterCaching                        = false                                  {diagnostic} {ergonomic}
     bool AOTInvokeDynamicLinking                  = false                                  {diagnostic} {ergonomic}
     bool AOTRecordTraining                        = false                                  {diagnostic} {ergonomic}
     bool AOTReplayTraining                        = false                                  {diagnostic} {ergonomic}
     bool AOTStubCaching                           = false                                  {diagnostic} {ergonomic}
     intx CICompilerCount                          = 4                                         {product} {ergonomic}
     uint ConcGCThreads                            = 3                                         {product} {ergonomic}
     uint G1ConcRefinementThreads                  = 10                                        {product} {ergonomic}
     uint G1EagerReclaimRemSetThreshold            = 16                                   {experimental} {ergonomic}
   size_t G1HeapRegionSize                         = 2097152                                   {product} {ergonomic}
     uint G1RemSetArrayOfCardsEntries              = 16                                   {experimental} {ergonomic}
     uint G1RemSetHowlMaxNumBuckets                = 8                                    {experimental} {ergonomic}
     uint G1RemSetHowlNumBuckets                   = 8                                    {experimental} {ergonomic}
   size_t InitialHeapSize                          = 8388608                                   {product} {ergonomic}
     bool IntelJccErratumMitigation                = false                             {ARCH diagnostic} {ergonomic}
   size_t MarkStackSize                            = 4194304                                   {product} {ergonomic}
   size_t MarkStackSizeMax                         = 536870912                                 {product} {ergonomic}
   size_t MaxHeapSize                              = 3980394496                                {product} {ergonomic}
   size_t MaxNewSize                               = 2386558976                                {product} {ergonomic}
 uint64_t MaxRAM                                   = 15915737088                               {product} {ergonomic}
   size_t MinHeapDeltaBytes                        = 2097152                                   {product} {ergonomic}
   size_t MinHeapSize                              = 8388608                                   {product} {ergonomic}
   size_t NonNMethodCodeHeapSize                   = 5898240                                {pd product} {ergonomic}
   size_t NonProfiledCodeHeapSize                  = 122945536                              {pd product} {ergonomic}
   size_t ProfiledCodeHeapSize                     = 122945536                              {pd product} {ergonomic}
   size_t ReservedCodeCacheSize                    = 251789312                              {pd product} {ergonomic}
     bool SegmentedCodeCache                       = true                                      {product} {ergonomic}
   size_t SoftMaxHeapSize                          = 3980394496                             {manageable} {ergonomic}
     bool UseCompressedOops                        = true                           {product lp64_product} {ergonomic}
     bool UseCondCardMark                          = true                                      {product} {ergonomic}
     bool UseFastUnorderedTimeStamps               = true                                 {experimental} {ergonomic}
     bool UseG1GC                                  = true                                      {product} {ergonomic}
     bool UseLargePagesIndividualAllocation        = false                                  {pd product} {ergonomic}
      int X86ICacheSync                            = 3                                 {ARCH diagnostic} {ergonomic}

Logging:
Log output configuration:
 #0: stdout all=warning uptime,level,tags foldmultilines=false
 #1: stderr all=off uptime,level,tags foldmultilines=false

Release file:
IMPLEMENTOR="Oracle Corporation" 
JAVA_RUNTIME_VERSION="26.0.1+8-34" 
JAVA_VERSION="26.0.1" 
JAVA_VERSION_DATE="2026-04-21" 
LIBC="default" 
MODULES="java.base java.compiler java.datatransfer java.xml java.prefs java.desktop java.instrument java.logging java.management java.security.sasl java.naming java.rmi java.management.rmi java.net.http java.scripting java.security.jgss java.transaction.xa java.sql java.sql.rowset java.xml.crypto java.se java.smartcardio jdk.accessibility jdk.internal.jvmstat jdk.attach jdk.charsets jdk.internal.opt jdk.zipfs jdk.compiler jdk.crypto.cryptoki jdk.crypto.ec jdk.crypto.mscapi jdk.dynalink jdk.internal.ed jdk.editpad jdk.internal.vm.ci jdk.graal.compiler jdk.graal.compiler.management jdk.hotspot.agent jdk.httpserver jdk.incubator.vector jdk.internal.le jdk.internal.md jdk.jartool jdk.javadoc jdk.jcmd jdk.management jdk.management.agent jdk.jconsole jdk.jdeps jdk.jdwp.agent jdk.jdi jdk.jfr jdk.jlink jdk.jpackage jdk.jshell jdk.jstatd jdk.localedata jdk.management.jfr jdk.naming.dns jdk.naming.rmi jdk.net jdk.nio.mapmode jdk.sctp jdk.security.auth jdk.security.jgss jdk.unsupported jdk.unsupported.desktop jdk.xml.dom" 
OS_ARCH="x86_64" 
OS_NAME="Windows" 
SOURCE=".:git:8fcde8268d22 open:git:fcc00fc4aee7" 

Environment Variables:
JAVA_HOME=C:\Users\Lenovo\Desktop\lmdrasaaa\php\oracleJdk-26
PATH=C:\Program Files\Common Files\Oracle\Java\javapath;C:\Program Files\nodejs\;C:\Program Files\Git\cmd;C:\WINDOWS\system32;C:\WINDOWS;C:\WINDOWS\System32\Wbem;C:\WINDOWS\System32\WindowsPowerShell\v1.0\;C:\WINDOWS\System32\OpenSSH\;C:\Program Files\Docker\Docker\resources\bin;C:\Program Files\Microsoft SQL Server\170\Tools\Binn\;C:\Program Files\Microsoft SQL Server\Client SDK\ODBC\170\Tools\Binn\;C:\Program Files\Mullvad VPN\resources;C:\Program Files\dotnet\;C:\Users\Lenovo\AppData\Local\Microsoft\WindowsApps;C:\Users\Lenovo\AppData\Local\Programs\Microsoft VS Code\bin;C:\Users\Lenovo\AppData\Roaming\npm;C:\Program Files\JetBrains\PhpStorm 2026.1.3\bin;C:\Users\Lenovo\AppData\Local\Programs\mongosh\;C:\Users\Lenovo\.dotnet\tools;C:\Users\Lenovo\AppData\Local\Gource\cmd;C:\Users\Lenovo\AppData\Local\GitHubDesktop\bin
USERNAME=Lenovo
OS=Windows_NT
PROCESSOR_IDENTIFIER=AMD64 Family 23 Model 104 Stepping 1, AuthenticAMD
TMP=C:\Users\Lenovo\AppData\Local\Temp
TEMP=C:\Users\Lenovo\AppData\Local\Temp




Compilation memory statistics disabled.

Periodic native trim disabled

---------------  S Y S T E M  ---------------

OS:
 Windows 11 , 64 bit Build 26100 (10.0.26100.8875)
OS uptime: 0 days 3:11 hours
Hyper-V role detected

CPU: total 12 (initial active 12) (6 cores per cpu, 2 threads per core) family 23 model 104 stepping 1 microcode 0x8608103, cx8, cmov, fxsr, ht, mmx, 3dnowpref, sse, sse2, sse3, ssse3, sse4a, sse4.1, sse4.2, popcnt, lzcnt, tsc, tscinvbit, avx, avx2, aes, clmul, bmi1, bmi2, adx, sha, fma, vzeroupper, clflush, clflushopt, clwb, hv, rdtscp, rdpid, f16c
Processor Information for the first 12 processors :
  Max Mhz: 2100, Current Mhz: 2100, Mhz Limit: 2100

Memory: 4k page, system-wide physical 15178M (4617M free)
TotalPageFile size 15178M (AvailPageFile size 77M)
current process WorkingSet (physical memory assigned to process): 79M, peak: 82M
current process commit charge ("private bytes"): 121M, peak: 133M

vm_info: Java HotSpot(TM) 64-Bit Server VM (26.0.1+8-34) for windows-amd64 JRE (26.0.1+8-34), built on 2026-03-10T17:24:10Z with MS VC++ 17.13 (VS2022)

END.
