#
# There is insufficient memory for the Java Runtime Environment to continue.
# Native memory allocation (malloc) failed to allocate 1048576 bytes. Error detail: AllocateHeap
# Possible reasons:
#   The system is out of physical RAM or swap space
#   This process is running with CompressedOops enabled, and the Java Heap may be blocking the growth of the native heap
# Possible solutions:
#   Reduce memory load on the system
#   Increase physical memory or swap space
#   Check if swap backing store is full
#   Decrease Java heap size (-Xmx/-Xms)
#   Decrease number of Java threads
#   Decrease Java thread stack sizes (-Xss)
#   Set larger code cache with -XX:ReservedCodeCacheSize=
#   JVM is running with Zero Based Compressed Oops mode in which the Java heap is
#     placed in the first 32GB address space. The Java Heap base address is the
#     maximum limit for the native heap growth. Please use -XX:HeapBaseMinAddress
#     to set the Java Heap base and to place the Java Heap above 32GB virtual address.
# This output file may be truncated or incomplete.
#
#  Out of Memory Error (allocation.cpp:44), pid=3472, tid=23252
#
# JRE version: OpenJDK Runtime Environment Temurin-21.0.11+10 (21.0.11+10) (build 21.0.11+10-LTS)
# Java VM: OpenJDK 64-Bit Server VM Temurin-21.0.11+10 (21.0.11+10-LTS, mixed mode, sharing, tiered, compressed oops, compressed class ptrs, parallel gc, windows-amd64)
# No core dump will be written. Minidumps are not enabled by default on client versions of Windows
#

---------------  S U M M A R Y ------------

Command Line: --add-modules=ALL-SYSTEM --add-opens=java.base/java.util=ALL-UNNAMED --add-opens=java.base/java.lang=ALL-UNNAMED --add-opens=java.base/sun.nio.fs=ALL-UNNAMED -Declipse.application=org.eclipse.jdt.ls.core.id1 -Dosgi.bundles.defaultStartLevel=4 -Declipse.product=org.eclipse.jdt.ls.core.product -Djava.import.generatesMetadataFilesAtProjectRoot=false -DDetectVMInstallationsJob.disabled=true -Dfile.encoding=utf8 -XX:+UseParallelGC -XX:GCTimeRatio=4 -XX:AdaptiveSizePolicyWeight=90 -Dsun.zip.disableMemoryMapping=true -Xmx4G -Xms100m -Xlog:disable -javaagent:c:\Users\Lenovo\.vscode\extensions\redhat.java-1.55.0-win32-x64\lombok\lombok-1.18.39-4050.jar -XX:+HeapDumpOnOutOfMemoryError -XX:HeapDumpPath=c:\Users\Lenovo\AppData\Roaming\Code\User\workspaceStorage\eb1923ee63e7e26d040958249cb321ab\redhat.java -Daether.dependencyCollector.impl=bf c:\Users\Lenovo\.vscode\extensions\redhat.java-1.55.0-win32-x64\server\plugins\org.eclipse.equinox.launcher_1.7.200.v20260619-2039.jar -configuration c:\Users\Lenovo\AppData\Roaming\Code\User\globalStorage\redhat.java\1.55.0\config_win -data c:\Users\Lenovo\AppData\Roaming\Code\User\workspaceStorage\eb1923ee63e7e26d040958249cb321ab\redhat.java\jdt_ws --pipe=\\.\pipe\lsp-72c004f9f4752f06040c21adb3386f38-sock

Host: AMD Ryzen 5 5500U with Radeon Graphics         , 12 cores, 14G,  Windows 11 , 64 bit Build 26100 (10.0.26100.8875)
Time: Mon Jul 27 17:50:00 2026 elapsed time: 952.990306 seconds (0d 0h 15m 52s)

---------------  T H R E A D  ---------------

Current thread (0x000001c27a0edb40):  JavaThread "Attach Listener" daemon [_thread_in_vm, id=23252, stack(0x0000009742600000,0x0000009742700000) (1024K)]

Stack: [0x0000009742600000,0x0000009742700000]
Native frames: (J=compiled Java code, j=interpreted, Vv=VM code, C=native code)
V  [jvm.dll+0x6d7e19]
V  [jvm.dll+0x8b5096]
V  [jvm.dll+0x8b764e]
V  [jvm.dll+0x8b7d33]
V  [jvm.dll+0x284596]
V  [jvm.dll+0xc13c7]
V  [jvm.dll+0x6d86c9]
V  [jvm.dll+0x133616]
V  [jvm.dll+0x3f868e]
V  [jvm.dll+0x85fb0d]
V  [jvm.dll+0x6d664d]
C  [ucrtbase.dll+0x2cd30]
C  [KERNEL32.DLL+0x2e957]
C  [ntdll.dll+0xaad6c]


---------------  P R O C E S S  ---------------

Threads class SMR info:
_java_thread_list=0x000001c25ca6a130, length=61, elements={
0x000001c275cff6d0, 0x000001c27a0e67b0, 0x000001c27a0e8bf0, 0x000001c27a0ed2d0,
0x000001c27a0edb40, 0x000001c27a0ee5a0, 0x000001c27b5573b0, 0x000001c27b557ec0,
0x000001c27b578960, 0x000001c27b762e20, 0x000001c27b8b7dd0, 0x000001c27ccd7860,
0x000001c27cfda4d0, 0x000001c27ccfd190, 0x000001c27ccfd800, 0x000001c27d4c3da0,
0x000001c27d4fb590, 0x000001c27d4902d0, 0x000001c27b6bea30, 0x000001c27b6bcff0,
0x000001c27b6bd680, 0x000001c27b6bf0c0, 0x000001c27b6c0470, 0x000001c25ccc8530,
0x000001c25ccc7810, 0x000001c25ccc7ea0, 0x000001c25ccc8bc0, 0x000001c25ccc5740,
0x000001c25ccc5dd0, 0x000001c25ccc6af0, 0x000001c25ccc7180, 0x000001c25ccc9250,
0x000001c25ccc98e0, 0x000001c25ccc6460, 0x000001c25cccc040, 0x000001c25ccc9f70,
0x000001c25cccac90, 0x000001c25c1ce720, 0x000001c25c1cedb0, 0x000001c25c1cf440,
0x000001c25c1cda00, 0x000001c25c1cfad0, 0x000001c25c1ccce0, 0x000001c25c1d07f0,
0x000001c25c1d0e80, 0x000001c25c1ce090, 0x000001c25c1d2f50, 0x000001c25c1d2230,
0x000001c25c1d35e0, 0x000001c27d74ee80, 0x000001c27cf53880, 0x000001c27cf57390,
0x000001c27cf53f10, 0x000001c25c0894d0, 0x000001c25c0887b0, 0x000001c25c086050,
0x000001c25c08c950, 0x000001c25c08a880, 0x000001c25c089b60, 0x000001c25c08d670,
0x000001c25c1d0160
}

Java Threads: ( => current thread )
  0x000001c275cff6d0 JavaThread "main"                              [_thread_blocked, id=8776, stack(0x0000009741f00000,0x0000009742000000) (1024K)]
  0x000001c27a0e67b0 JavaThread "Reference Handler"          daemon [_thread_blocked, id=23280, stack(0x0000009742300000,0x0000009742400000) (1024K)]
  0x000001c27a0e8bf0 JavaThread "Finalizer"                  daemon [_thread_blocked, id=7236, stack(0x0000009742400000,0x0000009742500000) (1024K)]
  0x000001c27a0ed2d0 JavaThread "Signal Dispatcher"          daemon [_thread_blocked, id=14808, stack(0x0000009742500000,0x0000009742600000) (1024K)]
=>0x000001c27a0edb40 JavaThread "Attach Listener"            daemon [_thread_in_vm, id=23252, stack(0x0000009742600000,0x0000009742700000) (1024K)]
  0x000001c27a0ee5a0 JavaThread "Service Thread"             daemon [_thread_blocked, id=10276, stack(0x0000009742700000,0x0000009742800000) (1024K)]
  0x000001c27b5573b0 JavaThread "Monitor Deflation Thread"   daemon [_thread_blocked, id=21496, stack(0x0000009742800000,0x0000009742900000) (1024K)]
  0x000001c27b557ec0 JavaThread "C2 CompilerThread0"         daemon [_thread_blocked, id=14728, stack(0x0000009742900000,0x0000009742a00000) (1024K)]
  0x000001c27b578960 JavaThread "C1 CompilerThread0"         daemon [_thread_blocked, id=21956, stack(0x0000009742a00000,0x0000009742b00000) (1024K)]
  0x000001c27b762e20 JavaThread "Common-Cleaner"             daemon [_thread_blocked, id=3716, stack(0x0000009742b00000,0x0000009742c00000) (1024K)]
  0x000001c27b8b7dd0 JavaThread "Notification Thread"        daemon [_thread_blocked, id=14472, stack(0x0000009742d00000,0x0000009742e00000) (1024K)]
  0x000001c27ccd7860 JavaThread "Active Thread: Equinox Container: 98fc2ba7-1cb1-4d6c-b59c-2fcaeb863822"        [_thread_blocked, id=10404, stack(0x0000009743500000,0x0000009743600000) (1024K)]
  0x000001c27cfda4d0 JavaThread "Refresh Thread: Equinox Container: 98fc2ba7-1cb1-4d6c-b59c-2fcaeb863822" daemon [_thread_blocked, id=22868, stack(0x0000009743700000,0x0000009743800000) (1024K)]
  0x000001c27ccfd190 JavaThread "Framework Event Dispatcher: Equinox Container: 98fc2ba7-1cb1-4d6c-b59c-2fcaeb863822" daemon [_thread_blocked, id=12140, stack(0x0000009743800000,0x0000009743900000) (1024K)]
  0x000001c27ccfd800 JavaThread "Start Level: Equinox Container: 98fc2ba7-1cb1-4d6c-b59c-2fcaeb863822" daemon [_thread_blocked, id=25284, stack(0x0000009743900000,0x0000009743a00000) (1024K)]
  0x000001c27d4c3da0 JavaThread "Bundle File Closer"         daemon [_thread_blocked, id=8904, stack(0x0000009743c00000,0x0000009743d00000) (1024K)]
  0x000001c27d4fb590 JavaThread "SCR Component Actor"        daemon [_thread_blocked, id=5824, stack(0x0000009742c00000,0x0000009742d00000) (1024K)]
  0x000001c27d4902d0 JavaThread "Worker-JM"                         [_thread_blocked, id=9904, stack(0x0000009743e00000,0x0000009743f00000) (1024K)]
  0x000001c27b6bea30 JavaThread "JNA Cleaner"                daemon [_thread_blocked, id=2288, stack(0x0000009742e00000,0x0000009742f00000) (1024K)]
  0x000001c27b6bcff0 JavaThread "Java indexing"              daemon [_thread_blocked, id=9664, stack(0x0000009744300000,0x0000009744400000) (1024K)]
  0x000001c27b6bd680 JavaThread "Worker-3"                          [_thread_blocked, id=14372, stack(0x0000009744600000,0x0000009744700000) (1024K)]
  0x000001c27b6bf0c0 JavaThread "Thread-1"                   daemon [_thread_in_native, id=22016, stack(0x0000009744800000,0x0000009744900000) (1024K)]
  0x000001c27b6c0470 JavaThread "Thread-2"                   daemon [_thread_in_native, id=11804, stack(0x0000009744900000,0x0000009744a00000) (1024K)]
  0x000001c25ccc8530 JavaThread "Thread-3"                   daemon [_thread_in_native, id=18180, stack(0x0000009744a00000,0x0000009744b00000) (1024K)]
  0x000001c25ccc7810 JavaThread "Thread-4"                   daemon [_thread_in_native, id=20288, stack(0x0000009744b00000,0x0000009744c00000) (1024K)]
  0x000001c25ccc7ea0 JavaThread "Thread-5"                   daemon [_thread_in_native, id=5760, stack(0x0000009744c00000,0x0000009744d00000) (1024K)]
  0x000001c25ccc8bc0 JavaThread "Thread-6"                   daemon [_thread_in_native, id=23056, stack(0x0000009744d00000,0x0000009744e00000) (1024K)]
  0x000001c25ccc5740 JavaThread "Thread-7"                   daemon [_thread_in_native, id=25004, stack(0x0000009744e00000,0x0000009744f00000) (1024K)]
  0x000001c25ccc5dd0 JavaThread "Thread-8"                   daemon [_thread_in_native, id=2360, stack(0x0000009744f00000,0x0000009745000000) (1024K)]
  0x000001c25ccc6af0 JavaThread "Thread-9"                   daemon [_thread_in_native, id=25060, stack(0x0000009745000000,0x0000009745100000) (1024K)]
  0x000001c25ccc7180 JavaThread "Thread-10"                  daemon [_thread_in_native, id=20608, stack(0x0000009745100000,0x0000009745200000) (1024K)]
  0x000001c25ccc9250 JavaThread "Thread-11"                  daemon [_thread_in_native, id=24368, stack(0x0000009745200000,0x0000009745300000) (1024K)]
  0x000001c25ccc98e0 JavaThread "Thread-12"                  daemon [_thread_in_native, id=23216, stack(0x0000009745300000,0x0000009745400000) (1024K)]
  0x000001c25ccc6460 JavaThread "Thread-13"                  daemon [_thread_in_native, id=22500, stack(0x0000009745400000,0x0000009745500000) (1024K)]
  0x000001c25cccc040 JavaThread "pool-2-thread-1"                   [_thread_blocked, id=2956, stack(0x0000009745500000,0x0000009745600000) (1024K)]
  0x000001c25ccc9f70 JavaThread "WorkspaceEventsHandler"            [_thread_blocked, id=19264, stack(0x0000009745700000,0x0000009745800000) (1024K)]
  0x000001c25cccac90 JavaThread "pool-1-thread-1"                   [_thread_blocked, id=2184, stack(0x0000009745800000,0x0000009745900000) (1024K)]
  0x000001c25c1ce720 JavaThread "ForkJoinPool.commonPool-worker-3" daemon [_thread_blocked, id=24064, stack(0x0000009745c00000,0x0000009745d00000) (1024K)]
  0x000001c25c1cedb0 JavaThread "PatternSearchJob-worker-1"  daemon [_thread_blocked, id=25164, stack(0x0000009745f00000,0x0000009746000000) (1024K)]
  0x000001c25c1cf440 JavaThread "PatternSearchJob-worker-2"  daemon [_thread_blocked, id=24600, stack(0x0000009746000000,0x0000009746100000) (1024K)]
  0x000001c25c1cda00 JavaThread "PatternSearchJob-worker-3"  daemon [_thread_blocked, id=21888, stack(0x0000009746100000,0x0000009746200000) (1024K)]
  0x000001c25c1cfad0 JavaThread "PatternSearchJob-worker-4"  daemon [_thread_blocked, id=20732, stack(0x0000009746200000,0x0000009746300000) (1024K)]
  0x000001c25c1ccce0 JavaThread "PatternSearchJob-worker-5"  daemon [_thread_blocked, id=5292, stack(0x0000009746300000,0x0000009746400000) (1024K)]
  0x000001c25c1d07f0 JavaThread "PatternSearchJob-worker-6"  daemon [_thread_blocked, id=10728, stack(0x0000009746400000,0x0000009746500000) (1024K)]
  0x000001c25c1d0e80 JavaThread "PatternSearchJob-worker-7"  daemon [_thread_blocked, id=6312, stack(0x0000009746500000,0x0000009746600000) (1024K)]
  0x000001c25c1ce090 JavaThread "PatternSearchJob-worker-9"  daemon [_thread_blocked, id=23168, stack(0x0000009746700000,0x0000009746800000) (1024K)]
  0x000001c25c1d2f50 JavaThread "PatternSearchJob-worker-10" daemon [_thread_blocked, id=24420, stack(0x0000009746800000,0x0000009746900000) (1024K)]
  0x000001c25c1d2230 JavaThread "PatternSearchJob-worker-11" daemon [_thread_blocked, id=19724, stack(0x0000009746900000,0x0000009746a00000) (1024K)]
  0x000001c25c1d35e0 JavaThread "ForkJoinPool.commonPool-worker-8" daemon [_thread_blocked, id=20152, stack(0x0000009746c00000,0x0000009746d00000) (1024K)]
  0x000001c27d74ee80 JavaThread "Cleaner-0"                  daemon [_thread_blocked, id=20760, stack(0x0000009746f00000,0x0000009747000000) (1024K)]
  0x000001c27cf53880 JavaThread "PatternSearchJob-worker-12" daemon [_thread_blocked, id=11064, stack(0x0000009741d00000,0x0000009741e00000) (1024K)]
  0x000001c27cf57390 JavaThread "Compiler Source File Reader" daemon [_thread_blocked, id=14332, stack(0x0000009741e00000,0x0000009741f00000) (1024K)]
  0x000001c27cf53f10 JavaThread "Worker-6"                          [_thread_blocked, id=11388, stack(0x0000009743f00000,0x0000009744000000) (1024K)]
  0x000001c25c0894d0 JavaThread "ForkJoinPool.commonPool-worker-11" daemon [_thread_blocked, id=22008, stack(0x0000009744000000,0x0000009744100000) (1024K)]
  0x000001c25c0887b0 JavaThread "Compiler Source File Reader" daemon [_thread_blocked, id=4340, stack(0x0000009744100000,0x0000009744200000) (1024K)]
  0x000001c25c086050 JavaThread "Compiler Source File Reader" daemon [_thread_blocked, id=23184, stack(0x0000009744400000,0x0000009744500000) (1024K)]
  0x000001c25c08c950 JavaThread "Compiler Source File Reader" daemon [_thread_blocked, id=16072, stack(0x0000009744500000,0x0000009744600000) (1024K)]
  0x000001c25c08a880 JavaThread "Compiler Source File Reader" daemon [_thread_blocked, id=17596, stack(0x0000009741c00000,0x0000009741d00000) (1024K)]
  0x000001c25c089b60 JavaThread "Compiler Processing Task"   daemon [_thread_blocked, id=10348, stack(0x0000009743d00000,0x0000009743e00000) (1024K)]
  0x000001c25c08d670 JavaThread "Worker-7"                          [_thread_blocked, id=22336, stack(0x0000009744200000,0x0000009744300000) (1024K)]
  0x000001c25c1d0160 JavaThread "Compiler Source File Reader" daemon [_thread_blocked, id=22064, stack(0x0000009744700000,0x0000009744800000) (1024K)]
Total: 61

Other Threads:
  0x000001c27b550090 VMThread "VM Thread"                           [id=19244, stack(0x0000009742200000,0x0000009742300000) (1024K)]
  0x000001c279fcba00 WatcherThread "VM Periodic Task Thread"        [id=16700, stack(0x0000009742100000,0x0000009742200000) (1024K)]
  0x000001c275d15690 WorkerThread "GC Thread#0"                     [id=16468, stack(0x0000009742000000,0x0000009742100000) (1024K)]
  0x000001c27ca6eb20 WorkerThread "GC Thread#1"                     [id=15280, stack(0x0000009742f00000,0x0000009743000000) (1024K)]
  0x000001c27ca7b220 WorkerThread "GC Thread#2"                     [id=12696, stack(0x0000009743000000,0x0000009743100000) (1024K)]
  0x000001c27ca7b5d0 WorkerThread "GC Thread#3"                     [id=10216, stack(0x0000009743100000,0x0000009743200000) (1024K)]
  0x000001c27ca297d0 WorkerThread "GC Thread#4"                     [id=19524, stack(0x0000009743200000,0x0000009743300000) (1024K)]
  0x000001c27ca29b80 WorkerThread "GC Thread#5"                     [id=11136, stack(0x0000009743300000,0x0000009743400000) (1024K)]
  0x000001c27ca2a740 WorkerThread "GC Thread#6"                     [id=25480, stack(0x0000009743400000,0x0000009743500000) (1024K)]
  0x000001c27c805f50 WorkerThread "GC Thread#7"                     [id=9864, stack(0x0000009743600000,0x0000009743700000) (1024K)]
  0x000001c27cfaa5a0 WorkerThread "GC Thread#8"                     [id=9632, stack(0x0000009743a00000,0x0000009743b00000) (1024K)]
  0x000001c27cd8c690 WorkerThread "GC Thread#9"                     [id=23220, stack(0x0000009743b00000,0x0000009743c00000) (1024K)]
Total: 12

Threads with active compile tasks:
Total: 0

VM state: not at safepoint (normal execution)

VM Mutex/Monitor currently owned by a thread: None

Heap address: 0x0000000700000000, size: 4096 MB, Compressed Oops mode: Zero based, Oop shift amount: 3

CDS archive(s) mapped at: [0x000001c217000000-0x000001c217ba0000-0x000001c217ba0000), size 12189696, SharedBaseAddress: 0x000001c217000000, ArchiveRelocationMode: 1.
Compressed class space mapped at: 0x000001c218000000-0x000001c258000000, reserved size: 1073741824
Narrow klass base: 0x000001c217000000, Narrow klass shift: 0, Narrow klass range: 0x100000000

GC Precious Log:
 CardTable entry size: 512
 CPUs: 12 total, 12 available
 Memory: 15178M
 Large Page Support: Disabled
 NUMA Support: Disabled
 Compressed Oops: Enabled (Zero based)
 Alignments: Space 512K, Generation 512K, Heap 2M
 Heap Min Capacity: 100M
 Heap Initial Capacity: 100M
 Heap Max Capacity: 4G
 Pre-touch: Disabled
 Parallel Workers: 10

Heap:
 PSYoungGen      total 3584K, used 1234K [0x00000007aab00000, 0x00000007ab180000, 0x0000000800000000)
  eden space 3072K, 30% used [0x00000007aab00000,0x00000007aabec8c0,0x00000007aae00000)
  from space 512K, 56% used [0x00000007ab100000,0x00000007ab148000,0x00000007ab180000)
  to   space 512K, 0% used [0x00000007ab080000,0x00000007ab080000,0x00000007ab100000)
 ParOldGen       total 2418688K, used 545016K [0x0000000700000000, 0x0000000793a00000, 0x00000007aab00000)
  object space 2418688K, 22% used [0x0000000700000000,0x000000072143e398,0x0000000793a00000)
 Metaspace       used 88525K, committed 90304K, reserved 1179648K
  class space    used 9067K, committed 9920K, reserved 1048576K

Card table byte_map: [0x000001c278ee0000,0x000001c2796f0000] _byte_map_base: 0x000001c2756e0000

Marking Bits: (ParMarkBitMap*) 0x00007ff9299c4460
 Begin Bits: [0x000001c20f000000, 0x000001c213000000)
 End Bits:   [0x000001c213000000, 0x000001c217000000)

Polling page: 0x000001c273ce0000

Metaspace:

Usage:
  Non-class:     77.60 MB used.
      Class:      8.86 MB used.
       Both:     86.45 MB used.

Virtual space:
  Non-class space:      128.00 MB reserved,      78.50 MB ( 61%) committed,  2 nodes.
      Class space:        1.00 GB reserved,       9.69 MB ( <1%) committed,  1 nodes.
             Both:        1.12 GB reserved,      88.19 MB (  8%) committed. 

Chunk freelists:
   Non-Class:  1.19 MB
       Class:  6.23 MB
        Both:  7.42 MB

MaxMetaspaceSize: unlimited
CompressedClassSpaceSize: 1.00 GB
Initial GC threshold: 21.00 MB
Current GC threshold: 146.25 MB
CDS: on
 - commit_granule_bytes: 65536.
 - commit_granule_words: 8192.
 - virtual_space_node_default_size: 8388608.
 - enlarge_chunks_in_place: 1.
 - use_allocation_guard: 0.


Internal statistics:

num_allocs_failed_limit: 9.
num_arena_births: 1748.
num_arena_deaths: 108.
num_vsnodes_births: 3.
num_vsnodes_deaths: 0.
num_space_committed: 1411.
num_space_uncommitted: 0.
num_chunks_returned_to_freelist: 159.
num_chunks_taken_from_freelist: 6279.
num_chunk_merges: 51.
num_chunk_splits: 3673.
num_chunks_enlarged: 1842.
num_inconsistent_stats: 0.

CodeHeap 'non-profiled nmethods': size=120000Kb used=19750Kb max_used=19750Kb free=100249Kb
 bounds [0x000001c207ad0000, 0x000001c208e20000, 0x000001c20f000000]
CodeHeap 'profiled nmethods': size=120000Kb used=43751Kb max_used=43751Kb free=76248Kb
 bounds [0x000001c200000000, 0x000001c202ac0000, 0x000001c207530000]
CodeHeap 'non-nmethods': size=5760Kb used=1511Kb max_used=1599Kb free=4248Kb
 bounds [0x000001c207530000, 0x000001c2077a0000, 0x000001c207ad0000]
CodeCache: size=245760Kb, used=65012Kb, max_used=65100Kb, free=180745Kb
 total_blobs=19179, nmethods=18352, adapters=729, full_count=0
Compilation: enabled, stopped_count=0, restarted_count=0

Compilation events (20 events):
Event: 947.971 Thread 0x000001c27b578960 22961       3       org.eclipse.jdt.internal.corext.dom.HierarchicalASTVisitor::endVisit (6 bytes)
Event: 947.971 Thread 0x000001c27b578960 nmethod 22961 0x000001c202ab5a10 code [0x000001c202ab5bc0, 0x000001c202ab5da0]
Event: 947.972 Thread 0x000001c27b578960 22962       3       org.eclipse.jdt.internal.corext.refactoring.code.flow.InputFlowAnalyzer::endVisit (6 bytes)
Event: 947.972 Thread 0x000001c27b578960 nmethod 22962 0x000001c202ab5e90 code [0x000001c202ab6040, 0x000001c202ab6180]
Event: 947.972 Thread 0x000001c27b578960 22963       3       org.eclipse.jdt.internal.corext.refactoring.code.flow.FlowAnalyzer::endVisit (79 bytes)
Event: 947.973 Thread 0x000001c27b578960 nmethod 22963 0x000001c202ab6210 code [0x000001c202ab64a0, 0x000001c202ab7330]
Event: 947.977 Thread 0x000001c27b578960 22964   !   3       java.lang.ref.ReferenceQueue::remove (61 bytes)
Event: 947.978 Thread 0x000001c27b578960 nmethod 22964 0x000001c202ab7790 code [0x000001c202ab7a20, 0x000001c202ab85d0]
Event: 947.978 Thread 0x000001c27b578960 22965       3       java.lang.ref.ReferenceQueue::remove0 (64 bytes)
Event: 947.978 Thread 0x000001c27b578960 nmethod 22965 0x000001c202ab8990 code [0x000001c202ab8ba0, 0x000001c202ab9020]
Event: 949.813 Thread 0x000001c27b557ec0 22966       4       org.eclipse.core.runtime.SubMonitor::newChild (194 bytes)
Event: 949.821 Thread 0x000001c27b557ec0 nmethod 22966 0x000001c208e13f90 code [0x000001c208e14160, 0x000001c208e146a8]
Event: 950.873 Thread 0x000001c27b578960 22967       3       org.eclipse.jdt.internal.corext.refactoring.Checks::checkExpressionIsRValue (82 bytes)
Event: 950.874 Thread 0x000001c27b557ec0 22968       4       org.eclipse.jdt.core.dom.VariableBinding::getModifiers (37 bytes)
Event: 950.874 Thread 0x000001c27b578960 nmethod 22967 0x000001c202ab9190 code [0x000001c202ab9420, 0x000001c202ab9fe8]
Event: 950.875 Thread 0x000001c27b557ec0 nmethod 22968 0x000001c208e14a10 code [0x000001c208e14ba0, 0x000001c208e14ca0]
Event: 950.875 Thread 0x000001c27b557ec0 22969       4       org.eclipse.jdt.core.dom.CompilationUnit::accept0 (64 bytes)
Event: 950.996 Thread 0x000001c27b557ec0 nmethod 22969 0x000001c208e14d90 code [0x000001c208e15240, 0x000001c208e18480]
Event: 950.997 Thread 0x000001c27b557ec0 22970       4       org.eclipse.jdt.internal.corext.dom.GenericVisitor::visit (6 bytes)
Event: 950.997 Thread 0x000001c27b557ec0 nmethod 22970 0x000001c208e19890 code [0x000001c208e19a20, 0x000001c208e19ad0]

GC Heap History (20 events):
Event: 945.312 GC heap before
{Heap before GC invocations=1442 (full 6):
 PSYoungGen      total 8704K, used 8146K [0x00000007aab00000, 0x00000007ab700000, 0x0000000800000000)
  eden space 6144K, 99% used [0x00000007aab00000,0x00000007ab0ffff8,0x00000007ab100000)
  from space 2560K, 78% used [0x00000007ab480000,0x00000007ab674970,0x00000007ab700000)
  to   space 3072K, 0% used [0x00000007ab100000,0x00000007ab100000,0x00000007ab400000)
 ParOldGen       total 2418688K, used 534777K [0x0000000700000000, 0x0000000793a00000, 0x00000007aab00000)
  object space 2418688K, 22% used [0x0000000700000000,0x0000000720a3e600,0x0000000793a00000)
 Metaspace       used 88492K, committed 90304K, reserved 1179648K
  class space    used 9067K, committed 9920K, reserved 1048576K
}
Event: 945.317 GC heap after
{Heap after GC invocations=1442 (full 6):
 PSYoungGen      total 9216K, used 1824K [0x00000007aab00000, 0x00000007ab680000, 0x0000000800000000)
  eden space 6144K, 0% used [0x00000007aab00000,0x00000007aab00000,0x00000007ab100000)
  from space 3072K, 59% used [0x00000007ab100000,0x00000007ab2c8000,0x00000007ab400000)
  to   space 2048K, 0% used [0x00000007ab480000,0x00000007ab480000,0x00000007ab680000)
 ParOldGen       total 2418688K, used 536273K [0x0000000700000000, 0x0000000793a00000, 0x00000007aab00000)
  object space 2418688K, 22% used [0x0000000700000000,0x0000000720bb4600,0x0000000793a00000)
 Metaspace       used 88492K, committed 90304K, reserved 1179648K
  class space    used 9067K, committed 9920K, reserved 1048576K
}
Event: 945.353 GC heap before
{Heap before GC invocations=1443 (full 6):
 PSYoungGen      total 9216K, used 7968K [0x00000007aab00000, 0x00000007ab680000, 0x0000000800000000)
  eden space 6144K, 100% used [0x00000007aab00000,0x00000007ab100000,0x00000007ab100000)
  from space 3072K, 59% used [0x00000007ab100000,0x00000007ab2c8000,0x00000007ab400000)
  to   space 2048K, 0% used [0x00000007ab480000,0x00000007ab480000,0x00000007ab680000)
 ParOldGen       total 2418688K, used 536273K [0x0000000700000000, 0x0000000793a00000, 0x00000007aab00000)
  object space 2418688K, 22% used [0x0000000700000000,0x0000000720bb4600,0x0000000793a00000)
 Metaspace       used 88492K, committed 90304K, reserved 1179648K
  class space    used 9067K, committed 9920K, reserved 1048576K
}
Event: 945.358 GC heap after
{Heap after GC invocations=1443 (full 6):
 PSYoungGen      total 4608K, used 2031K [0x00000007aab00000, 0x00000007ac080000, 0x0000000800000000)
  eden space 2560K, 0% used [0x00000007aab00000,0x00000007aab00000,0x00000007aad80000)
  from space 2048K, 99% used [0x00000007ab480000,0x00000007ab67bce0,0x00000007ab680000)
  to   space 7168K, 0% used [0x00000007aad80000,0x00000007aad80000,0x00000007ab480000)
 ParOldGen       total 2418688K, used 540587K [0x0000000700000000, 0x0000000793a00000, 0x00000007aab00000)
  object space 2418688K, 22% used [0x0000000700000000,0x0000000720feae00,0x0000000793a00000)
 Metaspace       used 88492K, committed 90304K, reserved 1179648K
  class space    used 9067K, committed 9920K, reserved 1048576K
}
Event: 945.399 GC heap before
{Heap before GC invocations=1444 (full 6):
 PSYoungGen      total 4608K, used 4591K [0x00000007aab00000, 0x00000007ac080000, 0x0000000800000000)
  eden space 2560K, 100% used [0x00000007aab00000,0x00000007aad80000,0x00000007aad80000)
  from space 2048K, 99% used [0x00000007ab480000,0x00000007ab67bce0,0x00000007ab680000)
  to   space 7168K, 0% used [0x00000007aad80000,0x00000007aad80000,0x00000007ab480000)
 ParOldGen       total 2418688K, used 540587K [0x0000000700000000, 0x0000000793a00000, 0x00000007aab00000)
  object space 2418688K, 22% used [0x0000000700000000,0x0000000720feae00,0x0000000793a00000)
 Metaspace       used 88492K, committed 90304K, reserved 1179648K
  class space    used 9067K, committed 9920K, reserved 1048576K
}
Event: 945.403 GC heap after
{Heap after GC invocations=1444 (full 6):
 PSYoungGen      total 4608K, used 1656K [0x00000007aab00000, 0x00000007ab500000, 0x0000000800000000)
  eden space 2560K, 0% used [0x00000007aab00000,0x00000007aab00000,0x00000007aad80000)
  from space 2048K, 80% used [0x00000007aad80000,0x00000007aaf1e3d8,0x00000007aaf80000)
  to   space 3584K, 0% used [0x00000007ab180000,0x00000007ab180000,0x00000007ab500000)
 ParOldGen       total 2418688K, used 542621K [0x0000000700000000, 0x0000000793a00000, 0x00000007aab00000)
  object space 2418688K, 22% used [0x0000000700000000,0x00000007211e7580,0x0000000793a00000)
 Metaspace       used 88492K, committed 90304K, reserved 1179648K
  class space    used 9067K, committed 9920K, reserved 1048576K
}
Event: 945.409 GC heap before
{Heap before GC invocations=1445 (full 6):
 PSYoungGen      total 4608K, used 4215K [0x00000007aab00000, 0x00000007ab500000, 0x0000000800000000)
  eden space 2560K, 99% used [0x00000007aab00000,0x00000007aad7fa10,0x00000007aad80000)
  from space 2048K, 80% used [0x00000007aad80000,0x00000007aaf1e3d8,0x00000007aaf80000)
  to   space 3584K, 0% used [0x00000007ab180000,0x00000007ab180000,0x00000007ab500000)
 ParOldGen       total 2418688K, used 542621K [0x0000000700000000, 0x0000000793a00000, 0x00000007aab00000)
  object space 2418688K, 22% used [0x0000000700000000,0x00000007211e7580,0x0000000793a00000)
 Metaspace       used 88492K, committed 90304K, reserved 1179648K
  class space    used 9067K, committed 9920K, reserved 1048576K
}
Event: 945.412 GC heap after
{Heap after GC invocations=1445 (full 6):
 PSYoungGen      total 3072K, used 352K [0x00000007aab00000, 0x00000007ab200000, 0x0000000800000000)
  eden space 2560K, 0% used [0x00000007aab00000,0x00000007aab00000,0x00000007aad80000)
  from space 512K, 68% used [0x00000007ab180000,0x00000007ab1d8000,0x00000007ab200000)
  to   space 1536K, 0% used [0x00000007aaf00000,0x00000007aaf00000,0x00000007ab080000)
 ParOldGen       total 2418688K, used 544144K [0x0000000700000000, 0x0000000793a00000, 0x00000007aab00000)
  object space 2418688K, 22% used [0x0000000700000000,0x0000000721364398,0x0000000793a00000)
 Metaspace       used 88492K, committed 90304K, reserved 1179648K
  class space    used 9067K, committed 9920K, reserved 1048576K
}
Event: 945.420 GC heap before
{Heap before GC invocations=1446 (full 6):
 PSYoungGen      total 3072K, used 2912K [0x00000007aab00000, 0x00000007ab200000, 0x0000000800000000)
  eden space 2560K, 100% used [0x00000007aab00000,0x00000007aad80000,0x00000007aad80000)
  from space 512K, 68% used [0x00000007ab180000,0x00000007ab1d8000,0x00000007ab200000)
  to   space 1536K, 0% used [0x00000007aaf00000,0x00000007aaf00000,0x00000007ab080000)
 ParOldGen       total 2418688K, used 544144K [0x0000000700000000, 0x0000000793a00000, 0x00000007aab00000)
  object space 2418688K, 22% used [0x0000000700000000,0x0000000721364398,0x0000000793a00000)
 Metaspace       used 88492K, committed 90304K, reserved 1179648K
  class space    used 9067K, committed 9920K, reserved 1048576K
}
Event: 945.422 GC heap after
{Heap after GC invocations=1446 (full 6):
 PSYoungGen      total 4608K, used 512K [0x00000007aab00000, 0x00000007ab200000, 0x0000000800000000)
  eden space 3072K, 0% used [0x00000007aab00000,0x00000007aab00000,0x00000007aae00000)
  from space 1536K, 33% used [0x00000007aaf00000,0x00000007aaf80000,0x00000007ab080000)
  to   space 1024K, 0% used [0x00000007ab100000,0x00000007ab100000,0x00000007ab200000)
 ParOldGen       total 2418688K, used 544392K [0x0000000700000000, 0x0000000793a00000, 0x00000007aab00000)
  object space 2418688K, 22% used [0x0000000700000000,0x00000007213a2398,0x0000000793a00000)
 Metaspace       used 88492K, committed 90304K, reserved 1179648K
  class space    used 9067K, committed 9920K, reserved 1048576K
}
Event: 945.614 GC heap before
{Heap before GC invocations=1447 (full 6):
 PSYoungGen      total 4608K, used 3584K [0x00000007aab00000, 0x00000007ab200000, 0x0000000800000000)
  eden space 3072K, 100% used [0x00000007aab00000,0x00000007aae00000,0x00000007aae00000)
  from space 1536K, 33% used [0x00000007aaf00000,0x00000007aaf80000,0x00000007ab080000)
  to   space 1024K, 0% used [0x00000007ab100000,0x00000007ab100000,0x00000007ab200000)
 ParOldGen       total 2418688K, used 544392K [0x0000000700000000, 0x0000000793a00000, 0x00000007aab00000)
  object space 2418688K, 22% used [0x0000000700000000,0x00000007213a2398,0x0000000793a00000)
 Metaspace       used 88492K, committed 90304K, reserved 1179648K
  class space    used 9067K, committed 9920K, reserved 1048576K
}
Event: 945.616 GC heap after
{Heap after GC invocations=1447 (full 6):
 PSYoungGen      total 3584K, used 320K [0x00000007aab00000, 0x00000007ab180000, 0x0000000800000000)
  eden space 3072K, 0% used [0x00000007aab00000,0x00000007aab00000,0x00000007aae00000)
  from space 512K, 62% used [0x00000007ab100000,0x00000007ab150000,0x00000007ab180000)
  to   space 512K, 0% used [0x00000007ab080000,0x00000007ab080000,0x00000007ab100000)
 ParOldGen       total 2418688K, used 544768K [0x0000000700000000, 0x0000000793a00000, 0x00000007aab00000)
  object space 2418688K, 22% used [0x0000000700000000,0x0000000721400398,0x0000000793a00000)
 Metaspace       used 88492K, committed 90304K, reserved 1179648K
  class space    used 9067K, committed 9920K, reserved 1048576K
}
Event: 945.861 GC heap before
{Heap before GC invocations=1448 (full 6):
 PSYoungGen      total 3584K, used 3392K [0x00000007aab00000, 0x00000007ab180000, 0x0000000800000000)
  eden space 3072K, 100% used [0x00000007aab00000,0x00000007aae00000,0x00000007aae00000)
  from space 512K, 62% used [0x00000007ab100000,0x00000007ab150000,0x00000007ab180000)
  to   space 512K, 0% used [0x00000007ab080000,0x00000007ab080000,0x00000007ab100000)
 ParOldGen       total 2418688K, used 544768K [0x0000000700000000, 0x0000000793a00000, 0x00000007aab00000)
  object space 2418688K, 22% used [0x0000000700000000,0x0000000721400398,0x0000000793a00000)
 Metaspace       used 88494K, committed 90304K, reserved 1179648K
  class space    used 9067K, committed 9920K, reserved 1048576K
}
Event: 945.862 GC heap after
{Heap after GC invocations=1448 (full 6):
 PSYoungGen      total 3584K, used 192K [0x00000007aab00000, 0x00000007ab180000, 0x0000000800000000)
  eden space 3072K, 0% used [0x00000007aab00000,0x00000007aab00000,0x00000007aae00000)
  from space 512K, 37% used [0x00000007ab080000,0x00000007ab0b0000,0x00000007ab100000)
  to   space 512K, 0% used [0x00000007ab100000,0x00000007ab100000,0x00000007ab180000)
 ParOldGen       total 2418688K, used 544960K [0x0000000700000000, 0x0000000793a00000, 0x00000007aab00000)
  object space 2418688K, 22% used [0x0000000700000000,0x0000000721430398,0x0000000793a00000)
 Metaspace       used 88494K, committed 90304K, reserved 1179648K
  class space    used 9067K, committed 9920K, reserved 1048576K
}
Event: 946.419 GC heap before
{Heap before GC invocations=1449 (full 6):
 PSYoungGen      total 3584K, used 3264K [0x00000007aab00000, 0x00000007ab180000, 0x0000000800000000)
  eden space 3072K, 100% used [0x00000007aab00000,0x00000007aae00000,0x00000007aae00000)
  from space 512K, 37% used [0x00000007ab080000,0x00000007ab0b0000,0x00000007ab100000)
  to   space 512K, 0% used [0x00000007ab100000,0x00000007ab100000,0x00000007ab180000)
 ParOldGen       total 2418688K, used 544960K [0x0000000700000000, 0x0000000793a00000, 0x00000007aab00000)
  object space 2418688K, 22% used [0x0000000700000000,0x0000000721430398,0x0000000793a00000)
 Metaspace       used 88495K, committed 90304K, reserved 1179648K
  class space    used 9067K, committed 9920K, reserved 1048576K
}
Event: 946.421 GC heap after
{Heap after GC invocations=1449 (full 6):
 PSYoungGen      total 3584K, used 224K [0x00000007aab00000, 0x00000007ab180000, 0x0000000800000000)
  eden space 3072K, 0% used [0x00000007aab00000,0x00000007aab00000,0x00000007aae00000)
  from space 512K, 43% used [0x00000007ab100000,0x00000007ab138000,0x00000007ab180000)
  to   space 512K, 0% used [0x00000007ab080000,0x00000007ab080000,0x00000007ab100000)
 ParOldGen       total 2418688K, used 544984K [0x0000000700000000, 0x0000000793a00000, 0x00000007aab00000)
  object space 2418688K, 22% used [0x0000000700000000,0x0000000721436398,0x0000000793a00000)
 Metaspace       used 88495K, committed 90304K, reserved 1179648K
  class space    used 9067K, committed 9920K, reserved 1048576K
}
Event: 947.975 GC heap before
{Heap before GC invocations=1450 (full 6):
 PSYoungGen      total 3584K, used 3296K [0x00000007aab00000, 0x00000007ab180000, 0x0000000800000000)
  eden space 3072K, 100% used [0x00000007aab00000,0x00000007aae00000,0x00000007aae00000)
  from space 512K, 43% used [0x00000007ab100000,0x00000007ab138000,0x00000007ab180000)
  to   space 512K, 0% used [0x00000007ab080000,0x00000007ab080000,0x00000007ab100000)
 ParOldGen       total 2418688K, used 544984K [0x0000000700000000, 0x0000000793a00000, 0x00000007aab00000)
  object space 2418688K, 22% used [0x0000000700000000,0x0000000721436398,0x0000000793a00000)
 Metaspace       used 88509K, committed 90304K, reserved 1179648K
  class space    used 9067K, committed 9920K, reserved 1048576K
}
Event: 947.977 GC heap after
{Heap after GC invocations=1450 (full 6):
 PSYoungGen      total 3584K, used 320K [0x00000007aab00000, 0x00000007ab180000, 0x0000000800000000)
  eden space 3072K, 0% used [0x00000007aab00000,0x00000007aab00000,0x00000007aae00000)
  from space 512K, 62% used [0x00000007ab080000,0x00000007ab0d0000,0x00000007ab100000)
  to   space 512K, 0% used [0x00000007ab100000,0x00000007ab100000,0x00000007ab180000)
 ParOldGen       total 2418688K, used 545016K [0x0000000700000000, 0x0000000793a00000, 0x00000007aab00000)
  object space 2418688K, 22% used [0x0000000700000000,0x000000072143e398,0x0000000793a00000)
 Metaspace       used 88509K, committed 90304K, reserved 1179648K
  class space    used 9067K, committed 9920K, reserved 1048576K
}
Event: 950.877 GC heap before
{Heap before GC invocations=1451 (full 6):
 PSYoungGen      total 3584K, used 3392K [0x00000007aab00000, 0x00000007ab180000, 0x0000000800000000)
  eden space 3072K, 100% used [0x00000007aab00000,0x00000007aae00000,0x00000007aae00000)
  from space 512K, 62% used [0x00000007ab080000,0x00000007ab0d0000,0x00000007ab100000)
  to   space 512K, 0% used [0x00000007ab100000,0x00000007ab100000,0x00000007ab180000)
 ParOldGen       total 2418688K, used 545016K [0x0000000700000000, 0x0000000793a00000, 0x00000007aab00000)
  object space 2418688K, 22% used [0x0000000700000000,0x000000072143e398,0x0000000793a00000)
 Metaspace       used 88525K, committed 90304K, reserved 1179648K
  class space    used 9067K, committed 9920K, reserved 1048576K
}
Event: 950.879 GC heap after
{Heap after GC invocations=1451 (full 6):
 PSYoungGen      total 3584K, used 288K [0x00000007aab00000, 0x00000007ab180000, 0x0000000800000000)
  eden space 3072K, 0% used [0x00000007aab00000,0x00000007aab00000,0x00000007aae00000)
  from space 512K, 56% used [0x00000007ab100000,0x00000007ab148000,0x00000007ab180000)
  to   space 512K, 0% used [0x00000007ab080000,0x00000007ab080000,0x00000007ab100000)
 ParOldGen       total 2418688K, used 545016K [0x0000000700000000, 0x0000000793a00000, 0x00000007aab00000)
  object space 2418688K, 22% used [0x0000000700000000,0x000000072143e398,0x0000000793a00000)
 Metaspace       used 88525K, committed 90304K, reserved 1179648K
  class space    used 9067K, committed 9920K, reserved 1048576K
}

Dll operation events (12 events):
Event: 0.022 Loaded shared library c:\Users\Lenovo\.vscode\extensions\redhat.java-1.55.0-win32-x64\jre\21.0.11-win32-x86_64\bin\java.dll
Event: 0.135 Loaded shared library c:\Users\Lenovo\.vscode\extensions\redhat.java-1.55.0-win32-x64\jre\21.0.11-win32-x86_64\bin\zip.dll
Event: 0.168 Loaded shared library C:\Users\Lenovo\.vscode\extensions\redhat.java-1.55.0-win32-x64\jre\21.0.11-win32-x86_64\bin\instrument.dll
Event: 0.177 Loaded shared library C:\Users\Lenovo\.vscode\extensions\redhat.java-1.55.0-win32-x64\jre\21.0.11-win32-x86_64\bin\net.dll
Event: 0.182 Loaded shared library C:\Users\Lenovo\.vscode\extensions\redhat.java-1.55.0-win32-x64\jre\21.0.11-win32-x86_64\bin\nio.dll
Event: 0.188 Loaded shared library C:\Users\Lenovo\.vscode\extensions\redhat.java-1.55.0-win32-x64\jre\21.0.11-win32-x86_64\bin\zip.dll
Event: 0.217 Loaded shared library C:\Users\Lenovo\.vscode\extensions\redhat.java-1.55.0-win32-x64\jre\21.0.11-win32-x86_64\bin\jimage.dll
Event: 0.363 Loaded shared library c:\Users\Lenovo\.vscode\extensions\redhat.java-1.55.0-win32-x64\jre\21.0.11-win32-x86_64\bin\verify.dll
Event: 2.233 Loaded shared library C:\Users\Lenovo\AppData\Roaming\Code\User\globalStorage\redhat.java\1.55.0\config_win\org.eclipse.equinox.launcher\org.eclipse.equinox.launcher.win32.win32.x86_64_1.3.100.v20260613-0559\eclipse_11924.dll
Event: 6.045 Loaded shared library C:\Users\Lenovo\AppData\Local\Temp\jna--2022488749\jna6657367027145834197.dll
Event: 9.815 Loaded shared library C:\Users\Lenovo\.vscode\extensions\redhat.java-1.55.0-win32-x64\jre\21.0.11-win32-x86_64\bin\sunmscapi.dll
Event: 10.212 Loaded shared library C:\Users\Lenovo\.vscode\extensions\redhat.java-1.55.0-win32-x64\jre\21.0.11-win32-x86_64\bin\extnet.dll

Deoptimization events (20 events):
Event: 901.790 Thread 0x000001c25c0894d0 DEOPT PACKING pc=0x000001c208d85550 sp=0x00000097440fe730
Event: 901.790 Thread 0x000001c25c0894d0 DEOPT UNPACKING pc=0x000001c207583aa2 sp=0x00000097440fe6d8 mode 2
Event: 907.314 Thread 0x000001c25c0894d0 Uncommon trap: trap_request=0xffffff45 fr.pc=0x000001c208d143bc relative=0x00000000000003fc
Event: 907.314 Thread 0x000001c25c0894d0 Uncommon trap: reason=unstable_if action=reinterpret pc=0x000001c208d143bc method=org.eclipse.jdt.core.compiler.CharOperation.concat([C[CC)[C @ 7 c2
Event: 907.314 Thread 0x000001c25c0894d0 DEOPT PACKING pc=0x000001c208d143bc sp=0x00000097440fe8b0
Event: 907.314 Thread 0x000001c25c0894d0 DEOPT UNPACKING pc=0x000001c207583aa2 sp=0x00000097440fe888 mode 2
Event: 908.325 Thread 0x000001c25c0894d0 DEOPT PACKING pc=0x000001c20288e523 sp=0x00000097440fe710
Event: 908.325 Thread 0x000001c25c0894d0 DEOPT UNPACKING pc=0x000001c207584242 sp=0x00000097440fdc20 mode 0
Event: 940.974 Thread 0x000001c25cccac90 DEOPT PACKING pc=0x000001c2029b3a41 sp=0x00000097458fdf20
Event: 940.974 Thread 0x000001c25cccac90 DEOPT UNPACKING pc=0x000001c207584242 sp=0x00000097458fd458 mode 0
Event: 941.062 Thread 0x000001c25c0894d0 DEOPT PACKING pc=0x000001c202973aa6 sp=0x00000097440fcaa0
Event: 941.062 Thread 0x000001c25c0894d0 DEOPT UNPACKING pc=0x000001c207584242 sp=0x00000097440fc0b0 mode 0
Event: 941.064 Thread 0x000001c25c0894d0 Uncommon trap: trap_request=0xffffff45 fr.pc=0x000001c208b19560 relative=0x00000000000012c0
Event: 941.064 Thread 0x000001c25c0894d0 Uncommon trap: reason=unstable_if action=reinterpret pc=0x000001c208b19560 method=org.eclipse.jdt.internal.compiler.codegen.ConstantPool.literalIndexForNameAndType([C[C)I @ 74 c2
Event: 941.064 Thread 0x000001c25c0894d0 DEOPT PACKING pc=0x000001c208b19560 sp=0x00000097440fdd40
Event: 941.064 Thread 0x000001c25c0894d0 DEOPT UNPACKING pc=0x000001c207583aa2 sp=0x00000097440fdce8 mode 2
Event: 943.944 Thread 0x000001c25cccac90 DEOPT PACKING pc=0x000001c2029687da sp=0x00000097458fdc50
Event: 943.945 Thread 0x000001c25cccac90 DEOPT UNPACKING pc=0x000001c207584242 sp=0x00000097458fd170 mode 0
Event: 943.985 Thread 0x000001c25c1d35e0 DEOPT PACKING pc=0x000001c2029b3a41 sp=0x0000009746cfe060
Event: 943.986 Thread 0x000001c25c1d35e0 DEOPT UNPACKING pc=0x000001c207584242 sp=0x0000009746cfd590 mode 0

Classes loaded (20 events):
Event: 346.717 Loading class java/io/ObjectOutputStream$BlockDataOutputStream
Event: 346.717 Loading class java/io/ObjectOutputStream$BlockDataOutputStream done
Event: 346.717 Loading class java/io/ObjectOutputStream$HandleTable
Event: 346.717 Loading class java/io/ObjectOutputStream$HandleTable done
Event: 346.717 Loading class java/io/ObjectOutputStream$ReplaceTable
Event: 346.717 Loading class java/io/ObjectOutputStream$ReplaceTable done
Event: 423.736 Loading class java/nio/channels/CompletionHandler
Event: 423.736 Loading class java/nio/channels/CompletionHandler done
Event: 853.255 Loading class jdk/internal/module/IllegalAccessLogger
Event: 853.255 Loading class jdk/internal/module/IllegalAccessLogger done
Event: 866.546 Loading class jdk/internal/module/IllegalAccessLogger
Event: 866.546 Loading class jdk/internal/module/IllegalAccessLogger done
Event: 871.051 Loading class jdk/internal/module/IllegalAccessLogger
Event: 871.051 Loading class jdk/internal/module/IllegalAccessLogger done
Event: 874.214 Loading class jdk/internal/module/IllegalAccessLogger
Event: 874.214 Loading class jdk/internal/module/IllegalAccessLogger done
Event: 942.352 Loading class jdk/internal/module/IllegalAccessLogger
Event: 942.352 Loading class jdk/internal/module/IllegalAccessLogger done
Event: 945.247 Loading class jdk/internal/module/IllegalAccessLogger
Event: 945.247 Loading class jdk/internal/module/IllegalAccessLogger done

Classes unloaded (20 events):
Event: 61.475 Thread 0x000001c27b550090 Unloading class 0x000001c2187b8c00 'java/lang/invoke/LambdaForm$MH+0x000001c2187b8c00'
Event: 61.475 Thread 0x000001c27b550090 Unloading class 0x000001c2187b3000 'java/lang/invoke/LambdaForm$MH+0x000001c2187b3000'
Event: 61.475 Thread 0x000001c27b550090 Unloading class 0x000001c2187b2c00 'java/lang/invoke/LambdaForm$MH+0x000001c2187b2c00'
Event: 61.475 Thread 0x000001c27b550090 Unloading class 0x000001c2187b2800 'java/lang/invoke/LambdaForm$MH+0x000001c2187b2800'
Event: 61.475 Thread 0x000001c27b550090 Unloading class 0x000001c2187b2000 'java/lang/invoke/LambdaForm$MH+0x000001c2187b2000'
Event: 61.475 Thread 0x000001c27b550090 Unloading class 0x000001c2187b1c00 'java/lang/invoke/LambdaForm$MH+0x000001c2187b1c00'
Event: 61.475 Thread 0x000001c27b550090 Unloading class 0x000001c2187b1800 'java/lang/invoke/LambdaForm$MH+0x000001c2187b1800'
Event: 61.475 Thread 0x000001c27b550090 Unloading class 0x000001c2187b1000 'java/lang/invoke/LambdaForm$MH+0x000001c2187b1000'
Event: 61.475 Thread 0x000001c27b550090 Unloading class 0x000001c2187b0800 'java/lang/invoke/LambdaForm$MH+0x000001c2187b0800'
Event: 61.475 Thread 0x000001c27b550090 Unloading class 0x000001c2187b0c00 'java/lang/invoke/LambdaForm$MH+0x000001c2187b0c00'
Event: 61.475 Thread 0x000001c27b550090 Unloading class 0x000001c2187b0400 'java/lang/invoke/LambdaForm$MH+0x000001c2187b0400'
Event: 61.475 Thread 0x000001c27b550090 Unloading class 0x000001c2187a5800 'java/lang/invoke/LambdaForm$DMH+0x000001c2187a5800'
Event: 61.475 Thread 0x000001c27b550090 Unloading class 0x000001c2187a5000 'java/lang/invoke/LambdaForm$DMH+0x000001c2187a5000'
Event: 61.475 Thread 0x000001c27b550090 Unloading class 0x000001c218794c00 'java/lang/invoke/LambdaForm$DMH+0x000001c218794c00'
Event: 61.475 Thread 0x000001c27b550090 Unloading class 0x000001c218794400 'java/lang/invoke/LambdaForm$DMH+0x000001c218794400'
Event: 61.475 Thread 0x000001c27b550090 Unloading class 0x000001c218794000 'java/lang/invoke/LambdaForm$DMH+0x000001c218794000'
Event: 61.475 Thread 0x000001c27b550090 Unloading class 0x000001c218770400 'java/lang/invoke/LambdaForm$DMH+0x000001c218770400'
Event: 61.475 Thread 0x000001c27b550090 Unloading class 0x000001c218770000 'java/lang/invoke/LambdaForm$DMH+0x000001c218770000'
Event: 61.475 Thread 0x000001c27b550090 Unloading class 0x000001c218769c00 'java/lang/invoke/LambdaForm$DMH+0x000001c218769c00'
Event: 61.475 Thread 0x000001c27b550090 Unloading class 0x000001c218769400 'java/lang/invoke/LambdaForm$DMH+0x000001c218769400'

Classes redefined (0 events):
No events

Internal exceptions (20 events):
Event: 853.322 Thread 0x000001c27b6bcff0 Exception <a 'sun/nio/fs/WindowsException'{0x00000007aae01708}> (0x00000007aae01708) 
thrown [s\src\hotspot\share\prims\jni.cpp, line 520]
Event: 865.238 Thread 0x000001c25cccac90 Exception <a 'java/lang/ArrayIndexOutOfBoundsException'{0x00000007ab2c31e8}> (0x00000007ab2c31e8) 
thrown [s\src\hotspot\share\runtime\sharedRuntime.cpp, line 625]
Event: 866.298 Thread 0x000001c27b6bcff0 Exception <a 'sun/nio/fs/WindowsException'{0x00000007ab01a038}> (0x00000007ab01a038) 
thrown [s\src\hotspot\share\prims\jni.cpp, line 520]
Event: 866.526 Thread 0x000001c27b6bcff0 Exception <a 'sun/nio/fs/WindowsException'{0x00000007aab1b630}> (0x00000007aab1b630) 
thrown [s\src\hotspot\share\prims\jni.cpp, line 520]
Event: 869.740 Thread 0x000001c25cccac90 Exception <a 'java/lang/ArrayIndexOutOfBoundsException'{0x00000007aacc0720}> (0x00000007aacc0720) 
thrown [s\src\hotspot\share\runtime\sharedRuntime.cpp, line 625]
Event: 870.777 Thread 0x000001c27b6bcff0 Exception <a 'sun/nio/fs/WindowsException'{0x00000007aade0c20}> (0x00000007aade0c20) 
thrown [s\src\hotspot\share\prims\jni.cpp, line 520]
Event: 871.037 Thread 0x000001c27b6bcff0 Exception <a 'sun/nio/fs/WindowsException'{0x00000007aab9ab78}> (0x00000007aab9ab78) 
thrown [s\src\hotspot\share\prims\jni.cpp, line 520]
Event: 871.073 Thread 0x000001c27b6bcff0 Implicit null exception at 0x000001c20834eb9b to 0x000001c20834f27c
Event: 872.846 Thread 0x000001c25cccac90 Exception <a 'java/lang/ArrayIndexOutOfBoundsException'{0x00000007aabc2980}> (0x00000007aabc2980) 
thrown [s\src\hotspot\share\runtime\sharedRuntime.cpp, line 625]
Event: 872.992 Thread 0x000001c25cccac90 Exception <a 'java/lang/ArrayIndexOutOfBoundsException'{0x00000007aad5be60}> (0x00000007aad5be60) 
thrown [s\src\hotspot\share\runtime\sharedRuntime.cpp, line 625]
Event: 874.022 Thread 0x000001c27b6bcff0 Exception <a 'sun/nio/fs/WindowsException'{0x00000007aad14a00}> (0x00000007aad14a00) 
thrown [s\src\hotspot\share\prims\jni.cpp, line 520]
Event: 874.200 Thread 0x000001c27b6bcff0 Exception <a 'sun/nio/fs/WindowsException'{0x00000007aab64440}> (0x00000007aab64440) 
thrown [s\src\hotspot\share\prims\jni.cpp, line 520]
Event: 907.314 Thread 0x000001c25c0894d0 Implicit null exception at 0x000001c208d13fef to 0x000001c208d143ac
Event: 908.322 Thread 0x000001c25cccac90 Exception <a 'java/lang/IncompatibleClassChangeError'{0x00000007aadf9d88}: Found class java.lang.Object, but interface was expected> (0x00000007aadf9d88) 
thrown [s\src\hotspot\share\interpreter\linkResolver.cpp, line 840]
Event: 940.969 Thread 0x000001c25cccac90 Exception <a 'java/lang/ArrayIndexOutOfBoundsException'{0x00000007aab5d7b0}> (0x00000007aab5d7b0) 
thrown [s\src\hotspot\share\runtime\sharedRuntime.cpp, line 625]
Event: 942.063 Thread 0x000001c27b6bcff0 Exception <a 'sun/nio/fs/WindowsException'{0x00000007aaccb0e8}> (0x00000007aaccb0e8) 
thrown [s\src\hotspot\share\prims\jni.cpp, line 520]
Event: 942.369 Thread 0x000001c27b6bcff0 Exception <a 'sun/nio/fs/WindowsException'{0x00000007aab00808}> (0x00000007aab00808) 
thrown [s\src\hotspot\share\prims\jni.cpp, line 520]
Event: 943.945 Thread 0x000001c25cccac90 Exception <a 'java/lang/ArrayIndexOutOfBoundsException'{0x00000007aab41d78}> (0x00000007aab41d78) 
thrown [s\src\hotspot\share\runtime\sharedRuntime.cpp, line 625]
Event: 944.983 Thread 0x000001c27b6bcff0 Exception <a 'sun/nio/fs/WindowsException'{0x00000007aab8d038}> (0x00000007aab8d038) 
thrown [s\src\hotspot\share\prims\jni.cpp, line 520]
Event: 945.306 Thread 0x000001c27b6bcff0 Exception <a 'sun/nio/fs/WindowsException'{0x00000007aaec3418}> (0x00000007aaec3418) 
thrown [s\src\hotspot\share\prims\jni.cpp, line 520]

ZGC Phase Switch (0 events):
No events

VM Operations (20 events):
Event: 945.399 Executing safepoint VM operation: ParallelGCFailedAllocation (Allocation Failure)
Event: 945.403 Executing safepoint VM operation: ParallelGCFailedAllocation (Allocation Failure) done
Event: 945.409 Executing safepoint VM operation: ParallelGCFailedAllocation (Allocation Failure)
Event: 945.412 Executing safepoint VM operation: ParallelGCFailedAllocation (Allocation Failure) done
Event: 945.419 Executing safepoint VM operation: ParallelGCFailedAllocation (Allocation Failure)
Event: 945.422 Executing safepoint VM operation: ParallelGCFailedAllocation (Allocation Failure) done
Event: 945.614 Executing safepoint VM operation: ParallelGCFailedAllocation (Allocation Failure)
Event: 945.616 Executing safepoint VM operation: ParallelGCFailedAllocation (Allocation Failure) done
Event: 945.861 Executing safepoint VM operation: ParallelGCFailedAllocation (Allocation Failure)
Event: 945.862 Executing safepoint VM operation: ParallelGCFailedAllocation (Allocation Failure) done
Event: 946.419 Executing safepoint VM operation: ParallelGCFailedAllocation (Allocation Failure)
Event: 946.421 Executing safepoint VM operation: ParallelGCFailedAllocation (Allocation Failure) done
Event: 947.975 Executing safepoint VM operation: ParallelGCFailedAllocation (Allocation Failure)
Event: 947.977 Executing safepoint VM operation: ParallelGCFailedAllocation (Allocation Failure) done
Event: 949.983 Executing safepoint VM operation: Cleanup
Event: 949.984 Executing safepoint VM operation: Cleanup done
Event: 950.877 Executing safepoint VM operation: ParallelGCFailedAllocation (Allocation Failure)
Event: 950.879 Executing safepoint VM operation: ParallelGCFailedAllocation (Allocation Failure) done
Event: 951.888 Executing safepoint VM operation: Cleanup
Event: 951.888 Executing safepoint VM operation: Cleanup done

Memory protections (0 events):
No events

Nmethod flushes (20 events):
Event: 847.630 Thread 0x000001c27b550090 flushing  nmethod 0x000001c201c0a910
Event: 847.630 Thread 0x000001c27b550090 flushing  nmethod 0x000001c201c53a90
Event: 847.630 Thread 0x000001c27b550090 flushing  nmethod 0x000001c201c6d110
Event: 847.630 Thread 0x000001c27b550090 flushing  nmethod 0x000001c201d22110
Event: 847.630 Thread 0x000001c27b550090 flushing  nmethod 0x000001c201d33790
Event: 847.630 Thread 0x000001c27b550090 flushing  nmethod 0x000001c201e13310
Event: 847.630 Thread 0x000001c27b550090 flushing  nmethod 0x000001c201e17710
Event: 847.630 Thread 0x000001c27b550090 flushing  nmethod 0x000001c201e18b90
Event: 847.630 Thread 0x000001c27b550090 flushing  nmethod 0x000001c201e3fd10
Event: 847.630 Thread 0x000001c27b550090 flushing  nmethod 0x000001c201e4d810
Event: 847.630 Thread 0x000001c27b550090 flushing  nmethod 0x000001c201fc6290
Event: 847.630 Thread 0x000001c27b550090 flushing  nmethod 0x000001c201fd2b10
Event: 847.630 Thread 0x000001c27b550090 flushing  nmethod 0x000001c202072a90
Event: 847.630 Thread 0x000001c27b550090 flushing  nmethod 0x000001c202083c90
Event: 847.630 Thread 0x000001c27b550090 flushing  nmethod 0x000001c2020b2d90
Event: 847.630 Thread 0x000001c27b550090 flushing  nmethod 0x000001c202157b10
Event: 847.630 Thread 0x000001c27b550090 flushing  nmethod 0x000001c2021dbd10
Event: 847.630 Thread 0x000001c27b550090 flushing  nmethod 0x000001c2021dd610
Event: 847.630 Thread 0x000001c27b550090 flushing  nmethod 0x000001c202215490
Event: 847.630 Thread 0x000001c27b550090 flushing  nmethod 0x000001c202215d90

Events (20 events):
Event: 724.905 Thread 0x000001c25cccc6d0 Thread exited: 0x000001c25cccc6d0
Event: 784.745 Thread 0x000001c25c1d1510 Thread exited: 0x000001c25c1d1510
Event: 784.917 Thread 0x000001c25c1d28c0 Thread exited: 0x000001c25c1d28c0
Event: 844.919 Thread 0x000001c25c1cd370 Thread exited: 0x000001c25c1cd370
Event: 848.444 Thread 0x000001c25c1d0e80 Thread added: 0x000001c27cf53880
Event: 853.212 Thread 0x000001c27b6bd680 Thread added: 0x000001c27cf57390
Event: 853.256 Thread 0x000001c27b6bd680 Thread added: 0x000001c27cf552c0
Event: 853.325 Thread 0x000001c27b6bfde0 Thread added: 0x000001c27cf53f10
Event: 865.503 Thread 0x000001c25c1d35e0 Thread added: 0x000001c25c0894d0
Event: 866.503 Thread 0x000001c27b6bfde0 Thread added: 0x000001c25c0887b0
Event: 870.995 Thread 0x000001c27b6bd680 Thread added: 0x000001c25c086050
Event: 873.256 Thread 0x000001c27b578960 Thread added: 0x000001c25caebb40
Event: 873.469 Thread 0x000001c25caebb40 Thread exited: 0x000001c25caebb40
Event: 874.182 Thread 0x000001c27b6bfde0 Thread added: 0x000001c25c08c950
Event: 934.229 Thread 0x000001c27cf552c0 Thread exited: 0x000001c27cf552c0
Event: 934.296 Thread 0x000001c27b6bfde0 Thread exited: 0x000001c27b6bfde0
Event: 942.296 Thread 0x000001c27cf53f10 Thread added: 0x000001c25c08a880
Event: 942.352 Thread 0x000001c27cf53f10 Thread added: 0x000001c25c089b60
Event: 942.371 Thread 0x000001c27b6bd680 Thread added: 0x000001c25c08d670
Event: 945.153 Thread 0x000001c27b6bd680 Thread added: 0x000001c25c1d0160


Dynamic libraries:
0x00007ff672430000 - 0x00007ff67243e000 	c:\Users\Lenovo\.vscode\extensions\redhat.java-1.55.0-win32-x64\jre\21.0.11-win32-x86_64\bin\java.exe
0x00007ff9d9e20000 - 0x00007ff9da086000 	C:\WINDOWS\SYSTEM32\ntdll.dll
0x00007ff9d85a0000 - 0x00007ff9d8669000 	C:\WINDOWS\System32\KERNEL32.DLL
0x00007ff9d7070000 - 0x00007ff9d746e000 	C:\WINDOWS\System32\KERNELBASE.dll
0x00007ff9d79f0000 - 0x00007ff9d7b3c000 	C:\WINDOWS\System32\ucrtbase.dll
0x00007ff9b6200000 - 0x00007ff9b6218000 	c:\Users\Lenovo\.vscode\extensions\redhat.java-1.55.0-win32-x64\jre\21.0.11-win32-x86_64\bin\jli.dll
0x00007ff9d7bc0000 - 0x00007ff9d7d87000 	C:\WINDOWS\System32\USER32.dll
0x00007ff9d7040000 - 0x00007ff9d7067000 	C:\WINDOWS\System32\win32u.dll
0x00007ff9d8120000 - 0x00007ff9d814b000 	C:\WINDOWS\System32\GDI32.dll
0x00007ff9d75f0000 - 0x00007ff9d771a000 	C:\WINDOWS\System32\gdi32full.dll
0x00007ff9d7480000 - 0x00007ff9d7523000 	C:\WINDOWS\System32\msvcp_win.dll
0x00007ff9b5aa0000 - 0x00007ff9b5abe000 	c:\Users\Lenovo\.vscode\extensions\redhat.java-1.55.0-win32-x64\jre\21.0.11-win32-x86_64\bin\VCRUNTIME140.dll
0x00007ff9c75a0000 - 0x00007ff9c7832000 	C:\WINDOWS\WinSxS\amd64_microsoft.windows.common-controls_6595b64144ccf1df_6.0.26100.8894_none_3e0f749ee32e02ea\COMCTL32.dll
0x00007ff9d9d30000 - 0x00007ff9d9dd9000 	C:\WINDOWS\System32\msvcrt.dll
0x00007ff9d9cf0000 - 0x00007ff9d9d22000 	C:\WINDOWS\System32\IMM32.DLL
0x00000000564a0000 - 0x00000000564ad000 	C:\Program Files (x86)\360\Total Security\safemon\SafeWrapper.dll
0x00007ff9d94b0000 - 0x00007ff9d9567000 	C:\WINDOWS\System32\ADVAPI32.dll
0x00007ff9d95c0000 - 0x00007ff9d966a000 	C:\WINDOWS\System32\sechost.dll
0x00007ff9d8410000 - 0x00007ff9d8528000 	C:\WINDOWS\System32\RPCRT4.dll
0x00007ff9d4910000 - 0x00007ff9d4a15000 	C:\Program Files (x86)\360\Total Security\safemon\libzdtp64.dll
0x00007ff9d8d10000 - 0x00007ff9d94a2000 	C:\WINDOWS\System32\SHELL32.dll
0x00007ff9d8530000 - 0x00007ff9d8597000 	C:\WINDOWS\System32\SHLWAPI.dll
0x00007ff9d6b00000 - 0x00007ff9d6b0b000 	C:\WINDOWS\SYSTEM32\VERSION.dll
0x00007ff9c2bb0000 - 0x00007ff9c2bbc000 	c:\Users\Lenovo\.vscode\extensions\redhat.java-1.55.0-win32-x64\jre\21.0.11-win32-x86_64\bin\vcruntime140_1.dll
0x00007ff9a8720000 - 0x00007ff9a87ad000 	c:\Users\Lenovo\.vscode\extensions\redhat.java-1.55.0-win32-x64\jre\21.0.11-win32-x86_64\bin\msvcp140.dll
0x00007ff928d00000 - 0x00007ff929aa2000 	c:\Users\Lenovo\.vscode\extensions\redhat.java-1.55.0-win32-x64\jre\21.0.11-win32-x86_64\bin\server\jvm.dll
0x00007ff9d8150000 - 0x00007ff9d81d0000 	C:\WINDOWS\System32\WS2_32.dll
0x00007ff9d6ea0000 - 0x00007ff9d6efe000 	C:\WINDOWS\SYSTEM32\POWRPROF.dll
0x00007ff9d16a0000 - 0x00007ff9d16d6000 	C:\WINDOWS\SYSTEM32\WINMM.dll
0x00007ff9d6e80000 - 0x00007ff9d6e94000 	C:\WINDOWS\SYSTEM32\UMPDC.dll
0x00007ff9d5c60000 - 0x00007ff9d5c7b000 	C:\WINDOWS\SYSTEM32\kernel.appcore.dll
0x00007ff9bd180000 - 0x00007ff9bd18a000 	c:\Users\Lenovo\.vscode\extensions\redhat.java-1.55.0-win32-x64\jre\21.0.11-win32-x86_64\bin\jimage.dll
0x00007ff9d4510000 - 0x00007ff9d4752000 	C:\WINDOWS\SYSTEM32\DBGHELP.DLL
0x00007ff9d8810000 - 0x00007ff9d8b93000 	C:\WINDOWS\System32\combase.dll
0x00007ff9d8ba0000 - 0x00007ff9d8c79000 	C:\WINDOWS\System32\OLEAUT32.dll
0x00007ff9d1660000 - 0x00007ff9d169b000 	C:\WINDOWS\SYSTEM32\dbgcore.DLL
0x00007ff9d7720000 - 0x00007ff9d77cc000 	C:\WINDOWS\System32\bcryptPrimitives.dll
0x00007ff9d3a60000 - 0x00007ff9d3a6f000 	c:\Users\Lenovo\.vscode\extensions\redhat.java-1.55.0-win32-x64\jre\21.0.11-win32-x86_64\bin\instrument.dll
0x00007ff9b5a00000 - 0x00007ff9b5a20000 	c:\Users\Lenovo\.vscode\extensions\redhat.java-1.55.0-win32-x64\jre\21.0.11-win32-x86_64\bin\java.dll
0x00007ff9d4a20000 - 0x00007ff9d52b2000 	C:\WINDOWS\SYSTEM32\windows.storage.dll
0x00007ff9d8310000 - 0x00007ff9d8407000 	C:\WINDOWS\System32\SHCORE.dll
0x00007ff9d6f60000 - 0x00007ff9d6f89000 	C:\WINDOWS\SYSTEM32\profapi.dll
0x00007ff9b5a80000 - 0x00007ff9b5a98000 	c:\Users\Lenovo\.vscode\extensions\redhat.java-1.55.0-win32-x64\jre\21.0.11-win32-x86_64\bin\zip.dll
0x00007ff9d3a50000 - 0x00007ff9d3a60000 	C:\Users\Lenovo\.vscode\extensions\redhat.java-1.55.0-win32-x64\jre\21.0.11-win32-x86_64\bin\net.dll
0x00007ff9cccf0000 - 0x00007ff9cce17000 	C:\WINDOWS\SYSTEM32\WINHTTP.dll
0x00007ff9d61f0000 - 0x00007ff9d625c000 	C:\WINDOWS\system32\mswsock.dll
0x00007ff9cc580000 - 0x00007ff9cc596000 	C:\Users\Lenovo\.vscode\extensions\redhat.java-1.55.0-win32-x64\jre\21.0.11-win32-x86_64\bin\nio.dll
0x00007ff9d0150000 - 0x00007ff9d0160000 	c:\Users\Lenovo\.vscode\extensions\redhat.java-1.55.0-win32-x64\jre\21.0.11-win32-x86_64\bin\verify.dll
0x00007ff9a7b50000 - 0x00007ff9a7b95000 	C:\Users\Lenovo\AppData\Roaming\Code\User\globalStorage\redhat.java\1.55.0\config_win\org.eclipse.equinox.launcher\org.eclipse.equinox.launcher.win32.win32.x86_64_1.3.100.v20260613-0559\eclipse_11924.dll
0x00007ff9d8670000 - 0x00007ff9d8809000 	C:\WINDOWS\System32\ole32.dll
0x00007ff9d6620000 - 0x00007ff9d663b000 	C:\WINDOWS\SYSTEM32\CRYPTSP.dll
0x00007ff9d5bc0000 - 0x00007ff9d5bf9000 	C:\WINDOWS\system32\rsaenh.dll
0x00007ff9d62b0000 - 0x00007ff9d62e2000 	C:\WINDOWS\SYSTEM32\USERENV.dll
0x00007ff9d6f30000 - 0x00007ff9d6f5a000 	C:\WINDOWS\SYSTEM32\bcrypt.dll
0x00007ff9d6460000 - 0x00007ff9d646c000 	C:\WINDOWS\SYSTEM32\CRYPTBASE.dll
0x00007ff9d5610000 - 0x00007ff9d5643000 	C:\WINDOWS\SYSTEM32\IPHLPAPI.DLL
0x00007ff9d9c50000 - 0x00007ff9d9c5a000 	C:\WINDOWS\System32\NSI.dll
0x00007ff99e8e0000 - 0x00007ff99e929000 	C:\Users\Lenovo\AppData\Local\Temp\jna--2022488749\jna6657367027145834197.dll
0x00007ff9d97b0000 - 0x00007ff9d97b8000 	C:\WINDOWS\System32\PSAPI.DLL
0x00007ff9ccfb0000 - 0x00007ff9ccfcd000 	C:\WINDOWS\SYSTEM32\dhcpcsvc6.DLL
0x00007ff9ccbd0000 - 0x00007ff9ccbf5000 	C:\WINDOWS\SYSTEM32\dhcpcsvc.DLL
0x00007ff9c7330000 - 0x00007ff9c733e000 	C:\Users\Lenovo\.vscode\extensions\redhat.java-1.55.0-win32-x64\jre\21.0.11-win32-x86_64\bin\sunmscapi.dll
0x00007ff9d77e0000 - 0x00007ff9d7958000 	C:\WINDOWS\System32\CRYPT32.dll
0x00007ff9d6790000 - 0x00007ff9d67c0000 	C:\WINDOWS\SYSTEM32\ncrypt.dll
0x00007ff9d6740000 - 0x00007ff9d677f000 	C:\WINDOWS\SYSTEM32\NTASN1.dll
0x00007ff9d56a0000 - 0x00007ff9d57f6000 	C:\WINDOWS\SYSTEM32\DNSAPI.dll
0x00007ff9d5ff0000 - 0x00007ff9d5ffd000 	C:\WINDOWS\SYSTEM32\DSPARSE.dll
0x00007ff9c9240000 - 0x00007ff9c924b000 	C:\Windows\System32\rasadhlp.dll
0x00007ff9cc250000 - 0x00007ff9cc2d6000 	C:\WINDOWS\System32\fwpuclnt.dll
0x00007ff9c7320000 - 0x00007ff9c7329000 	C:\Users\Lenovo\.vscode\extensions\redhat.java-1.55.0-win32-x64\jre\21.0.11-win32-x86_64\bin\extnet.dll

JVMTI agents:
c:\Users\Lenovo\.vscode\extensions\redhat.java-1.55.0-win32-x64\lombok\lombok-1.18.39-4050.jar path:c:\Users\Lenovo\.vscode\extensions\redhat.java-1.55.0-win32-x64\jre\21.0.11-win32-x86_64\bin\instrument.dll, loaded, initialized, instrumentlib options:none

dbghelp: loaded successfully - version: 4.0.5 - missing functions: none
symbol engine: initialized successfully - sym options: 0x614 - pdb path: .;c:\Users\Lenovo\.vscode\extensions\redhat.java-1.55.0-win32-x64\jre\21.0.11-win32-x86_64\bin;C:\WINDOWS\SYSTEM32;C:\WINDOWS\WinSxS\amd64_microsoft.windows.common-controls_6595b64144ccf1df_6.0.26100.8894_none_3e0f749ee32e02ea;C:\Program Files (x86)\360\Total Security\safemon;c:\Users\Lenovo\.vscode\extensions\redhat.java-1.55.0-win32-x64\jre\21.0.11-win32-x86_64\bin\server;C:\Users\Lenovo\AppData\Roaming\Code\User\globalStorage\redhat.java\1.55.0\config_win\org.eclipse.equinox.launcher\org.eclipse.equinox.launcher.win32.win32.x86_64_1.3.100.v20260613-0559;C:\Users\Lenovo\AppData\Local\Temp\jna--2022488749

VM Arguments:
jvm_args: --add-modules=ALL-SYSTEM --add-opens=java.base/java.util=ALL-UNNAMED --add-opens=java.base/java.lang=ALL-UNNAMED --add-opens=java.base/sun.nio.fs=ALL-UNNAMED -Declipse.application=org.eclipse.jdt.ls.core.id1 -Dosgi.bundles.defaultStartLevel=4 -Declipse.product=org.eclipse.jdt.ls.core.product -Djava.import.generatesMetadataFilesAtProjectRoot=false -DDetectVMInstallationsJob.disabled=true -Dfile.encoding=utf8 -XX:+UseParallelGC -XX:GCTimeRatio=4 -XX:AdaptiveSizePolicyWeight=90 -Dsun.zip.disableMemoryMapping=true -Xmx4G -Xms100m -Xlog:disable -javaagent:c:\Users\Lenovo\.vscode\extensions\redhat.java-1.55.0-win32-x64\lombok\lombok-1.18.39-4050.jar -XX:+HeapDumpOnOutOfMemoryError -XX:HeapDumpPath=c:\Users\Lenovo\AppData\Roaming\Code\User\workspaceStorage\eb1923ee63e7e26d040958249cb321ab\redhat.java -Daether.dependencyCollector.impl=bf 
java_command: c:\Users\Lenovo\.vscode\extensions\redhat.java-1.55.0-win32-x64\server\plugins\org.eclipse.equinox.launcher_1.7.200.v20260619-2039.jar -configuration c:\Users\Lenovo\AppData\Roaming\Code\User\globalStorage\redhat.java\1.55.0\config_win -data c:\Users\Lenovo\AppData\Roaming\Code\User\workspaceStorage\eb1923ee63e7e26d040958249cb321ab\redhat.java\jdt_ws --pipe=\\.\pipe\lsp-72c004f9f4752f06040c21adb3386f38-sock
java_class_path (initial): c:\Users\Lenovo\.vscode\extensions\redhat.java-1.55.0-win32-x64\server\plugins\org.eclipse.equinox.launcher_1.7.200.v20260619-2039.jar
Launcher Type: SUN_STANDARD

[Global flags]
    uintx AdaptiveSizePolicyWeight                 = 90                                        {product} {command line}
     intx CICompilerCount                          = 4                                         {product} {ergonomic}
    uintx GCTimeRatio                              = 4                                         {product} {command line}
     bool HeapDumpOnOutOfMemoryError               = true                                   {manageable} {command line}
    ccstr HeapDumpPath                             = c:\Users\Lenovo\AppData\Roaming\Code\User\workspaceStorage\eb1923ee63e7e26d040958249cb321ab\redhat.java         {manageable} {command line}
   size_t InitialHeapSize                          = 104857600                                 {product} {command line}
   size_t MaxHeapSize                              = 4294967296                                {product} {command line}
   size_t MaxNewSize                               = 1431306240                                {product} {ergonomic}
   size_t MinHeapDeltaBytes                        = 524288                                    {product} {ergonomic}
   size_t MinHeapSize                              = 104857600                                 {product} {command line}
   size_t NewSize                                  = 34603008                                  {product} {ergonomic}
    uintx NonNMethodCodeHeapSize                   = 5839372                                {pd product} {ergonomic}
    uintx NonProfiledCodeHeapSize                  = 122909434                              {pd product} {ergonomic}
   size_t OldSize                                  = 70254592                                  {product} {ergonomic}
    uintx ProfiledCodeHeapSize                     = 122909434                              {pd product} {ergonomic}
    uintx ReservedCodeCacheSize                    = 251658240                              {pd product} {ergonomic}
     bool SegmentedCodeCache                       = true                                      {product} {ergonomic}
   size_t SoftMaxHeapSize                          = 4294967296                             {manageable} {ergonomic}
     bool UseCompressedOops                        = true                           {product lp64_product} {ergonomic}
     bool UseLargePagesIndividualAllocation        = false                                  {pd product} {ergonomic}
     bool UseParallelGC                            = true                                      {product} {command line}

Logging:
Log output configuration:
 #0: stdout all=off uptime,level,tags foldmultilines=false
 #1: stderr all=off uptime,level,tags foldmultilines=false

Release file:
JAVA_VERSION="21.0.11" 
MODULES="java.base java.compiler java.datatransfer java.xml java.prefs java.desktop java.instrument java.logging java.management java.security.sasl java.naming java.rmi java.management.rmi java.net.http java.scripting java.security.jgss java.transaction.xa java.sql java.sql.rowset java.xml.crypto java.se java.smartcardio jdk.accessibility jdk.internal.jvmstat jdk.attach jdk.charsets jdk.internal.opt jdk.zipfs jdk.compiler jdk.crypto.ec jdk.crypto.cryptoki jdk.crypto.mscapi jdk.dynalink jdk.internal.ed jdk.editpad jdk.hotspot.agent jdk.httpserver jdk.internal.le jdk.internal.vm.ci jdk.internal.vm.compiler jdk.internal.vm.compiler.management jdk.jartool jdk.javadoc jdk.jcmd jdk.management jdk.management.agent jdk.jconsole jdk.jdeps jdk.jdwp.agent jdk.jdi jdk.jfr jdk.jshell jdk.jsobject jdk.jstatd jdk.localedata jdk.management.jfr jdk.naming.dns jdk.naming.rmi jdk.net jdk.nio.mapmode jdk.random jdk.sctp jdk.security.auth jdk.security.jgss jdk.unsupported jdk.unsupported.desktop jdk.xml.dom" 

Environment Variables:
PATH=C:\Program Files\Common Files\Oracle\Java\javapath;C:\Program Files\nodejs\;C:\Program Files\Git\cmd;C:\WINDOWS\system32;C:\WINDOWS;C:\WINDOWS\System32\Wbem;C:\WINDOWS\System32\WindowsPowerShell\v1.0\;C:\WINDOWS\System32\OpenSSH\;C:\Program Files\Docker\Docker\resources\bin;C:\Program Files\Microsoft SQL Server\170\Tools\Binn\;C:\Program Files\Microsoft SQL Server\Client SDK\ODBC\170\Tools\Binn\;C:\Program Files\Mullvad VPN\resources;C:\Program Files\dotnet\;C:\Users\Lenovo\AppData\Local\Microsoft\WindowsApps;C:\Users\Lenovo\AppData\Local\Programs\Microsoft VS Code\bin;C:\Users\Lenovo\AppData\Roaming\npm;C:\Program Files\JetBrains\PhpStorm 2026.1.3\bin;C:\Users\Lenovo\AppData\Local\Programs\mongosh\;C:\Users\Lenovo\.dotnet\tools;C:\Users\Lenovo\AppData\Local\Gource\cmd;C:\Users\Lenovo\AppData\Local\GitHubDesktop\bin
USERNAME=Lenovo
OS=Windows_NT
PROCESSOR_IDENTIFIER=AMD64 Family 23 Model 104 Stepping 1, AuthenticAMD
TMP=C:\Users\Lenovo\AppData\Local\Temp
TEMP=C:\Users\Lenovo\AppData\Local\Temp




Periodic native trim disabled

---------------  S Y S T E M  ---------------

OS:
 Windows 11 , 64 bit Build 26100 (10.0.26100.8875)
OS uptime: 0 days 2:42 hours
Hyper-V role detected

CPU: total 12 (initial active 12) (12 cores per cpu, 2 threads per core) family 23 model 104 stepping 1 microcode 0x8608103, cx8, cmov, fxsr, ht, mmx, 3dnowpref, sse, sse2, sse3, ssse3, sse4a, sse4.1, sse4.2, popcnt, lzcnt, tsc, tscinvbit, avx, avx2, aes, clmul, bmi1, bmi2, adx, sha, fma, vzeroupper, clflush, clflushopt, hv, rdtscp, rdpid, f16c
Processor Information for the first 12 processors :
  Max Mhz: 2100, Current Mhz: 2100, Mhz Limit: 2100

Memory: 4k page, system-wide physical 15178M (4911M free)
TotalPageFile size 15178M (AvailPageFile size 4M)
current process WorkingSet (physical memory assigned to process): 2739M, peak: 2749M
current process commit charge ("private bytes"): 2833M, peak: 2862M

vm_info: OpenJDK 64-Bit Server VM (21.0.11+10-LTS) for windows-amd64 JRE (21.0.11+10-LTS), built on 2026-04-21T00:00:00Z by "admin" with MS VC++ 17.12 (VS2022)

END.
