#
# There is insufficient memory for the Java Runtime Environment to continue.
# Native memory allocation (malloc) failed to allocate 1504976 bytes. Error detail: Chunk::new
# Possible reasons:
#   The system is out of physical RAM or swap space
#   This process is running with CompressedOops enabled, and the Java Heap may be blocking the growth of the native heap
# Possible solutions:
#   Reduce memory load on the system
#   Increase physical memory or swap space
#   Check if swap backing store is full
#   Decrease Java heap size (-Xmx/-Xms)
#   Decrease number of Java threads
#   Decrease Java thread stack sizes (-Xss)
#   Set larger code cache with -XX:ReservedCodeCacheSize=
#   JVM is running with Unscaled Compressed Oops mode in which the Java heap is
#     placed in the first 4GB address space. The Java Heap base address is the
#     maximum limit for the native heap growth. Please use -XX:HeapBaseMinAddress
#     to set the Java Heap base and to place the Java Heap above 4GB virtual address.
# This output file may be truncated or incomplete.
#
#  Out of Memory Error (arena.cpp:168), pid=1572, tid=17564
#
# JRE version: OpenJDK Runtime Environment Temurin-21.0.11+10 (21.0.11+10) (build 21.0.11+10-LTS)
# Java VM: OpenJDK 64-Bit Server VM Temurin-21.0.11+10 (21.0.11+10-LTS, mixed mode, sharing, tiered, compressed oops, compressed class ptrs, parallel gc, windows-amd64)
# No core dump will be written. Minidumps are not enabled by default on client versions of Windows
#

---------------  S U M M A R Y ------------

Command Line: --add-modules=ALL-SYSTEM --add-opens=java.base/java.util=ALL-UNNAMED --add-opens=java.base/java.lang=ALL-UNNAMED --add-opens=java.base/sun.nio.fs=ALL-UNNAMED -Declipse.application=org.eclipse.jdt.ls.core.id1 -Dosgi.bundles.defaultStartLevel=4 -Declipse.product=org.eclipse.jdt.ls.core.product -Djava.import.generatesMetadataFilesAtProjectRoot=false -DDetectVMInstallationsJob.disabled=true -Dfile.encoding=utf8 -XX:+UseParallelGC -XX:GCTimeRatio=4 -XX:AdaptiveSizePolicyWeight=90 -Dsun.zip.disableMemoryMapping=true -Xmx2G -Xms100m -Xlog:disable -javaagent:c:\Users\Lenovo\.vscode\extensions\redhat.java-1.55.0-win32-x64\lombok\lombok-1.18.39-4050.jar -XX:+HeapDumpOnOutOfMemoryError -XX:HeapDumpPath=c:\Users\Lenovo\AppData\Roaming\Code\User\workspaceStorage\eb1923ee63e7e26d040958249cb321ab\redhat.java -Daether.dependencyCollector.impl=bf c:\Users\Lenovo\.vscode\extensions\redhat.java-1.55.0-win32-x64\server\plugins\org.eclipse.equinox.launcher_1.7.200.v20260619-2039.jar -configuration c:\Users\Lenovo\AppData\Roaming\Code\User\globalStorage\redhat.java\1.55.0\config_win -data c:\Users\Lenovo\AppData\Roaming\Code\User\workspaceStorage\eb1923ee63e7e26d040958249cb321ab\redhat.java\jdt_ws --pipe=\\.\pipe\lsp-b00aabd71dc199153e08b5b27565bfaf-sock

Host: AMD Ryzen 5 5500U with Radeon Graphics         , 12 cores, 14G,  Windows 11 , 64 bit Build 26100 (10.0.26100.8875)
Time: Sun Jul 26 16:24:16 2026 elapsed time: 7.034084 seconds (0d 0h 0m 7s)

---------------  T H R E A D  ---------------

Current thread (0x000001979ee4f990):  JavaThread "C2 CompilerThread2" daemon [_thread_in_native, id=17564, stack(0x0000008e5b500000,0x0000008e5b600000) (1024K)]


Current CompileTask:
C2:7034 3200       4       java.lang.invoke.MethodType::makeImpl (109 bytes)

Stack: [0x0000008e5b500000,0x0000008e5b600000]
Native frames: (J=compiled Java code, j=interpreted, Vv=VM code, C=native code)
V  [jvm.dll+0x6d7e19]
V  [jvm.dll+0x8b5096]
V  [jvm.dll+0x8b764e]
V  [jvm.dll+0x8b7d33]
V  [jvm.dll+0x284596]
V  [jvm.dll+0xc685d]
V  [jvm.dll+0xc6da1]
V  [jvm.dll+0x3bed31]
V  [jvm.dll+0x38b2b2]
V  [jvm.dll+0x38a6fa]
V  [jvm.dll+0x24c700]
V  [jvm.dll+0x24bce0]
V  [jvm.dll+0x1cb4ae]
V  [jvm.dll+0x25baad]
V  [jvm.dll+0x25a03a]
V  [jvm.dll+0x3f868e]
V  [jvm.dll+0x85fb0d]
V  [jvm.dll+0x6d664d]
C  [ucrtbase.dll+0x2cd30]
C  [KERNEL32.DLL+0x2e957]
C  [ntdll.dll+0xaad6c]


---------------  P R O C E S S  ---------------

Threads class SMR info:
_java_thread_list=0x000001979ed9d780, length=24, elements={
0x000001973febf5f0, 0x000001973fe482e0, 0x000001973fe48f40, 0x0000019798bd4210,
0x0000019798bd6990, 0x0000019798bdb7c0, 0x0000019798bdc9a0, 0x0000019798c111d0,
0x0000019798c178b0, 0x0000019798ea5350, 0x0000019798f43d90, 0x000001979e80aed0,
0x000001979e80b560, 0x000001979e809490, 0x000001979e809b20, 0x000001979e8080e0,
0x000001979e808770, 0x000001979ed11310, 0x000001979ee4f990, 0x000001979e80a840,
0x000001979e808e00, 0x000001979f5a4520, 0x000001979f5a5240, 0x000001979f5a3e90
}

Java Threads: ( => current thread )
  0x000001973febf5f0 JavaThread "main"                              [_thread_blocked, id=22124, stack(0x0000008e59700000,0x0000008e59800000) (1024K)]
  0x000001973fe482e0 JavaThread "Reference Handler"          daemon [_thread_blocked, id=3744, stack(0x0000008e59b00000,0x0000008e59c00000) (1024K)]
  0x000001973fe48f40 JavaThread "Finalizer"                  daemon [_thread_blocked, id=14640, stack(0x0000008e59c00000,0x0000008e59d00000) (1024K)]
  0x0000019798bd4210 JavaThread "Signal Dispatcher"          daemon [_thread_blocked, id=20660, stack(0x0000008e59d00000,0x0000008e59e00000) (1024K)]
  0x0000019798bd6990 JavaThread "Attach Listener"            daemon [_thread_blocked, id=22216, stack(0x0000008e59e00000,0x0000008e59f00000) (1024K)]
  0x0000019798bdb7c0 JavaThread "Service Thread"             daemon [_thread_blocked, id=22888, stack(0x0000008e59f00000,0x0000008e5a000000) (1024K)]
  0x0000019798bdc9a0 JavaThread "Monitor Deflation Thread"   daemon [_thread_blocked, id=23956, stack(0x0000008e5a000000,0x0000008e5a100000) (1024K)]
  0x0000019798c111d0 JavaThread "C2 CompilerThread0"         daemon [_thread_blocked, id=9712, stack(0x0000008e5a100000,0x0000008e5a200000) (1024K)]
  0x0000019798c178b0 JavaThread "C1 CompilerThread0"         daemon [_thread_blocked, id=6116, stack(0x0000008e5a200000,0x0000008e5a300000) (1024K)]
  0x0000019798ea5350 JavaThread "Common-Cleaner"             daemon [_thread_blocked, id=7936, stack(0x0000008e5a300000,0x0000008e5a400000) (1024K)]
  0x0000019798f43d90 JavaThread "Notification Thread"        daemon [_thread_blocked, id=20760, stack(0x0000008e5a400000,0x0000008e5a500000) (1024K)]
  0x000001979e80aed0 JavaThread "Active Thread: Equinox Container: 41d756e5-0feb-42f5-b926-cf2c059f5fac"        [_thread_blocked, id=8728, stack(0x0000008e5ad00000,0x0000008e5ae00000) (1024K)]
  0x000001979e80b560 JavaThread "Refresh Thread: Equinox Container: 41d756e5-0feb-42f5-b926-cf2c059f5fac" daemon [_thread_blocked, id=15504, stack(0x0000008e5af00000,0x0000008e5b000000) (1024K)]
  0x000001979e809490 JavaThread "Framework Event Dispatcher: Equinox Container: 41d756e5-0feb-42f5-b926-cf2c059f5fac" daemon [_thread_blocked, id=22456, stack(0x0000008e5b000000,0x0000008e5b100000) (1024K)]
  0x000001979e809b20 JavaThread "Start Level: Equinox Container: 41d756e5-0feb-42f5-b926-cf2c059f5fac" daemon [_thread_in_vm, id=20128, stack(0x0000008e5b100000,0x0000008e5b200000) (1024K)]
  0x000001979e8080e0 JavaThread "Bundle File Closer"         daemon [_thread_blocked, id=2360, stack(0x0000008e5b400000,0x0000008e5b500000) (1024K)]
  0x000001979e808770 JavaThread "SCR Component Actor"        daemon [_thread_blocked, id=20632, stack(0x0000008e5a500000,0x0000008e5a600000) (1024K)]
  0x000001979ed11310 JavaThread "C2 CompilerThread1"         daemon [_thread_blocked, id=15764, stack(0x0000008e5a600000,0x0000008e5a700000) (1024K)]
=>0x000001979ee4f990 JavaThread "C2 CompilerThread2"         daemon [_thread_in_native, id=17564, stack(0x0000008e5b500000,0x0000008e5b600000) (1024K)]
  0x000001979e80a840 JavaThread "Worker-JM"                         [_thread_blocked, id=16908, stack(0x0000008e5b600000,0x0000008e5b700000) (1024K)]
  0x000001979e808e00 JavaThread "JNA Cleaner"                daemon [_thread_blocked, id=15164, stack(0x0000008e5b700000,0x0000008e5b800000) (1024K)]
  0x000001979f5a4520 JavaThread "Worker-0: Checking project encoding"        [_thread_blocked, id=16492, stack(0x0000008e5b800000,0x0000008e5b900000) (1024K)]
  0x000001979f5a5240 JavaThread "Worker-1: Refreshing workspace"        [_thread_blocked, id=1364, stack(0x0000008e5b900000,0x0000008e5ba00000) (1024K)]
  0x000001979f5a3e90 JavaThread "Worker-2"                          [_thread_blocked, id=14816, stack(0x0000008e5ba00000,0x0000008e5bb00000) (1024K)]
Total: 24

Other Threads:
  0x000001973ff5c110 VMThread "VM Thread"                           [id=21192, stack(0x0000008e59a00000,0x0000008e59b00000) (1024K)]
  0x000001973fd2ca00 WatcherThread "VM Periodic Task Thread"        [id=6048, stack(0x0000008e59900000,0x0000008e59a00000) (1024K)]
  0x000001973fed6d80 WorkerThread "GC Thread#0"                     [id=10408, stack(0x0000008e59800000,0x0000008e59900000) (1024K)]
  0x000001979e7f78a0 WorkerThread "GC Thread#1"                     [id=15828, stack(0x0000008e5a700000,0x0000008e5a800000) (1024K)]
  0x000001979e5fbad0 WorkerThread "GC Thread#2"                     [id=21672, stack(0x0000008e5a800000,0x0000008e5a900000) (1024K)]
  0x000001979e07c310 WorkerThread "GC Thread#3"                     [id=6576, stack(0x0000008e5a900000,0x0000008e5aa00000) (1024K)]
  0x000001979e07c6c0 WorkerThread "GC Thread#4"                     [id=11892, stack(0x0000008e5aa00000,0x0000008e5ab00000) (1024K)]
  0x000001979e7b3ca0 WorkerThread "GC Thread#5"                     [id=22168, stack(0x0000008e5ab00000,0x0000008e5ac00000) (1024K)]
  0x000001979e7b4050 WorkerThread "GC Thread#6"                     [id=22596, stack(0x0000008e5ac00000,0x0000008e5ad00000) (1024K)]
  0x000001979e8d9c90 WorkerThread "GC Thread#7"                     [id=14264, stack(0x0000008e5ae00000,0x0000008e5af00000) (1024K)]
  0x000001979f023cb0 WorkerThread "GC Thread#8"                     [id=13792, stack(0x0000008e5b200000,0x0000008e5b300000) (1024K)]
  0x000001979eeda220 WorkerThread "GC Thread#9"                     [id=10456, stack(0x0000008e5b300000,0x0000008e5b400000) (1024K)]
Total: 12

Threads with active compile tasks:
C2 CompilerThread2  8070 3200       4       java.lang.invoke.MethodType::makeImpl (109 bytes)
Total: 1

VM state: not at safepoint (normal execution)

VM Mutex/Monitor currently owned by a thread:  ([mutex/lock_event])
[0x00007ffdb854d4f0] Metaspace_lock - owner thread: 0x000001979e809b20

Heap address: 0x0000000080000000, size: 2048 MB, Compressed Oops mode: 32-bit

CDS archive(s) mapped at: [0x0000019757000000-0x0000019757ba0000-0x0000019757ba0000), size 12189696, SharedBaseAddress: 0x0000019757000000, ArchiveRelocationMode: 1.
Compressed class space mapped at: 0x0000019758000000-0x0000019798000000, reserved size: 1073741824
Narrow klass base: 0x0000019757000000, Narrow klass shift: 0, Narrow klass range: 0x100000000

GC Precious Log:
 CardTable entry size: 512
 CPUs: 12 total, 12 available
 Memory: 15178M
 Large Page Support: Disabled
 NUMA Support: Disabled
 Compressed Oops: Enabled (32-bit)
 Alignments: Space 512K, Generation 512K, Heap 2M
 Heap Min Capacity: 100M
 Heap Initial Capacity: 100M
 Heap Max Capacity: 2G
 Pre-touch: Disabled
 Parallel Workers: 10

Heap:
 PSYoungGen      total 29184K, used 21546K [0x00000000d5580000, 0x00000000d7a00000, 0x0000000100000000)
  eden space 25088K, 69% used [0x00000000d5580000,0x00000000d668e570,0x00000000d6e00000)
  from space 4096K, 99% used [0x00000000d6e80000,0x00000000d727c458,0x00000000d7280000)
  to   space 6144K, 0% used [0x00000000d7400000,0x00000000d7400000,0x00000000d7a00000)
 ParOldGen       total 68608K, used 7973K [0x0000000080000000, 0x0000000084300000, 0x00000000d5580000)
  object space 68608K, 11% used [0x0000000080000000,0x00000000807c9738,0x0000000084300000)
 Metaspace       used 18076K, committed 18752K, reserved 1114112K
  class space    used 1899K, committed 2176K, reserved 1048576K

Card table byte_map: [0x000001973f840000,0x000001973fc50000] _byte_map_base: 0x000001973f440000

Marking Bits: (ParMarkBitMap*) 0x00007ffdb8554460
 Begin Bits: [0x0000019752350000, 0x0000019754350000)
 End Bits:   [0x0000019754350000, 0x0000019756350000)

Polling page: 0x000001973dc50000

Metaspace:

Usage:
  Non-class:     15.80 MB used.
      Class:      1.85 MB used.
       Both:     17.65 MB used.

Virtual space:
  Non-class space:       64.00 MB reserved,      16.19 MB ( 25%) committed,  1 nodes.
      Class space:        1.00 GB reserved,       2.12 MB ( <1%) committed,  1 nodes.
             Both:        1.06 GB reserved,      18.31 MB (  2%) committed. 

Chunk freelists:
   Non-Class:  15.36 MB
       Class:  13.70 MB
        Both:  29.06 MB

MaxMetaspaceSize: unlimited
CompressedClassSpaceSize: 1.00 GB
Initial GC threshold: 21.00 MB
Current GC threshold: 21.00 MB
CDS: on
 - commit_granule_bytes: 65536.
 - commit_granule_words: 8192.
 - virtual_space_node_default_size: 8388608.
 - enlarge_chunks_in_place: 1.
 - use_allocation_guard: 0.


Internal statistics:

num_allocs_failed_limit: 0.
num_arena_births: 560.
num_arena_deaths: 0.
num_vsnodes_births: 2.
num_vsnodes_deaths: 0.
num_space_committed: 293.
num_space_uncommitted: 0.
num_chunks_returned_to_freelist: 0.
num_chunks_taken_from_freelist: 1230.
num_chunk_merges: 0.
num_chunk_splits: 787.
num_chunks_enlarged: 503.
num_inconsistent_stats: 0.

CodeHeap 'non-profiled nmethods': size=120000Kb used=1421Kb max_used=1421Kb free=118578Kb
 bounds [0x000001974ab70000, 0x000001974ade0000, 0x00000197520a0000]
CodeHeap 'profiled nmethods': size=120000Kb used=6688Kb max_used=6688Kb free=113311Kb
 bounds [0x00000197430a0000, 0x0000019743730000, 0x000001974a5d0000]
CodeHeap 'non-nmethods': size=5760Kb used=1283Kb max_used=1297Kb free=4476Kb
 bounds [0x000001974a5d0000, 0x000001974a840000, 0x000001974ab70000]
CodeCache: size=245760Kb, used=9392Kb, max_used=9406Kb, free=236365Kb
 total_blobs=3914, nmethods=3354, adapters=465, full_count=0
Compilation: enabled, stopped_count=0, restarted_count=0

Compilation events (20 events):
Event: 6.023 Thread 0x0000019798c178b0 nmethod 3333 0x0000019743715990 code [0x0000019743715b40, 0x0000019743715d00]
Event: 6.023 Thread 0x000001979ed11310 nmethod 3329 0x000001974acd2190 code [0x000001974acd2320, 0x000001974acd24f8]
Event: 6.023 Thread 0x0000019798c178b0 3335       3       org.objectweb.asm.SymbolTable::addConstantUtf8 (98 bytes)
Event: 6.024 Thread 0x0000019798c178b0 nmethod 3335 0x0000019743715e10 code [0x0000019743716040, 0x0000019743716640]
Event: 6.024 Thread 0x0000019798c178b0 3336       3       org.objectweb.asm.SymbolTable::put (150 bytes)
Event: 6.024 Thread 0x0000019798c178b0 nmethod 3336 0x0000019743716990 code [0x0000019743716b80, 0x0000019743717290]
Event: 6.024 Thread 0x0000019798c178b0 3334       3       org.objectweb.asm.ByteVector::putShort (52 bytes)
Event: 6.024 Thread 0x0000019798c178b0 nmethod 3334 0x0000019743717590 code [0x0000019743717740, 0x0000019743717940]
Event: 6.024 Thread 0x0000019798c178b0 3337       3       org.objectweb.asm.Frame::merge (322 bytes)
Event: 6.025 Thread 0x0000019798c178b0 nmethod 3337 0x0000019743717a90 code [0x0000019743717cc0, 0x0000019743718580]
Event: 6.025 Thread 0x0000019798c178b0 3339       3       org.objectweb.asm.tree.AbstractInsnNode::<init> (15 bytes)
Event: 6.025 Thread 0x0000019798c178b0 nmethod 3339 0x0000019743718790 code [0x0000019743718940, 0x0000019743718ab0]
Event: 6.025 Thread 0x0000019798c178b0 3340       3       org.objectweb.asm.tree.InsnList::add (57 bytes)
Event: 6.025 Thread 0x0000019798c178b0 nmethod 3340 0x0000019743718b90 code [0x0000019743718d40, 0x0000019743718f30]
Event: 6.025 Thread 0x0000019798c178b0 3338       3       org.objectweb.asm.tree.MethodNode::getLabelNode (29 bytes)
Event: 6.025 Thread 0x0000019798c178b0 nmethod 3338 0x0000019743719010 code [0x00000197437191e0, 0x00000197437196b0]
Event: 6.025 Thread 0x0000019798c178b0 3341       3       org.objectweb.asm.Type::getSize (86 bytes)
Event: 6.025 Thread 0x0000019798c178b0 nmethod 3341 0x0000019743719810 code [0x00000197437199e0, 0x0000019743719d78]
Event: 6.026 Thread 0x0000019798c178b0 3342       3       org.objectweb.asm.ClassReader::readInt (52 bytes)
Event: 6.026 Thread 0x0000019798c178b0 nmethod 3342 0x0000019743719e90 code [0x000001974371a040, 0x000001974371a218]

GC Heap History (10 events):
Event: 1.001 GC heap before
{Heap before GC invocations=1 (full 0):
 PSYoungGen      total 29696K, used 25600K [0x00000000d5580000, 0x00000000d7680000, 0x0000000100000000)
  eden space 25600K, 100% used [0x00000000d5580000,0x00000000d6e80000,0x00000000d6e80000)
  from space 4096K, 0% used [0x00000000d7280000,0x00000000d7280000,0x00000000d7680000)
  to   space 4096K, 0% used [0x00000000d6e80000,0x00000000d6e80000,0x00000000d7280000)
 ParOldGen       total 68608K, used 0K [0x0000000080000000, 0x0000000084300000, 0x00000000d5580000)
  object space 68608K, 0% used [0x0000000080000000,0x0000000080000000,0x0000000084300000)
 Metaspace       used 4356K, committed 4608K, reserved 1114112K
  class space    used 475K, committed 576K, reserved 1048576K
}
Event: 1.007 GC heap after
{Heap after GC invocations=1 (full 0):
 PSYoungGen      total 29696K, used 3319K [0x00000000d5580000, 0x00000000d7680000, 0x0000000100000000)
  eden space 25600K, 0% used [0x00000000d5580000,0x00000000d5580000,0x00000000d6e80000)
  from space 4096K, 81% used [0x00000000d6e80000,0x00000000d71bde88,0x00000000d7280000)
  to   space 4096K, 0% used [0x00000000d7280000,0x00000000d7280000,0x00000000d7680000)
 ParOldGen       total 68608K, used 16K [0x0000000080000000, 0x0000000084300000, 0x00000000d5580000)
  object space 68608K, 0% used [0x0000000080000000,0x0000000080004000,0x0000000084300000)
 Metaspace       used 4356K, committed 4608K, reserved 1114112K
  class space    used 475K, committed 576K, reserved 1048576K
}
Event: 1.592 GC heap before
{Heap before GC invocations=2 (full 0):
 PSYoungGen      total 29696K, used 28919K [0x00000000d5580000, 0x00000000d7680000, 0x0000000100000000)
  eden space 25600K, 100% used [0x00000000d5580000,0x00000000d6e80000,0x00000000d6e80000)
  from space 4096K, 81% used [0x00000000d6e80000,0x00000000d71bde88,0x00000000d7280000)
  to   space 4096K, 0% used [0x00000000d7280000,0x00000000d7280000,0x00000000d7680000)
 ParOldGen       total 68608K, used 16K [0x0000000080000000, 0x0000000084300000, 0x00000000d5580000)
  object space 68608K, 0% used [0x0000000080000000,0x0000000080004000,0x0000000084300000)
 Metaspace       used 8022K, committed 8320K, reserved 1114112K
  class space    used 840K, committed 960K, reserved 1048576K
}
Event: 1.600 GC heap after
{Heap after GC invocations=2 (full 0):
 PSYoungGen      total 29696K, used 4070K [0x00000000d5580000, 0x00000000d7680000, 0x0000000100000000)
  eden space 25600K, 0% used [0x00000000d5580000,0x00000000d5580000,0x00000000d6e80000)
  from space 4096K, 99% used [0x00000000d7280000,0x00000000d7679800,0x00000000d7680000)
  to   space 4096K, 0% used [0x00000000d6e80000,0x00000000d6e80000,0x00000000d7280000)
 ParOldGen       total 68608K, used 1992K [0x0000000080000000, 0x0000000084300000, 0x00000000d5580000)
  object space 68608K, 2% used [0x0000000080000000,0x00000000801f2320,0x0000000084300000)
 Metaspace       used 8022K, committed 8320K, reserved 1114112K
  class space    used 840K, committed 960K, reserved 1048576K
}
Event: 1.957 GC heap before
{Heap before GC invocations=3 (full 0):
 PSYoungGen      total 29696K, used 29670K [0x00000000d5580000, 0x00000000d7680000, 0x0000000100000000)
  eden space 25600K, 100% used [0x00000000d5580000,0x00000000d6e80000,0x00000000d6e80000)
  from space 4096K, 99% used [0x00000000d7280000,0x00000000d7679800,0x00000000d7680000)
  to   space 4096K, 0% used [0x00000000d6e80000,0x00000000d6e80000,0x00000000d7280000)
 ParOldGen       total 68608K, used 1992K [0x0000000080000000, 0x0000000084300000, 0x00000000d5580000)
  object space 68608K, 2% used [0x0000000080000000,0x00000000801f2320,0x0000000084300000)
 Metaspace       used 9452K, committed 9792K, reserved 1114112K
  class space    used 1010K, committed 1152K, reserved 1048576K
}
Event: 1.964 GC heap after
{Heap after GC invocations=3 (full 0):
 PSYoungGen      total 29696K, used 4093K [0x00000000d5580000, 0x00000000d7680000, 0x0000000100000000)
  eden space 25600K, 0% used [0x00000000d5580000,0x00000000d5580000,0x00000000d6e80000)
  from space 4096K, 99% used [0x00000000d6e80000,0x00000000d727f540,0x00000000d7280000)
  to   space 4096K, 0% used [0x00000000d7280000,0x00000000d7280000,0x00000000d7680000)
 ParOldGen       total 68608K, used 4832K [0x0000000080000000, 0x0000000084300000, 0x00000000d5580000)
  object space 68608K, 7% used [0x0000000080000000,0x00000000804b8390,0x0000000084300000)
 Metaspace       used 9452K, committed 9792K, reserved 1114112K
  class space    used 1010K, committed 1152K, reserved 1048576K
}
Event: 4.238 GC heap before
{Heap before GC invocations=4 (full 0):
 PSYoungGen      total 29696K, used 29693K [0x00000000d5580000, 0x00000000d7680000, 0x0000000100000000)
  eden space 25600K, 100% used [0x00000000d5580000,0x00000000d6e80000,0x00000000d6e80000)
  from space 4096K, 99% used [0x00000000d6e80000,0x00000000d727f540,0x00000000d7280000)
  to   space 4096K, 0% used [0x00000000d7280000,0x00000000d7280000,0x00000000d7680000)
 ParOldGen       total 68608K, used 4832K [0x0000000080000000, 0x0000000084300000, 0x00000000d5580000)
  object space 68608K, 7% used [0x0000000080000000,0x00000000804b8390,0x0000000084300000)
 Metaspace       used 11678K, committed 12032K, reserved 1114112K
  class space    used 1240K, committed 1408K, reserved 1048576K
}
Event: 4.242 GC heap after
{Heap after GC invocations=4 (full 0):
 PSYoungGen      total 29696K, used 4069K [0x00000000d5580000, 0x00000000d7680000, 0x0000000100000000)
  eden space 25600K, 0% used [0x00000000d5580000,0x00000000d5580000,0x00000000d6e80000)
  from space 4096K, 99% used [0x00000000d7280000,0x00000000d7679490,0x00000000d7680000)
  to   space 4096K, 0% used [0x00000000d6e80000,0x00000000d6e80000,0x00000000d7280000)
 ParOldGen       total 68608K, used 6331K [0x0000000080000000, 0x0000000084300000, 0x00000000d5580000)
  object space 68608K, 9% used [0x0000000080000000,0x000000008062efb0,0x0000000084300000)
 Metaspace       used 11678K, committed 12032K, reserved 1114112K
  class space    used 1240K, committed 1408K, reserved 1048576K
}
Event: 4.717 GC heap before
{Heap before GC invocations=5 (full 0):
 PSYoungGen      total 29696K, used 29669K [0x00000000d5580000, 0x00000000d7680000, 0x0000000100000000)
  eden space 25600K, 100% used [0x00000000d5580000,0x00000000d6e80000,0x00000000d6e80000)
  from space 4096K, 99% used [0x00000000d7280000,0x00000000d7679490,0x00000000d7680000)
  to   space 4096K, 0% used [0x00000000d6e80000,0x00000000d6e80000,0x00000000d7280000)
 ParOldGen       total 68608K, used 6331K [0x0000000080000000, 0x0000000084300000, 0x00000000d5580000)
  object space 68608K, 9% used [0x0000000080000000,0x000000008062efb0,0x0000000084300000)
 Metaspace       used 15588K, committed 16256K, reserved 1114112K
  class space    used 1625K, committed 1920K, reserved 1048576K
}
Event: 4.722 GC heap after
{Heap after GC invocations=5 (full 0):
 PSYoungGen      total 29184K, used 4081K [0x00000000d5580000, 0x00000000d7a00000, 0x0000000100000000)
  eden space 25088K, 0% used [0x00000000d5580000,0x00000000d5580000,0x00000000d6e00000)
  from space 4096K, 99% used [0x00000000d6e80000,0x00000000d727c458,0x00000000d7280000)
  to   space 6144K, 0% used [0x00000000d7400000,0x00000000d7400000,0x00000000d7a00000)
 ParOldGen       total 68608K, used 7973K [0x0000000080000000, 0x0000000084300000, 0x00000000d5580000)
  object space 68608K, 11% used [0x0000000080000000,0x00000000807c9738,0x0000000084300000)
 Metaspace       used 15588K, committed 16256K, reserved 1114112K
  class space    used 1625K, committed 1920K, reserved 1048576K
}

Dll operation events (10 events):
Event: 0.018 Loaded shared library c:\Users\Lenovo\.vscode\extensions\redhat.java-1.55.0-win32-x64\jre\21.0.11-win32-x86_64\bin\java.dll
Event: 0.114 Loaded shared library c:\Users\Lenovo\.vscode\extensions\redhat.java-1.55.0-win32-x64\jre\21.0.11-win32-x86_64\bin\zip.dll
Event: 0.150 Loaded shared library C:\Users\Lenovo\.vscode\extensions\redhat.java-1.55.0-win32-x64\jre\21.0.11-win32-x86_64\bin\instrument.dll
Event: 0.159 Loaded shared library C:\Users\Lenovo\.vscode\extensions\redhat.java-1.55.0-win32-x64\jre\21.0.11-win32-x86_64\bin\net.dll
Event: 0.163 Loaded shared library C:\Users\Lenovo\.vscode\extensions\redhat.java-1.55.0-win32-x64\jre\21.0.11-win32-x86_64\bin\nio.dll
Event: 0.167 Loaded shared library C:\Users\Lenovo\.vscode\extensions\redhat.java-1.55.0-win32-x64\jre\21.0.11-win32-x86_64\bin\zip.dll
Event: 0.198 Loaded shared library C:\Users\Lenovo\.vscode\extensions\redhat.java-1.55.0-win32-x64\jre\21.0.11-win32-x86_64\bin\jimage.dll
Event: 0.305 Loaded shared library c:\Users\Lenovo\.vscode\extensions\redhat.java-1.55.0-win32-x64\jre\21.0.11-win32-x86_64\bin\verify.dll
Event: 1.607 Loaded shared library C:\Users\Lenovo\AppData\Roaming\Code\User\globalStorage\redhat.java\1.55.0\config_win\org.eclipse.equinox.launcher\org.eclipse.equinox.launcher.win32.win32.x86_64_1.3.100.v20260613-0559\eclipse_11924.dll
Event: 4.866 Loaded shared library C:\Users\Lenovo\AppData\Local\Temp\jna--2022488749\jna16883165045531778712.dll

Deoptimization events (20 events):
Event: 4.896 Thread 0x000001979e809b20 Uncommon trap: trap_request=0xffffffde fr.pc=0x000001974acb0470 relative=0x0000000000000050
Event: 4.896 Thread 0x000001979e809b20 Uncommon trap: reason=class_check action=maybe_recompile pc=0x000001974acb0470 method=java.lang.invoke.DirectMethodHandle.internalMemberName(Ljava/lang/Object;)Ljava/lang/Object; @ 1 c2
Event: 4.896 Thread 0x000001979e809b20 DEOPT PACKING pc=0x000001974acb0470 sp=0x0000008e5b1f3e20
Event: 4.896 Thread 0x000001979e809b20 DEOPT UNPACKING pc=0x000001974a623aa2 sp=0x0000008e5b1f3db0 mode 2
Event: 4.899 Thread 0x000001979e809b20 Uncommon trap: trap_request=0xffffffc6 fr.pc=0x000001974ac25c88 relative=0x0000000000000b88
Event: 4.899 Thread 0x000001979e809b20 Uncommon trap: reason=bimorphic_or_optimized_type_check action=maybe_recompile pc=0x000001974ac25c88 method=java.util.HashMap.putVal(ILjava/lang/Object;Ljava/lang/Object;ZZ)Ljava/lang/Object; @ 91 c2
Event: 4.899 Thread 0x000001979e809b20 DEOPT PACKING pc=0x000001974ac25c88 sp=0x0000008e5b1f7e30
Event: 4.899 Thread 0x000001979e809b20 DEOPT UNPACKING pc=0x000001974a623aa2 sp=0x0000008e5b1f7d58 mode 2
Event: 4.899 Thread 0x000001979e809b20 Uncommon trap: trap_request=0xffffff45 fr.pc=0x000001974acbff9c relative=0x000000000000093c
Event: 4.899 Thread 0x000001979e809b20 Uncommon trap: reason=unstable_if action=reinterpret pc=0x000001974acbff9c method=java.util.concurrent.ConcurrentHashMap.putVal(Ljava/lang/Object;Ljava/lang/Object;Z)Ljava/lang/Object; @ 401 c2
Event: 4.899 Thread 0x000001979e809b20 DEOPT PACKING pc=0x000001974acbff9c sp=0x0000008e5b1f7630
Event: 4.899 Thread 0x000001979e809b20 DEOPT UNPACKING pc=0x000001974a623aa2 sp=0x0000008e5b1f75a0 mode 2
Event: 4.950 Thread 0x000001979f5a4520 Uncommon trap: trap_request=0xffffff45 fr.pc=0x000001974ac622e0 relative=0x00000000000000c0
Event: 4.950 Thread 0x000001979f5a4520 Uncommon trap: reason=unstable_if action=reinterpret pc=0x000001974ac622e0 method=java.util.concurrent.locks.ReentrantLock$NonfairSync.initialTryLock()Z @ 25 c2
Event: 4.950 Thread 0x000001979f5a4520 DEOPT PACKING pc=0x000001974ac622e0 sp=0x0000008e5b8fdc80
Event: 4.950 Thread 0x000001979f5a4520 DEOPT UNPACKING pc=0x000001974a623aa2 sp=0x0000008e5b8fdc00 mode 2
Event: 5.988 Thread 0x000001979e809b20 Uncommon trap: trap_request=0xffffff45 fr.pc=0x000001974ac88710 relative=0x0000000000000070
Event: 5.988 Thread 0x000001979e809b20 Uncommon trap: reason=unstable_if action=reinterpret pc=0x000001974ac88710 method=java.lang.ref.ReferenceQueue.poll()Ljava/lang/ref/Reference; @ 4 c2
Event: 5.988 Thread 0x000001979e809b20 DEOPT PACKING pc=0x000001974ac88710 sp=0x0000008e5b1f3050
Event: 5.988 Thread 0x000001979e809b20 DEOPT UNPACKING pc=0x000001974a623aa2 sp=0x0000008e5b1f2fd8 mode 2

Classes loaded (20 events):
Event: 4.895 Loading class java/util/stream/SliceOps$1$1
Event: 4.895 Loading class java/util/stream/SliceOps$1$1 done
Event: 4.898 Loading class jdk/internal/reflect/MethodHandleShortFieldAccessorImpl
Event: 4.898 Loading class jdk/internal/reflect/MethodHandleShortFieldAccessorImpl done
Event: 4.899 Loading class java/lang/Short$ShortCache
Event: 4.899 Loading class java/lang/Short$ShortCache done
Event: 4.924 Loading class java/util/function/LongUnaryOperator
Event: 4.924 Loading class java/util/function/LongUnaryOperator done
Event: 4.925 Loading class java/lang/ThreadDeath
Event: 4.925 Loading class java/lang/ThreadDeath done
Event: 4.934 Loading class java/util/stream/SortedOps$SizedRefSortingSink
Event: 4.934 Loading class java/util/stream/SortedOps$SizedRefSortingSink done
Event: 4.962 Loading class java/util/concurrent/atomic/Striped64$1
Event: 4.962 Loading class java/util/concurrent/atomic/Striped64$1 done
Event: 6.017 Loading class java/util/BitSet
Event: 6.017 Loading class java/util/BitSet done
Event: 6.020 Loading class sun/net/www/protocol/jrt/JavaRuntimeURLConnection
Event: 6.020 Loading class sun/net/www/protocol/jrt/JavaRuntimeURLConnection done
Event: 6.021 Loading class sun/net/www/protocol/jrt/JavaRuntimeURLConnection$1
Event: 6.021 Loading class sun/net/www/protocol/jrt/JavaRuntimeURLConnection$1 done

Classes unloaded (0 events):
No events

Classes redefined (0 events):
No events

Internal exceptions (20 events):
Event: 4.782 Thread 0x000001979e809b20 Exception <a 'java/lang/NoSuchMethodError'{0x00000000d584d968}: 'java.lang.Object java.lang.invoke.DirectMethodHandle$Holder.invokeStaticInit(java.lang.Object, int)'> (0x00000000d584d968) 
thrown [s\src\hotspot\share\interpreter\linkResolver.cpp, line 773]
Event: 4.822 Thread 0x000001979e809b20 Exception <a 'java/lang/NoSuchMethodError'{0x00000000d5ad1308}: 'java.lang.Object java.lang.invoke.DirectMethodHandle$Holder.invokeStaticInit(java.lang.Object, int, int, int, int)'> (0x00000000d5ad1308) 
thrown [s\src\hotspot\share\interpreter\linkResolver.cpp, line 773]
Event: 4.855 Thread 0x000001979e809b20 Exception <a 'java/lang/NoSuchMethodError'{0x00000000d5c39cc8}: 'java.lang.Object java.lang.invoke.DirectMethodHandle$Holder.invokeStaticInit(java.lang.Object, java.lang.Object, int, int, int, int)'> (0x00000000d5c39cc8) 
thrown [s\src\hotspot\share\interpreter\linkResolver.cpp, line 773]
Event: 4.883 Thread 0x000001979e809b20 Exception <a 'java/lang/NoSuchMethodError'{0x00000000d5d5cc30}: 'void java.lang.invoke.DirectMethodHandle$Holder.invokeSpecial(java.lang.Object, java.lang.Object, java.lang.Object, int)'> (0x00000000d5d5cc30) 
thrown [s\src\hotspot\share\interpreter\linkResolver.cpp, line 773]
Event: 4.883 Thread 0x000001979e809b20 Exception <a 'java/lang/NoSuchMethodError'{0x00000000d5d605c0}: 'void java.lang.invoke.DelegatingMethodHandle$Holder.reinvoke_L(java.lang.Object, java.lang.Object, int)'> (0x00000000d5d605c0) 
thrown [s\src\hotspot\share\interpreter\linkResolver.cpp, line 773]
Event: 4.883 Thread 0x000001979e809b20 Exception <a 'java/lang/NoSuchMethodError'{0x00000000d5d672a8}: 'int java.lang.invoke.Invokers$Holder.invokeExact_MT(java.lang.Object, java.lang.Object, java.lang.Object)'> (0x00000000d5d672a8) 
thrown [s\src\hotspot\share\interpreter\linkResolver.cpp, line 773]
Event: 4.894 Thread 0x000001979e809b20 Exception <a 'java/lang/NoSuchMethodError'{0x00000000d5e44f80}: method resolution failed> (0x00000000d5e44f80) 
thrown [s\src\hotspot\share\prims\methodHandles.cpp, line 1136]
Event: 4.900 Thread 0x000001979e809b20 Exception <a 'java/lang/NoSuchMethodError'{0x00000000d5e9d720}: 'void java.lang.invoke.Invokers$Holder.invokeExact_MT(java.lang.Object, java.lang.Object, int, java.lang.Object)'> (0x00000000d5e9d720) 
thrown [s\src\hotspot\share\interpreter\linkResolver.cpp, line 773]
Event: 4.922 Thread 0x000001979e809b20 Exception <a 'java/lang/NoSuchMethodError'{0x00000000d5faff48}: 'java.lang.Object java.lang.invoke.DirectMethodHandle$Holder.invokeSpecial(java.lang.Object, java.lang.Object, java.lang.Object, long, java.lang.Object)'> (0x00000000d5faff48) 
thrown [s\src\hotspot\share\interpreter\linkResolver.cpp, line 773]
Event: 4.923 Thread 0x000001979e809b20 Exception <a 'java/lang/NoSuchMethodError'{0x00000000d5fb7790}: 'java.lang.Object java.lang.invoke.DirectMethodHandle$Holder.newInvokeSpecial(java.lang.Object, java.lang.Object, java.lang.Object, long)'> (0x00000000d5fb7790) 
thrown [s\src\hotspot\share\interpreter\linkResolver.cpp, line 773]
Event: 4.923 Thread 0x000001979e809b20 Exception <a 'java/lang/NoSuchMethodError'{0x00000000d5fbbb40}: 'java.lang.Object java.lang.invoke.DirectMethodHandle$Holder.invokeSpecial(java.lang.Object, java.lang.Object, java.lang.Object, java.lang.Object, long)'> (0x00000000d5fbbb40) 
thrown [s\src\hotspot\share\interpreter\linkResolver.cpp, line 773]
Event: 4.923 Thread 0x000001979e809b20 Exception <a 'java/lang/NoSuchMethodError'{0x00000000d5fbf760}: 'java.lang.Object java.lang.invoke.Invokers$Holder.linkToTargetMethod(java.lang.Object, java.lang.Object, long, java.lang.Object)'> (0x00000000d5fbf760) 
thrown [s\src\hotspot\share\interpreter\linkResolver.cpp, line 773]
Event: 4.932 Thread 0x000001979e809b20 Exception <a 'java/lang/NoSuchMethodError'{0x00000000d603a840}: 'int java.lang.invoke.DirectMethodHandle$Holder.invokeStaticInit(java.lang.Object, java.lang.Object, java.lang.Object)'> (0x00000000d603a840) 
thrown [s\src\hotspot\share\interpreter\linkResolver.cpp, line 773]
Event: 4.942 Thread 0x000001979e809b20 Exception <a 'java/lang/IncompatibleClassChangeError'{0x00000000d60e6228}: Found class java.lang.Object, but interface was expected> (0x00000000d60e6228) 
thrown [s\src\hotspot\share\interpreter\linkResolver.cpp, line 840]
Event: 4.945 Thread 0x000001979e809b20 Exception <a 'java/lang/NoSuchMethodError'{0x00000000d60f5f80}: 'java.lang.Object java.lang.invoke.DirectMethodHandle$Holder.invokeSpecial(java.lang.Object, java.lang.Object, java.lang.Object, int, java.lang.Object, java.lang.Object)'> (0x00000000d60f5f80) 
thrown [s\src\hotspot\share\interpreter\linkResolver.cpp, line 773]
Event: 4.946 Thread 0x000001979e809b20 Exception <a 'java/lang/NoSuchMethodError'{0x00000000d60fda10}: 'java.lang.Object java.lang.invoke.DirectMethodHandle$Holder.newInvokeSpecial(java.lang.Object, java.lang.Object, java.lang.Object, int, java.lang.Object)'> (0x00000000d60fda10) 
thrown [s\src\hotspot\share\interpreter\linkResolver.cpp, line 773]
Event: 4.946 Thread 0x000001979e809b20 Exception <a 'java/lang/NoSuchMethodError'{0x00000000d6101990}: 'java.lang.Object java.lang.invoke.DirectMethodHandle$Holder.invokeSpecial(java.lang.Object, java.lang.Object, java.lang.Object, java.lang.Object, int, java.lang.Object)'> (0x00000000d6101990) 
thrown [s\src\hotspot\share\interpreter\linkResolver.cpp, line 773]
Event: 4.947 Thread 0x000001979e809b20 Exception <a 'java/lang/NoSuchMethodError'{0x00000000d61054d0}: 'java.lang.Object java.lang.invoke.Invokers$Holder.linkToTargetMethod(java.lang.Object, java.lang.Object, int, java.lang.Object, java.lang.Object)'> (0x00000000d61054d0) 
thrown [s\src\hotspot\share\interpreter\linkResolver.cpp, line 773]
Event: 4.948 Thread 0x000001979f5a4520 Exception <a 'java/lang/NoSuchMethodError'{0x00000000d600f020}: 'java.lang.Object java.lang.invoke.DirectMethodHandle$Holder.invokeSpecial(java.lang.Object, java.lang.Object, int, java.lang.Object, java.lang.Object)'> (0x00000000d600f020) 
thrown [s\src\hotspot\share\interpreter\linkResolver.cpp, line 773]
Event: 4.965 Thread 0x000001979e809b20 Exception <a 'java/lang/NoSuchMethodError'{0x00000000d62018c8}: 'void java.lang.invoke.DirectMethodHandle$Holder.invokeSpecial(java.lang.Object, java.lang.Object, java.lang.Object, java.lang.Object, java.lang.Object)'> (0x00000000d62018c8) 
thrown [s\src\hotspot\share\interpreter\linkResolver.cpp, line 773]

ZGC Phase Switch (0 events):
No events

VM Operations (20 events):
Event: 4.222 Executing non-safepoint VM operation: HandshakeAllThreads (Deoptimize)
Event: 4.222 Executing non-safepoint VM operation: HandshakeAllThreads (Deoptimize) done
Event: 4.238 Executing safepoint VM operation: ParallelGCFailedAllocation (Allocation Failure)
Event: 4.242 Executing safepoint VM operation: ParallelGCFailedAllocation (Allocation Failure) done
Event: 4.657 Executing non-safepoint VM operation: HandshakeAllThreads (Deoptimize)
Event: 4.657 Executing non-safepoint VM operation: HandshakeAllThreads (Deoptimize) done
Event: 4.667 Executing safepoint VM operation: ICBufferFull
Event: 4.667 Executing safepoint VM operation: ICBufferFull done
Event: 4.717 Executing safepoint VM operation: ParallelGCFailedAllocation (Allocation Failure)
Event: 4.722 Executing safepoint VM operation: ParallelGCFailedAllocation (Allocation Failure) done
Event: 4.846 Executing non-safepoint VM operation: HandshakeAllThreads (Deoptimize)
Event: 4.846 Executing non-safepoint VM operation: HandshakeAllThreads (Deoptimize) done
Event: 4.874 Executing non-safepoint VM operation: HandshakeAllThreads (Deoptimize)
Event: 4.874 Executing non-safepoint VM operation: HandshakeAllThreads (Deoptimize) done
Event: 5.874 Executing safepoint VM operation: Cleanup
Event: 5.982 Executing safepoint VM operation: Cleanup done
Event: 6.021 Executing non-safepoint VM operation: HandshakeAllThreads (Deoptimize)
Event: 6.022 Executing non-safepoint VM operation: HandshakeAllThreads (Deoptimize) done
Event: 7.032 Executing safepoint VM operation: Cleanup
Event: 7.032 Executing safepoint VM operation: Cleanup done

Memory protections (0 events):
No events

Nmethod flushes (0 events):
No events

Events (20 events):
Event: 0.459 Thread 0x000001973febf5f0 Thread added: 0x0000019798f43d90
Event: 0.463 Thread 0x0000019798c178b0 Thread added: 0x0000019798f3f170
Event: 0.598 Thread 0x0000019798c111d0 Thread added: 0x000001979e00e0d0
Event: 1.100 Thread 0x000001979e00e0d0 Thread exited: 0x000001979e00e0d0
Event: 1.176 Thread 0x0000019798c178b0 Thread added: 0x000001979e38f620
Event: 1.387 Thread 0x000001973febf5f0 Thread added: 0x000001979e80aed0
Event: 1.602 Thread 0x000001973febf5f0 Thread added: 0x000001979e80b560
Event: 1.642 Thread 0x000001979e80b560 Thread added: 0x000001979e809490
Event: 1.646 Thread 0x000001973febf5f0 Thread added: 0x000001979e809b20
Event: 2.074 Thread 0x000001979e809b20 Thread added: 0x000001979e8080e0
Event: 2.533 Thread 0x000001979e38f620 Thread exited: 0x000001979e38f620
Event: 2.533 Thread 0x0000019798f3f170 Thread exited: 0x0000019798f3f170
Event: 4.150 Thread 0x000001979e809b20 Thread added: 0x000001979e808770
Event: 4.289 Thread 0x0000019798c178b0 Thread added: 0x000001979ed11310
Event: 4.289 Thread 0x0000019798c178b0 Thread added: 0x000001979ee4f990
Event: 4.467 Thread 0x000001979e809b20 Thread added: 0x000001979e80a840
Event: 4.889 Thread 0x000001979e809b20 Thread added: 0x000001979e808e00
Event: 4.927 Thread 0x000001979e809b20 Thread added: 0x000001979f5a4520
Event: 4.947 Thread 0x000001979e809b20 Thread added: 0x000001979f5a5240
Event: 5.205 Thread 0x000001979f5a5240 Thread added: 0x000001979f5a3e90


Dynamic libraries:
0x00007ff6d3a50000 - 0x00007ff6d3a5e000 	c:\Users\Lenovo\.vscode\extensions\redhat.java-1.55.0-win32-x64\jre\21.0.11-win32-x86_64\bin\java.exe
0x00007ffe446e0000 - 0x00007ffe44946000 	C:\WINDOWS\SYSTEM32\ntdll.dll
0x00007ffe43b20000 - 0x00007ffe43be9000 	C:\WINDOWS\System32\KERNEL32.DLL
0x00007ffe41dd0000 - 0x00007ffe421ce000 	C:\WINDOWS\System32\KERNELBASE.dll
0x00007ffe41b40000 - 0x00007ffe41c8c000 	C:\WINDOWS\System32\ucrtbase.dll
0x00007ffe2d3a0000 - 0x00007ffe2d3b8000 	c:\Users\Lenovo\.vscode\extensions\redhat.java-1.55.0-win32-x64\jre\21.0.11-win32-x86_64\bin\jli.dll
0x00007ffe25610000 - 0x00007ffe2562e000 	c:\Users\Lenovo\.vscode\extensions\redhat.java-1.55.0-win32-x64\jre\21.0.11-win32-x86_64\bin\VCRUNTIME140.dll
0x00007ffe43120000 - 0x00007ffe432e7000 	C:\WINDOWS\System32\USER32.dll
0x00007ffe421e0000 - 0x00007ffe42207000 	C:\WINDOWS\System32\win32u.dll
0x00007ffe30d30000 - 0x00007ffe30fc2000 	C:\WINDOWS\WinSxS\amd64_microsoft.windows.common-controls_6595b64144ccf1df_6.0.26100.8894_none_3e0f749ee32e02ea\COMCTL32.dll
0x00007ffe43070000 - 0x00007ffe43119000 	C:\WINDOWS\System32\msvcrt.dll
0x00007ffe42470000 - 0x00007ffe4249b000 	C:\WINDOWS\System32\GDI32.dll
0x00007ffe41ca0000 - 0x00007ffe41dca000 	C:\WINDOWS\System32\gdi32full.dll
0x00007ffe42360000 - 0x00007ffe42403000 	C:\WINDOWS\System32\msvcp_win.dll
0x00007ffe43310000 - 0x00007ffe43342000 	C:\WINDOWS\System32\IMM32.DLL
0x00000000527f0000 - 0x00000000527fd000 	C:\Program Files (x86)\360\Total Security\safemon\SafeWrapper.dll
0x00007ffe43790000 - 0x00007ffe43847000 	C:\WINDOWS\System32\ADVAPI32.dll
0x00007ffe43900000 - 0x00007ffe439aa000 	C:\WINDOWS\System32\sechost.dll
0x00007ffe440f0000 - 0x00007ffe44208000 	C:\WINDOWS\System32\RPCRT4.dll
0x00007ffe3f1d0000 - 0x00007ffe3f2d5000 	C:\Program Files (x86)\360\Total Security\safemon\libzdtp64.dll
0x00007ffe428d0000 - 0x00007ffe43062000 	C:\WINDOWS\System32\SHELL32.dll
0x00007ffe43bf0000 - 0x00007ffe43c57000 	C:\WINDOWS\System32\SHLWAPI.dll
0x00007ffe413c0000 - 0x00007ffe413cb000 	C:\WINDOWS\SYSTEM32\VERSION.dll
0x00007ffe36ae0000 - 0x00007ffe36aec000 	c:\Users\Lenovo\.vscode\extensions\redhat.java-1.55.0-win32-x64\jre\21.0.11-win32-x86_64\bin\vcruntime140_1.dll
0x00007ffe11cd0000 - 0x00007ffe11d5d000 	c:\Users\Lenovo\.vscode\extensions\redhat.java-1.55.0-win32-x64\jre\21.0.11-win32-x86_64\bin\msvcp140.dll
0x00007ffdb7890000 - 0x00007ffdb8632000 	c:\Users\Lenovo\.vscode\extensions\redhat.java-1.55.0-win32-x64\jre\21.0.11-win32-x86_64\bin\server\jvm.dll
0x00007ffe43640000 - 0x00007ffe436c0000 	C:\WINDOWS\System32\WS2_32.dll
0x00007ffe41760000 - 0x00007ffe417be000 	C:\WINDOWS\SYSTEM32\POWRPROF.dll
0x00007ffe3aaf0000 - 0x00007ffe3ab26000 	C:\WINDOWS\SYSTEM32\WINMM.dll
0x00007ffe41740000 - 0x00007ffe41754000 	C:\WINDOWS\SYSTEM32\UMPDC.dll
0x00007ffe40520000 - 0x00007ffe4053b000 	C:\WINDOWS\SYSTEM32\kernel.appcore.dll
0x00007ffe36980000 - 0x00007ffe3698a000 	c:\Users\Lenovo\.vscode\extensions\redhat.java-1.55.0-win32-x64\jre\21.0.11-win32-x86_64\bin\jimage.dll
0x00007ffe3eda0000 - 0x00007ffe3efe2000 	C:\WINDOWS\SYSTEM32\DBGHELP.DLL
0x00007ffe44310000 - 0x00007ffe44693000 	C:\WINDOWS\System32\combase.dll
0x00007ffe43350000 - 0x00007ffe43429000 	C:\WINDOWS\System32\OLEAUT32.dll
0x00007ffe3aab0000 - 0x00007ffe3aaeb000 	C:\WINDOWS\SYSTEM32\dbgcore.DLL
0x00007ffe42210000 - 0x00007ffe422bc000 	C:\WINDOWS\System32\bcryptPrimitives.dll
0x00007ffe37570000 - 0x00007ffe3757f000 	c:\Users\Lenovo\.vscode\extensions\redhat.java-1.55.0-win32-x64\jre\21.0.11-win32-x86_64\bin\instrument.dll
0x00007ffe21380000 - 0x00007ffe213a0000 	c:\Users\Lenovo\.vscode\extensions\redhat.java-1.55.0-win32-x64\jre\21.0.11-win32-x86_64\bin\java.dll
0x00007ffe3f2e0000 - 0x00007ffe3fb72000 	C:\WINDOWS\SYSTEM32\windows.storage.dll
0x00007ffe427d0000 - 0x00007ffe428c7000 	C:\WINDOWS\System32\SHCORE.dll
0x00007ffe41820000 - 0x00007ffe41849000 	C:\WINDOWS\SYSTEM32\profapi.dll
0x00007ffe21690000 - 0x00007ffe216a8000 	c:\Users\Lenovo\.vscode\extensions\redhat.java-1.55.0-win32-x64\jre\21.0.11-win32-x86_64\bin\zip.dll
0x00007ffe37560000 - 0x00007ffe37570000 	C:\Users\Lenovo\.vscode\extensions\redhat.java-1.55.0-win32-x64\jre\21.0.11-win32-x86_64\bin\net.dll
0x00007ffe37830000 - 0x00007ffe37957000 	C:\WINDOWS\SYSTEM32\WINHTTP.dll
0x00007ffe40ab0000 - 0x00007ffe40b1c000 	C:\WINDOWS\system32\mswsock.dll
0x00007ffe36840000 - 0x00007ffe36856000 	C:\Users\Lenovo\.vscode\extensions\redhat.java-1.55.0-win32-x64\jre\21.0.11-win32-x86_64\bin\nio.dll
0x00007ffe36b20000 - 0x00007ffe36b30000 	c:\Users\Lenovo\.vscode\extensions\redhat.java-1.55.0-win32-x64\jre\21.0.11-win32-x86_64\bin\verify.dll
0x00007ffe2a030000 - 0x00007ffe2a075000 	C:\Users\Lenovo\AppData\Roaming\Code\User\globalStorage\redhat.java\1.55.0\config_win\org.eclipse.equinox.launcher\org.eclipse.equinox.launcher.win32.win32.x86_64_1.3.100.v20260613-0559\eclipse_11924.dll
0x00007ffe424a0000 - 0x00007ffe42639000 	C:\WINDOWS\System32\ole32.dll
0x00007ffe40ee0000 - 0x00007ffe40efb000 	C:\WINDOWS\SYSTEM32\CRYPTSP.dll
0x00007ffe40480000 - 0x00007ffe404b9000 	C:\WINDOWS\system32\rsaenh.dll
0x00007ffe40b70000 - 0x00007ffe40ba2000 	C:\WINDOWS\SYSTEM32\USERENV.dll
0x00007ffe417f0000 - 0x00007ffe4181a000 	C:\WINDOWS\SYSTEM32\bcrypt.dll
0x00007ffe40d20000 - 0x00007ffe40d2c000 	C:\WINDOWS\SYSTEM32\CRYPTBASE.dll
0x00007ffe3fed0000 - 0x00007ffe3ff03000 	C:\WINDOWS\SYSTEM32\IPHLPAPI.DLL
0x00007ffe43300000 - 0x00007ffe4330a000 	C:\WINDOWS\System32\NSI.dll
0x00007ffe1d730000 - 0x00007ffe1d779000 	C:\Users\Lenovo\AppData\Local\Temp\jna--2022488749\jna16883165045531778712.dll
0x00007ffe432f0000 - 0x00007ffe432f8000 	C:\WINDOWS\System32\PSAPI.DLL

JVMTI agents:
c:\Users\Lenovo\.vscode\extensions\redhat.java-1.55.0-win32-x64\lombok\lombok-1.18.39-4050.jar path:c:\Users\Lenovo\.vscode\extensions\redhat.java-1.55.0-win32-x64\jre\21.0.11-win32-x86_64\bin\instrument.dll, loaded, initialized, instrumentlib options:none

dbghelp: loaded successfully - version: 4.0.5 - missing functions: none
symbol engine: initialized successfully - sym options: 0x614 - pdb path: .;c:\Users\Lenovo\.vscode\extensions\redhat.java-1.55.0-win32-x64\jre\21.0.11-win32-x86_64\bin;C:\WINDOWS\SYSTEM32;C:\WINDOWS\WinSxS\amd64_microsoft.windows.common-controls_6595b64144ccf1df_6.0.26100.8894_none_3e0f749ee32e02ea;C:\Program Files (x86)\360\Total Security\safemon;c:\Users\Lenovo\.vscode\extensions\redhat.java-1.55.0-win32-x64\jre\21.0.11-win32-x86_64\bin\server;C:\Users\Lenovo\AppData\Roaming\Code\User\globalStorage\redhat.java\1.55.0\config_win\org.eclipse.equinox.launcher\org.eclipse.equinox.launcher.win32.win32.x86_64_1.3.100.v20260613-0559;C:\Users\Lenovo\AppData\Local\Temp\jna--2022488749

VM Arguments:
jvm_args: --add-modules=ALL-SYSTEM --add-opens=java.base/java.util=ALL-UNNAMED --add-opens=java.base/java.lang=ALL-UNNAMED --add-opens=java.base/sun.nio.fs=ALL-UNNAMED -Declipse.application=org.eclipse.jdt.ls.core.id1 -Dosgi.bundles.defaultStartLevel=4 -Declipse.product=org.eclipse.jdt.ls.core.product -Djava.import.generatesMetadataFilesAtProjectRoot=false -DDetectVMInstallationsJob.disabled=true -Dfile.encoding=utf8 -XX:+UseParallelGC -XX:GCTimeRatio=4 -XX:AdaptiveSizePolicyWeight=90 -Dsun.zip.disableMemoryMapping=true -Xmx2G -Xms100m -Xlog:disable -javaagent:c:\Users\Lenovo\.vscode\extensions\redhat.java-1.55.0-win32-x64\lombok\lombok-1.18.39-4050.jar -XX:+HeapDumpOnOutOfMemoryError -XX:HeapDumpPath=c:\Users\Lenovo\AppData\Roaming\Code\User\workspaceStorage\eb1923ee63e7e26d040958249cb321ab\redhat.java -Daether.dependencyCollector.impl=bf 
java_command: c:\Users\Lenovo\.vscode\extensions\redhat.java-1.55.0-win32-x64\server\plugins\org.eclipse.equinox.launcher_1.7.200.v20260619-2039.jar -configuration c:\Users\Lenovo\AppData\Roaming\Code\User\globalStorage\redhat.java\1.55.0\config_win -data c:\Users\Lenovo\AppData\Roaming\Code\User\workspaceStorage\eb1923ee63e7e26d040958249cb321ab\redhat.java\jdt_ws --pipe=\\.\pipe\lsp-b00aabd71dc199153e08b5b27565bfaf-sock
java_class_path (initial): c:\Users\Lenovo\.vscode\extensions\redhat.java-1.55.0-win32-x64\server\plugins\org.eclipse.equinox.launcher_1.7.200.v20260619-2039.jar
Launcher Type: SUN_STANDARD

[Global flags]
    uintx AdaptiveSizePolicyWeight                 = 90                                        {product} {command line}
     intx CICompilerCount                          = 4                                         {product} {ergonomic}
    uintx GCTimeRatio                              = 4                                         {product} {command line}
     bool HeapDumpOnOutOfMemoryError               = true                                   {manageable} {command line}
    ccstr HeapDumpPath                             = c:\Users\Lenovo\AppData\Roaming\Code\User\workspaceStorage\eb1923ee63e7e26d040958249cb321ab\redhat.java         {manageable} {command line}
   size_t InitialHeapSize                          = 104857600                                 {product} {command line}
   size_t MaxHeapSize                              = 2147483648                                {product} {command line}
   size_t MaxNewSize                               = 715653120                                 {product} {ergonomic}
   size_t MinHeapDeltaBytes                        = 524288                                    {product} {ergonomic}
   size_t MinHeapSize                              = 104857600                                 {product} {command line}
   size_t NewSize                                  = 34603008                                  {product} {ergonomic}
    uintx NonNMethodCodeHeapSize                   = 5839372                                {pd product} {ergonomic}
    uintx NonProfiledCodeHeapSize                  = 122909434                              {pd product} {ergonomic}
   size_t OldSize                                  = 70254592                                  {product} {ergonomic}
    uintx ProfiledCodeHeapSize                     = 122909434                              {pd product} {ergonomic}
    uintx ReservedCodeCacheSize                    = 251658240                              {pd product} {ergonomic}
     bool SegmentedCodeCache                       = true                                      {product} {ergonomic}
   size_t SoftMaxHeapSize                          = 2147483648                             {manageable} {ergonomic}
     bool UseCompressedOops                        = true                           {product lp64_product} {ergonomic}
     bool UseLargePagesIndividualAllocation        = false                                  {pd product} {ergonomic}
     bool UseParallelGC                            = true                                      {product} {command line}

Logging:
Log output configuration:
 #0: stdout all=off uptime,level,tags foldmultilines=false
 #1: stderr all=off uptime,level,tags foldmultilines=false

Release file:
JAVA_VERSION="21.0.11" 
MODULES="java.base java.compiler java.datatransfer java.xml java.prefs java.desktop java.instrument java.logging java.management java.security.sasl java.naming java.rmi java.management.rmi java.net.http java.scripting java.security.jgss java.transaction.xa java.sql java.sql.rowset java.xml.crypto java.se java.smartcardio jdk.accessibility jdk.internal.jvmstat jdk.attach jdk.charsets jdk.internal.opt jdk.zipfs jdk.compiler jdk.crypto.ec jdk.crypto.cryptoki jdk.crypto.mscapi jdk.dynalink jdk.internal.ed jdk.editpad jdk.hotspot.agent jdk.httpserver jdk.internal.le jdk.internal.vm.ci jdk.internal.vm.compiler jdk.internal.vm.compiler.management jdk.jartool jdk.javadoc jdk.jcmd jdk.management jdk.management.agent jdk.jconsole jdk.jdeps jdk.jdwp.agent jdk.jdi jdk.jfr jdk.jshell jdk.jsobject jdk.jstatd jdk.localedata jdk.management.jfr jdk.naming.dns jdk.naming.rmi jdk.net jdk.nio.mapmode jdk.random jdk.sctp jdk.security.auth jdk.security.jgss jdk.unsupported jdk.unsupported.desktop jdk.xml.dom" 

Environment Variables:
PATH=C:\Program Files\Common Files\Oracle\Java\javapath;C:\Program Files\nodejs\;C:\Program Files\Git\cmd;C:\WINDOWS\system32;C:\WINDOWS;C:\WINDOWS\System32\Wbem;C:\WINDOWS\System32\WindowsPowerShell\v1.0\;C:\WINDOWS\System32\OpenSSH\;C:\Program Files\Docker\Docker\resources\bin;C:\Program Files\Microsoft SQL Server\170\Tools\Binn\;C:\Program Files\Microsoft SQL Server\Client SDK\ODBC\170\Tools\Binn\;C:\Program Files\Mullvad VPN\resources;C:\Program Files\dotnet\;C:\Users\Lenovo\AppData\Local\Microsoft\WindowsApps;C:\Users\Lenovo\AppData\Local\Programs\Microsoft VS Code\bin;C:\Users\Lenovo\AppData\Roaming\npm;C:\Program Files\JetBrains\PhpStorm 2026.1.3\bin;C:\Users\Lenovo\AppData\Local\Programs\mongosh\;C:\Users\Lenovo\.dotnet\tools;C:\Users\Lenovo\AppData\Local\Gource\cmd;C:\Users\Lenovo\AppData\Local\GitHubDesktop\bin
USERNAME=Lenovo
OS=Windows_NT
PROCESSOR_IDENTIFIER=AMD64 Family 23 Model 104 Stepping 1, AuthenticAMD
TMP=C:\Users\Lenovo\AppData\Local\Temp
TEMP=C:\Users\Lenovo\AppData\Local\Temp




Periodic native trim disabled

---------------  S Y S T E M  ---------------

OS:
 Windows 11 , 64 bit Build 26100 (10.0.26100.8875)
OS uptime: 0 days 3:03 hours
Hyper-V role detected

CPU: total 12 (initial active 12) (12 cores per cpu, 2 threads per core) family 23 model 104 stepping 1 microcode 0x8608103, cx8, cmov, fxsr, ht, mmx, 3dnowpref, sse, sse2, sse3, ssse3, sse4a, sse4.1, sse4.2, popcnt, lzcnt, tsc, tscinvbit, avx, avx2, aes, clmul, bmi1, bmi2, adx, sha, fma, vzeroupper, clflush, clflushopt, hv, rdtscp, rdpid, f16c
Processor Information for the first 12 processors :
  Max Mhz: 2100, Current Mhz: 2100, Mhz Limit: 2100

Memory: 4k page, system-wide physical 15178M (5003M free)
TotalPageFile size 15178M (AvailPageFile size 0M)
current process WorkingSet (physical memory assigned to process): 138M, peak: 138M
current process commit charge ("private bytes"): 282M, peak: 283M

vm_info: OpenJDK 64-Bit Server VM (21.0.11+10-LTS) for windows-amd64 JRE (21.0.11+10-LTS), built on 2026-04-21T00:00:00Z by "admin" with MS VC++ 17.12 (VS2022)

END.
